1: 6
2: 3
3: 1
4: 2
5: 1
6: 4
7: 2
8: 0
9: 6
10: 5
11: 0
12: 4
13: 3
14: 1
15: 2
16: 2
17: 4
18: 6
19: 4
20: 2
21: 3
22: 5
23: 3
24: 3
25: 2
26: 6
27: 1
28: 1
29: 1
