1: 2
2: 3
3: 3
4: 1
5: 1
6: 2
7: 0
8: 2
9: 1
10: 3
11: 1
12: 0
13: 1
14: 2
15: 0
16: 0
17: 1
18: 2
19: 0
20: 1
21: 3
22: 2
23: 1
24: 2
25: 2
26: 3
27: 1
