1: 1
2: 1
3: 1
4: 0
5: 3
6: 0
7: 2
8: 0
9: 0
10: 1
11: 3
12: 2
13: 0
14: 3
15: 1
16: 0
17: 0
18: 1
19: 0
20: 0
21: 0
22: 1
23: 2
24: 3
25: 3
26: 2
27: 0
28: 1
29: 1
