1: 1
2: 3
3: 3
4: 3
5: 4
6: 2
7: 0
8: 1
9: 1
10: 4
11: 2
12: 5
13: 2
14: 0
15: 6
16: 1
17: 3
18: 0
19: 3
20: 1
21: 7
22: 4
23: 4
24: 0
25: 4
26: 4
27: 3
28: 6
29: 4
