1: 1
2: 1
3: 1
4: 2
5: 0
6: 3
7: 0
8: 0
9: 1
10: 1
11: 0
12: 1
13: 0
14: 1
15: 1
16: 2
17: 4
18: 0
19: 0
20: 1
21: 1
22: 1
23: 0
24: 0
25: 1
26: 1
27: 0
28: 3
