1: 0
2: 1
3: 3
4: 2
5: 3
6: 2
7: 1
8: 2
9: 1
10: 2
11: 1
12: 1
13: 2
14: 1
15: 1
16: 0
17: 2
18: 1
19: 3
20: 0
21: 4
22: 1
23: 1
24: 4
25: 5
26: 0
27: 0
28: 2
