â–ˆâ–ˆâ–ˆâ–ˆâ–ˆâ–ˆâ–ˆâ–ˆ
â–ˆâ–ˆðŸ§™â–‘â–‘â–ˆâ–ˆ
â–ˆâ–ˆâ–‘â–‘â–‘â–‘â–‘â–‘
â–ˆâ–ˆâ–‘â–‘â–‘â–‘â–ˆâ–ˆ
Moving left is impossibru
â–ˆâ–ˆâ–ˆâ–ˆâ–ˆâ–ˆâ–ˆâ–ˆ
â–ˆâ–ˆðŸ§™â–‘â–‘â–ˆâ–ˆ
â–ˆâ–ˆâ–‘â–‘â–‘â–‘â–‘â–‘
â–ˆâ–ˆâ–‘â–‘â–‘â–‘â–ˆâ–ˆ
Moving up is impossibru
â–ˆâ–ˆâ–ˆâ–ˆâ–ˆâ–ˆâ–ˆâ–ˆ
â–ˆâ–ˆðŸ§™â–‘â–‘â–ˆâ–ˆ
â–ˆâ–ˆâ–‘â–‘â–‘â–‘â–‘â–‘
â–ˆâ–ˆâ–‘â–‘â–‘â–‘â–ˆâ–ˆ
Moving up is impossibru
â–ˆâ–ˆâ–ˆâ–ˆâ–ˆâ–ˆâ–ˆâ–ˆ
â–ˆâ–ˆðŸ§™â–‘â–‘â–ˆâ–ˆ
â–ˆâ–ˆâ–‘â–‘â–‘â–‘â–‘â–‘
â–ˆâ–ˆâ–‘â–‘â–‘â–‘â–ˆâ–ˆ
Moving right is successful
â–ˆâ–ˆâ–ˆâ–ˆâ–ˆâ–ˆâ–ˆâ–ˆâ–ˆâ–ˆ
â–ˆâ–ˆâ–‘â–‘ðŸ§™â–ˆâ–ˆâ–ˆâ–ˆ
â–ˆâ–ˆâ–‘â–‘â–‘â–‘â–‘â–‘â–‘â–‘
â–ˆâ–ˆâ–‘â–‘â–‘â–‘â–ˆâ–ˆâ–‘â–‘
Moving down is successful
â–ˆâ–ˆâ–ˆâ–ˆâ–ˆâ–ˆâ–ˆâ–ˆâ–ˆâ–ˆ
â–ˆâ–ˆâ–‘â–‘â–‘â–‘â–ˆâ–ˆâ–ˆâ–ˆ
â–ˆâ–ˆâ–‘â–‘ðŸ§™â–‘â–‘â–‘â–‘
â–ˆâ–ˆâ–‘â–‘â–‘â–‘â–ˆâ–ˆâ–‘â–‘
â–ˆâ–ˆâ–ˆâ–ˆâ–ˆâ–ˆâ–ˆâ–ˆâ–‘â–‘
Moving up is successful
â–ˆâ–ˆâ–ˆâ–ˆâ–ˆâ–ˆâ–ˆâ–ˆâ–ˆâ–ˆ
â–ˆâ–ˆâ–‘â–‘ðŸ§™â–ˆâ–ˆâ–ˆâ–ˆ
â–ˆâ–ˆâ–‘â–‘â–‘â–‘â–‘â–‘â–‘â–‘
â–ˆâ–ˆâ–‘â–‘â–‘â–‘â–ˆâ–ˆâ–‘â–‘
Moving down is successful
â–ˆâ–ˆâ–ˆâ–ˆâ–ˆâ–ˆâ–ˆâ–ˆâ–ˆâ–ˆ
â–ˆâ–ˆâ–‘â–‘â–‘â–‘â–ˆâ–ˆâ–ˆâ–ˆ
â–ˆâ–ˆâ–‘â–‘ðŸ§™â–‘â–‘â–‘â–‘
â–ˆâ–ˆâ–‘â–‘â–‘â–‘â–ˆâ–ˆâ–‘â–‘
â–ˆâ–ˆâ–ˆâ–ˆâ–ˆâ–ˆâ–ˆâ–ˆâ–‘â–‘
Moving down is successful
The wizard stepped on a mine and died.
â–ˆâ–ˆâ–‘â–‘â–‘â–‘â–ˆâ–ˆâ–ˆâ–ˆ
â–ˆâ–ˆâ–‘â–‘â–‘â–‘â–‘â–‘â–‘â–‘
â–ˆâ–ˆâ–‘â–‘ðŸ’€â–ˆâ–ˆâ–‘â–‘
â–ˆâ–ˆâ–ˆâ–ˆâ–ˆâ–ˆâ–ˆâ–ˆâ–‘â–‘
â–ˆâ–ˆâ–‘â–‘â–‘â–‘â–‘â–‘â–‘â–‘
