‚ñà‚ñà‚ñà‚ñà‚ñà‚ñà‚ñà‚ñà‚ñà‚ñà‚ñà‚ñà‚ñà‚ñà‚ñà‚ñà‚ñà‚ñà‚ñà‚ñà‚ñà‚ñà‚ñà‚ñà‚ñà‚ñà‚ñà‚ñà
‚ñà‚ñàüßô‚Äç‚ñë‚ñë‚ñë‚ñë‚ñë‚ñë‚ñë‚ñë‚ñë‚ñë‚ñà‚ñà‚ñà‚ñà‚ñà‚ñà‚ñà‚ñà‚ñà‚ñà‚ñà‚ñà‚ñà‚ñà
‚ñà‚ñà‚ñë‚ñë‚ñë‚ñë‚ñë‚ñë‚ñë‚ñë‚ñë‚ñë‚ñë‚ñë‚ñà‚ñà‚ñà‚ñà‚ñà‚ñà‚ñë‚ñë‚ñë‚ñë‚ñë‚ñë‚ñà‚ñà
‚ñà‚ñà‚ñë‚ñë‚ñë‚ñë‚ñà‚ñà‚ñà‚ñà‚ñà‚ñà‚ñà‚ñà‚ñà‚ñà‚ñà‚ñà‚ñà‚ñà‚ñë‚ñë‚ñà‚ñà‚ñë‚ñë‚ñà‚ñà
‚ñà‚ñà‚ñë‚ñë‚ñë‚ñë‚ñà‚ñà‚ñë‚ñë‚ñë‚ñë‚ñë‚ñë‚ñë‚ñë‚ñë‚ñë‚ñà‚ñà‚ñë‚ñë‚ñà‚ñà‚ñë‚ñë‚ñà‚ñà
‚ñà‚ñà‚ñë‚ñë‚ñë‚ñë‚ñë‚ñë‚ñë‚ñë‚ñë‚ñë‚ñë‚ñë‚ñà‚ñà‚ñë‚ñë‚ñà‚ñà‚ñë‚ñë‚ñà‚ñà‚ñë‚ñë‚ñà‚ñà
‚ñà‚ñà‚ñà‚ñà‚ñà‚ñà‚ñà‚ñà‚ñà‚ñà‚ñë‚ñë‚ñë‚ñë‚ñà‚ñà‚ñë‚ñë‚ñà‚ñà‚ñë‚ñë‚ñà‚ñà‚ñë‚ñë‚ñà‚ñà
‚ñà‚ñà‚ñë‚ñë‚ñë‚ñë‚ñë‚ñë‚ñë‚ñë‚ñë‚ñë‚ñë‚ñë‚ñà‚ñà‚ñë‚ñë‚ñë‚ñë‚ñë‚ñë‚ñà‚ñà‚ñë‚ñë‚ñà‚ñà
‚ñà‚ñà‚ñà‚ñà‚ñà‚ñà‚ñà‚ñà‚ñà‚ñà‚ñà‚ñà‚ñà‚ñà‚ñà‚ñà‚ñà‚ñà‚ñà‚ñà‚ñà‚ñà‚ñà‚ñà‚ñà‚ñà‚ñà‚ñà
Moving right is successful
‚ñà‚ñà‚ñà‚ñà‚ñà‚ñà‚ñà‚ñà‚ñà‚ñà‚ñà‚ñà‚ñà‚ñà‚ñà‚ñà‚ñà‚ñà‚ñà‚ñà‚ñà‚ñà‚ñà‚ñà‚ñà‚ñà‚ñà‚ñà
‚ñà‚ñà‚ñë‚ñëüßô‚Äç‚ñë‚ñë‚ñë‚ñë‚ñë‚ñë‚ñë‚ñë‚ñà‚ñà‚ñà‚ñà‚ñà‚ñà‚ñà‚ñà‚ñà‚ñà‚ñà‚ñà‚ñà‚ñà
‚ñà‚ñà‚ñë‚ñë‚ñë‚ñë‚ñë‚ñë‚ñë‚ñë‚ñë‚ñë‚ñë‚ñë‚ñà‚ñà‚ñà‚ñà‚ñà‚ñà‚ñë‚ñë‚ñë‚ñë‚ñë‚ñë‚ñà‚ñà
‚ñà‚ñà‚ñë‚ñë‚ñë‚ñë‚ñà‚ñà‚ñà‚ñà‚ñà‚ñà‚ñà‚ñà‚ñà‚ñà‚ñà‚ñà‚ñà‚ñà‚ñë‚ñë‚ñà‚ñà‚ñë‚ñë‚ñà‚ñà
‚ñà‚ñà‚ñë‚ñë‚ñë‚ñë‚ñà‚ñà‚ñë‚ñë‚ñë‚ñë‚ñë‚ñë‚ñë‚ñë‚ñë‚ñë‚ñà‚ñà‚ñë‚ñë‚ñà‚ñà‚ñë‚ñë‚ñà‚ñà
‚ñà‚ñà‚ñë‚ñë‚ñë‚ñë‚ñë‚ñë‚ñë‚ñë‚ñë‚ñë‚ñë‚ñë‚ñà‚ñà‚ñë‚ñë‚ñà‚ñà‚ñë‚ñë‚ñà‚ñà‚ñë‚ñë‚ñà‚ñà
‚ñà‚ñà‚ñà‚ñà‚ñà‚ñà‚ñà‚ñà‚ñà‚ñà‚ñë‚ñë‚ñë‚ñë‚ñà‚ñà‚ñë‚ñë‚ñà‚ñà‚ñë‚ñë‚ñà‚ñà‚ñë‚ñë‚ñà‚ñà
‚ñà‚ñà‚ñë‚ñë‚ñë‚ñë‚ñë‚ñë‚ñë‚ñë‚ñë‚ñë‚ñë‚ñë‚ñà‚ñà‚ñë‚ñë‚ñë‚ñë‚ñë‚ñë‚ñà‚ñà‚ñë‚ñë‚ñà‚ñà
‚ñà‚ñà‚ñà‚ñà‚ñà‚ñà‚ñà‚ñà‚ñà‚ñà‚ñà‚ñà‚ñà‚ñà‚ñà‚ñà‚ñà‚ñà‚ñà‚ñà‚ñà‚ñà‚ñà‚ñà‚ñà‚ñà‚ñà‚ñà
Moving down is successful
‚ñà‚ñà‚ñà‚ñà‚ñà‚ñà‚ñà‚ñà‚ñà‚ñà‚ñà‚ñà‚ñà‚ñà‚ñà‚ñà‚ñà‚ñà‚ñà‚ñà‚ñà‚ñà‚ñà‚ñà‚ñà‚ñà‚ñà‚ñà
‚ñà‚ñà‚ñë‚ñë‚ñë‚ñë‚ñë‚ñë‚ñë‚ñë‚ñë‚ñë‚ñë‚ñë‚ñà‚ñà‚ñà‚ñà‚ñà‚ñà‚ñà‚ñà‚ñà‚ñà‚ñà‚ñà‚ñà‚ñà
‚ñà‚ñà‚ñë‚ñëüßô‚Äç‚ñë‚ñë‚ñë‚ñë‚ñë‚ñë‚ñë‚ñë‚ñà‚ñà‚ñà‚ñà‚ñà‚ñà‚ñë‚ñë‚ñë‚ñë‚ñë‚ñë‚ñà‚ñà
‚ñà‚ñà‚ñë‚ñë‚ñë‚ñë‚ñà‚ñà‚ñà‚ñà‚ñà‚ñà‚ñà‚ñà‚ñà‚ñà‚ñà‚ñà‚ñà‚ñà‚ñë‚ñë‚ñà‚ñà‚ñë‚ñë‚ñà‚ñà
‚ñà‚ñà‚ñë‚ñë‚ñë‚ñë‚ñà‚ñà‚ñë‚ñë‚ñë‚ñë‚ñë‚ñë‚ñë‚ñë‚ñë‚ñë‚ñà‚ñà‚ñë‚ñë‚ñà‚ñà‚ñë‚ñë‚ñà‚ñà
‚ñà‚ñà‚ñë‚ñë‚ñë‚ñë‚ñë‚ñë‚ñë‚ñë‚ñë‚ñë‚ñë‚ñë‚ñà‚ñà‚ñë‚ñë‚ñà‚ñà‚ñë‚ñë‚ñà‚ñà‚ñë‚ñë‚ñà‚ñà
‚ñà‚ñà‚ñà‚ñà‚ñà‚ñà‚ñà‚ñà‚ñà‚ñà‚ñë‚ñë‚ñë‚ñë‚ñà‚ñà‚ñë‚ñë‚ñà‚ñà‚ñë‚ñë‚ñà‚ñà‚ñë‚ñë‚ñà‚ñà
‚ñà‚ñà‚ñë‚ñë‚ñë‚ñë‚ñë‚ñë‚ñë‚ñë‚ñë‚ñë‚ñë‚ñë‚ñà‚ñà‚ñë‚ñë‚ñë‚ñë‚ñë‚ñë‚ñà‚ñà‚ñë‚ñë‚ñà‚ñà
‚ñà‚ñà‚ñà‚ñà‚ñà‚ñà‚ñà‚ñà‚ñà‚ñà‚ñà‚ñà‚ñà‚ñà‚ñà‚ñà‚ñà‚ñà‚ñà‚ñà‚ñà‚ñà‚ñà‚ñà‚ñà‚ñà‚ñà‚ñà
Moving left is successful
‚ñà‚ñà‚ñà‚ñà‚ñà‚ñà‚ñà‚ñà‚ñà‚ñà‚ñà‚ñà‚ñà‚ñà‚ñà‚ñà‚ñà‚ñà‚ñà‚ñà‚ñà‚ñà‚ñà‚ñà‚ñà‚ñà‚ñà‚ñà
‚ñà‚ñà‚ñë‚ñë‚ñë‚ñë‚ñë‚ñë‚ñë‚ñë‚ñë‚ñë‚ñë‚ñë‚ñà‚ñà‚ñà‚ñà‚ñà‚ñà‚ñà‚ñà‚ñà‚ñà‚ñà‚ñà‚ñà‚ñà
‚ñà‚ñàüßô‚Äç‚ñë‚ñë‚ñë‚ñë‚ñë‚ñë‚ñë‚ñë‚ñë‚ñë‚ñà‚ñà‚ñà‚ñà‚ñà‚ñà‚ñë‚ñë‚ñë‚ñë‚ñë‚ñë‚ñà‚ñà
‚ñà‚ñà‚ñë‚ñë‚ñë‚ñë‚ñà‚ñà‚ñà‚ñà‚ñà‚ñà‚ñà‚ñà‚ñà‚ñà‚ñà‚ñà‚ñà‚ñà‚ñë‚ñë‚ñà‚ñà‚ñë‚ñë‚ñà‚ñà
‚ñà‚ñà‚ñë‚ñë‚ñë‚ñë‚ñà‚ñà‚ñë‚ñë‚ñë‚ñë‚ñë‚ñë‚ñë‚ñë‚ñë‚ñë‚ñà‚ñà‚ñë‚ñë‚ñà‚ñà‚ñë‚ñë‚ñà‚ñà
‚ñà‚ñà‚ñë‚ñë‚ñë‚ñë‚ñë‚ñë‚ñë‚ñë‚ñë‚ñë‚ñë‚ñë‚ñà‚ñà‚ñë‚ñë‚ñà‚ñà‚ñë‚ñë‚ñà‚ñà‚ñë‚ñë‚ñà‚ñà
‚ñà‚ñà‚ñà‚ñà‚ñà‚ñà‚ñà‚ñà‚ñà‚ñà‚ñë‚ñë‚ñë‚ñë‚ñà‚ñà‚ñë‚ñë‚ñà‚ñà‚ñë‚ñë‚ñà‚ñà‚ñë‚ñë‚ñà‚ñà
‚ñà‚ñà‚ñë‚ñë‚ñë‚ñë‚ñë‚ñë‚ñë‚ñë‚ñë‚ñë‚ñë‚ñë‚ñà‚ñà‚ñë‚ñë‚ñë‚ñë‚ñë‚ñë‚ñà‚ñà‚ñë‚ñë‚ñà‚ñà
‚ñà‚ñà‚ñà‚ñà‚ñà‚ñà‚ñà‚ñà‚ñà‚ñà‚ñà‚ñà‚ñà‚ñà‚ñà‚ñà‚ñà‚ñà‚ñà‚ñà‚ñà‚ñà‚ñà‚ñà‚ñà‚ñà‚ñà‚ñà
Moving down is successful
‚ñà‚ñà‚ñà‚ñà‚ñà‚ñà‚ñà‚ñà‚ñà‚ñà‚ñà‚ñà‚ñà‚ñà‚ñà‚ñà‚ñà‚ñà‚ñà‚ñà‚ñà‚ñà‚ñà‚ñà‚ñà‚ñà‚ñà‚ñà
‚ñà‚ñà‚ñë‚ñë‚ñë‚ñë‚ñë‚ñë‚ñë‚ñë‚ñë‚ñë‚ñë‚ñë‚ñà‚ñà‚ñà‚ñà‚ñà‚ñà‚ñà‚ñà‚ñà‚ñà‚ñà‚ñà‚ñà‚ñà
‚ñà‚ñà‚ñë‚ñë‚ñë‚ñë‚ñë‚ñë‚ñë‚ñë‚ñë‚ñë‚ñë‚ñë‚ñà‚ñà‚ñà‚ñà‚ñà‚ñà‚ñë‚ñë‚ñë‚ñë‚ñë‚ñë‚ñà‚ñà
‚ñà‚ñàüßô‚Äç‚ñë‚ñë‚ñà‚ñà‚ñà‚ñà‚ñà‚ñà‚ñà‚ñà‚ñà‚ñà‚ñà‚ñà‚ñà‚ñà‚ñë‚ñë‚ñà‚ñà‚ñë‚ñë‚ñà‚ñà
‚ñà‚ñà‚ñë‚ñë‚ñë‚ñë‚ñà‚ñà‚ñë‚ñë‚ñë‚ñë‚ñë‚ñë‚ñë‚ñë‚ñë‚ñë‚ñà‚ñà‚ñë‚ñë‚ñà‚ñà‚ñë‚ñë‚ñà‚ñà
‚ñà‚ñà‚ñë‚ñë‚ñë‚ñë‚ñë‚ñë‚ñë‚ñë‚ñë‚ñë‚ñë‚ñë‚ñà‚ñà‚ñë‚ñë‚ñà‚ñà‚ñë‚ñë‚ñà‚ñà‚ñë‚ñë‚ñà‚ñà
‚ñà‚ñà‚ñà‚ñà‚ñà‚ñà‚ñà‚ñà‚ñà‚ñà‚ñë‚ñë‚ñë‚ñë‚ñà‚ñà‚ñë‚ñë‚ñà‚ñà‚ñë‚ñë‚ñà‚ñà‚ñë‚ñë‚ñà‚ñà
‚ñà‚ñà‚ñë‚ñë‚ñë‚ñë‚ñë‚ñë‚ñë‚ñë‚ñë‚ñë‚ñë‚ñë‚ñà‚ñà‚ñë‚ñë‚ñë‚ñë‚ñë‚ñë‚ñà‚ñà‚ñë‚ñë‚ñà‚ñà
‚ñà‚ñà‚ñà‚ñà‚ñà‚ñà‚ñà‚ñà‚ñà‚ñà‚ñà‚ñà‚ñà‚ñà‚ñà‚ñà‚ñà‚ñà‚ñà‚ñà‚ñà‚ñà‚ñà‚ñà‚ñà‚ñà‚ñà‚ñà
Moving down is successful
‚ñà‚ñà‚ñà‚ñà‚ñà‚ñà‚ñà‚ñà‚ñà‚ñà‚ñà‚ñà‚ñà‚ñà‚ñà‚ñà‚ñà‚ñà‚ñà‚ñà‚ñà‚ñà‚ñà‚ñà‚ñà‚ñà‚ñà‚ñà
‚ñà‚ñà‚ñë‚ñë‚ñë‚ñë‚ñë‚ñë‚ñë‚ñë‚ñë‚ñë‚ñë‚ñë‚ñà‚ñà‚ñà‚ñà‚ñà‚ñà‚ñà‚ñà‚ñà‚ñà‚ñà‚ñà‚ñà‚ñà
‚ñà‚ñà‚ñë‚ñë‚ñë‚ñë‚ñë‚ñë‚ñë‚ñë‚ñë‚ñë‚ñë‚ñë‚ñà‚ñà‚ñà‚ñà‚ñà‚ñà‚ñë‚ñë‚ñë‚ñë‚ñë‚ñë‚ñà‚ñà
‚ñà‚ñà‚ñë‚ñë‚ñë‚ñë‚ñà‚ñà‚ñà‚ñà‚ñà‚ñà‚ñà‚ñà‚ñà‚ñà‚ñà‚ñà‚ñà‚ñà‚ñë‚ñë‚ñà‚ñà‚ñë‚ñë‚ñà‚ñà
‚ñà‚ñàüßô‚Äç‚ñë‚ñë‚ñà‚ñà‚ñë‚ñë‚ñë‚ñë‚ñë‚ñë‚ñë‚ñë‚ñë‚ñë‚ñà‚ñà‚ñë‚ñë‚ñà‚ñà‚ñë‚ñë‚ñà‚ñà
‚ñà‚ñà‚ñë‚ñë‚ñë‚ñë‚ñë‚ñë‚ñë‚ñë‚ñë‚ñë‚ñë‚ñë‚ñà‚ñà‚ñë‚ñë‚ñà‚ñà‚ñë‚ñë‚ñà‚ñà‚ñë‚ñë‚ñà‚ñà
‚ñà‚ñà‚ñà‚ñà‚ñà‚ñà‚ñà‚ñà‚ñà‚ñà‚ñë‚ñë‚ñë‚ñë‚ñà‚ñà‚ñë‚ñë‚ñà‚ñà‚ñë‚ñë‚ñà‚ñà‚ñë‚ñë‚ñà‚ñà
‚ñà‚ñà‚ñë‚ñë‚ñë‚ñë‚ñë‚ñë‚ñë‚ñë‚ñë‚ñë‚ñë‚ñë‚ñà‚ñà‚ñë‚ñë‚ñë‚ñë‚ñë‚ñë‚ñà‚ñà‚ñë‚ñë‚ñà‚ñà
‚ñà‚ñà‚ñà‚ñà‚ñà‚ñà‚ñà‚ñà‚ñà‚ñà‚ñà‚ñà‚ñà‚ñà‚ñà‚ñà‚ñà‚ñà‚ñà‚ñà‚ñà‚ñà‚ñà‚ñà‚ñà‚ñà‚ñà‚ñà
Moving right is successful
‚ñà‚ñà‚ñà‚ñà‚ñà‚ñà‚ñà‚ñà‚ñà‚ñà‚ñà‚ñà‚ñà‚ñà‚ñà‚ñà‚ñà‚ñà‚ñà‚ñà‚ñà‚ñà‚ñà‚ñà‚ñà‚ñà‚ñà‚ñà
‚ñà‚ñà‚ñë‚ñë‚ñë‚ñë‚ñë‚ñë‚ñë‚ñë‚ñë‚ñë‚ñë‚ñë‚ñà‚ñà‚ñà‚ñà‚ñà‚ñà‚ñà‚ñà‚ñà‚ñà‚ñà‚ñà‚ñà‚ñà
‚ñà‚ñà‚ñë‚ñë‚ñë‚ñë‚ñë‚ñë‚ñë‚ñë‚ñë‚ñë‚ñë‚ñë‚ñà‚ñà‚ñà‚ñà‚ñà‚ñà‚ñë‚ñë‚ñë‚ñë‚ñë‚ñë‚ñà‚ñà
‚ñà‚ñà‚ñë‚ñë‚ñë‚ñë‚ñà‚ñà‚ñà‚ñà‚ñà‚ñà‚ñà‚ñà‚ñà‚ñà‚ñà‚ñà‚ñà‚ñà‚ñë‚ñë‚ñà‚ñà‚ñë‚ñë‚ñà‚ñà
‚ñà‚ñà‚ñë‚ñëüßô‚Äç‚ñà‚ñà‚ñë‚ñë‚ñë‚ñë‚ñë‚ñë‚ñë‚ñë‚ñë‚ñë‚ñà‚ñà‚ñë‚ñë‚ñà‚ñà‚ñë‚ñë‚ñà‚ñà
‚ñà‚ñà‚ñë‚ñë‚ñë‚ñë‚ñë‚ñë‚ñë‚ñë‚ñë‚ñë‚ñë‚ñë‚ñà‚ñà‚ñë‚ñë‚ñà‚ñà‚ñë‚ñë‚ñà‚ñà‚ñë‚ñë‚ñà‚ñà
‚ñà‚ñà‚ñà‚ñà‚ñà‚ñà‚ñà‚ñà‚ñà‚ñà‚ñë‚ñë‚ñë‚ñë‚ñà‚ñà‚ñë‚ñë‚ñà‚ñà‚ñë‚ñë‚ñà‚ñà‚ñë‚ñë‚ñà‚ñà
‚ñà‚ñà‚ñë‚ñë‚ñë‚ñë‚ñë‚ñë‚ñë‚ñë‚ñë‚ñë‚ñë‚ñë‚ñà‚ñà‚ñë‚ñë‚ñë‚ñë‚ñë‚ñë‚ñà‚ñà‚ñë‚ñë‚ñà‚ñà
‚ñà‚ñà‚ñà‚ñà‚ñà‚ñà‚ñà‚ñà‚ñà‚ñà‚ñà‚ñà‚ñà‚ñà‚ñà‚ñà‚ñà‚ñà‚ñà‚ñà‚ñà‚ñà‚ñà‚ñà‚ñà‚ñà‚ñà‚ñà
Moving right is impossibru
‚ñà‚ñà‚ñà‚ñà‚ñà‚ñà‚ñà‚ñà‚ñà‚ñà‚ñà‚ñà‚ñà‚ñà‚ñà‚ñà‚ñà‚ñà‚ñà‚ñà‚ñà‚ñà‚ñà‚ñà‚ñà‚ñà‚ñà‚ñà
‚ñà‚ñà‚ñë‚ñë‚ñë‚ñë‚ñë‚ñë‚ñë‚ñë‚ñë‚ñë‚ñë‚ñë‚ñà‚ñà‚ñà‚ñà‚ñà‚ñà‚ñà‚ñà‚ñà‚ñà‚ñà‚ñà‚ñà‚ñà
‚ñà‚ñà‚ñë‚ñë‚ñë‚ñë‚ñë‚ñë‚ñë‚ñë‚ñë‚ñë‚ñë‚ñë‚ñà‚ñà‚ñà‚ñà‚ñà‚ñà‚ñë‚ñë‚ñë‚ñë‚ñë‚ñë‚ñà‚ñà
‚ñà‚ñà‚ñë‚ñë‚ñë‚ñë‚ñà‚ñà‚ñà‚ñà‚ñà‚ñà‚ñà‚ñà‚ñà‚ñà‚ñà‚ñà‚ñà‚ñà‚ñë‚ñë‚ñà‚ñà‚ñë‚ñë‚ñà‚ñà
‚ñà‚ñà‚ñë‚ñëüßô‚Äç‚ñà‚ñà‚ñë‚ñë‚ñë‚ñë‚ñë‚ñë‚ñë‚ñë‚ñë‚ñë‚ñà‚ñà‚ñë‚ñë‚ñà‚ñà‚ñë‚ñë‚ñà‚ñà
‚ñà‚ñà‚ñë‚ñë‚ñë‚ñë‚ñë‚ñë‚ñë‚ñë‚ñë‚ñë‚ñë‚ñë‚ñà‚ñà‚ñë‚ñë‚ñà‚ñà‚ñë‚ñë‚ñà‚ñà‚ñë‚ñë‚ñà‚ñà
‚ñà‚ñà‚ñà‚ñà‚ñà‚ñà‚ñà‚ñà‚ñà‚ñà‚ñë‚ñë‚ñë‚ñë‚ñà‚ñà‚ñë‚ñë‚ñà‚ñà‚ñë‚ñë‚ñà‚ñà‚ñë‚ñë‚ñà‚ñà
‚ñà‚ñà‚ñë‚ñë‚ñë‚ñë‚ñë‚ñë‚ñë‚ñë‚ñë‚ñë‚ñë‚ñë‚ñà‚ñà‚ñë‚ñë‚ñë‚ñë‚ñë‚ñë‚ñà‚ñà‚ñë‚ñë‚ñà‚ñà
‚ñà‚ñà‚ñà‚ñà‚ñà‚ñà‚ñà‚ñà‚ñà‚ñà‚ñà‚ñà‚ñà‚ñà‚ñà‚ñà‚ñà‚ñà‚ñà‚ñà‚ñà‚ñà‚ñà‚ñà‚ñà‚ñà‚ñà‚ñà
Moving down is successful
‚ñà‚ñà‚ñà‚ñà‚ñà‚ñà‚ñà‚ñà‚ñà‚ñà‚ñà‚ñà‚ñà‚ñà‚ñà‚ñà‚ñà‚ñà‚ñà‚ñà‚ñà‚ñà‚ñà‚ñà‚ñà‚ñà‚ñà‚ñà
‚ñà‚ñà‚ñë‚ñë‚ñë‚ñë‚ñë‚ñë‚ñë‚ñë‚ñë‚ñë‚ñë‚ñë‚ñà‚ñà‚ñà‚ñà‚ñà‚ñà‚ñà‚ñà‚ñà‚ñà‚ñà‚ñà‚ñà‚ñà
‚ñà‚ñà‚ñë‚ñë‚ñë‚ñë‚ñë‚ñë‚ñë‚ñë‚ñë‚ñë‚ñë‚ñë‚ñà‚ñà‚ñà‚ñà‚ñà‚ñà‚ñë‚ñë‚ñë‚ñë‚ñë‚ñë‚ñà‚ñà
‚ñà‚ñà‚ñë‚ñë‚ñë‚ñë‚ñà‚ñà‚ñà‚ñà‚ñà‚ñà‚ñà‚ñà‚ñà‚ñà‚ñà‚ñà‚ñà‚ñà‚ñë‚ñë‚ñà‚ñà‚ñë‚ñë‚ñà‚ñà
‚ñà‚ñà‚ñë‚ñë‚ñë‚ñë‚ñà‚ñà‚ñë‚ñë‚ñë‚ñë‚ñë‚ñë‚ñë‚ñë‚ñë‚ñë‚ñà‚ñà‚ñë‚ñë‚ñà‚ñà‚ñë‚ñë‚ñà‚ñà
‚ñà‚ñà‚ñë‚ñëüßô‚Äç‚ñë‚ñë‚ñë‚ñë‚ñë‚ñë‚ñë‚ñë‚ñà‚ñà‚ñë‚ñë‚ñà‚ñà‚ñë‚ñë‚ñà‚ñà‚ñë‚ñë‚ñà‚ñà
‚ñà‚ñà‚ñà‚ñà‚ñà‚ñà‚ñà‚ñà‚ñà‚ñà‚ñë‚ñë‚ñë‚ñë‚ñà‚ñà‚ñë‚ñë‚ñà‚ñà‚ñë‚ñë‚ñà‚ñà‚ñë‚ñë‚ñà‚ñà
‚ñà‚ñà‚ñë‚ñë‚ñë‚ñë‚ñë‚ñë‚ñë‚ñë‚ñë‚ñë‚ñë‚ñë‚ñà‚ñà‚ñë‚ñë‚ñë‚ñë‚ñë‚ñë‚ñà‚ñà‚ñë‚ñë‚ñà‚ñà
‚ñà‚ñà‚ñà‚ñà‚ñà‚ñà‚ñà‚ñà‚ñà‚ñà‚ñà‚ñà‚ñà‚ñà‚ñà‚ñà‚ñà‚ñà‚ñà‚ñà‚ñà‚ñà‚ñà‚ñà‚ñà‚ñà‚ñà‚ñà
Moving left is successful
‚ñà‚ñà‚ñà‚ñà‚ñà‚ñà‚ñà‚ñà‚ñà‚ñà‚ñà‚ñà‚ñà‚ñà‚ñà‚ñà‚ñà‚ñà‚ñà‚ñà‚ñà‚ñà‚ñà‚ñà‚ñà‚ñà‚ñà‚ñà
‚ñà‚ñà‚ñë‚ñë‚ñë‚ñë‚ñë‚ñë‚ñë‚ñë‚ñë‚ñë‚ñë‚ñë‚ñà‚ñà‚ñà‚ñà‚ñà‚ñà‚ñà‚ñà‚ñà‚ñà‚ñà‚ñà‚ñà‚ñà
‚ñà‚ñà‚ñë‚ñë‚ñë‚ñë‚ñë‚ñë‚ñë‚ñë‚ñë‚ñë‚ñë‚ñë‚ñà‚ñà‚ñà‚ñà‚ñà‚ñà‚ñë‚ñë‚ñë‚ñë‚ñë‚ñë‚ñà‚ñà
‚ñà‚ñà‚ñë‚ñë‚ñë‚ñë‚ñà‚ñà‚ñà‚ñà‚ñà‚ñà‚ñà‚ñà‚ñà‚ñà‚ñà‚ñà‚ñà‚ñà‚ñë‚ñë‚ñà‚ñà‚ñë‚ñë‚ñà‚ñà
‚ñà‚ñà‚ñë‚ñë‚ñë‚ñë‚ñà‚ñà‚ñë‚ñë‚ñë‚ñë‚ñë‚ñë‚ñë‚ñë‚ñë‚ñë‚ñà‚ñà‚ñë‚ñë‚ñà‚ñà‚ñë‚ñë‚ñà‚ñà
‚ñà‚ñàüßô‚Äç‚ñë‚ñë‚ñë‚ñë‚ñë‚ñë‚ñë‚ñë‚ñë‚ñë‚ñà‚ñà‚ñë‚ñë‚ñà‚ñà‚ñë‚ñë‚ñà‚ñà‚ñë‚ñë‚ñà‚ñà
‚ñà‚ñà‚ñà‚ñà‚ñà‚ñà‚ñà‚ñà‚ñà‚ñà‚ñë‚ñë‚ñë‚ñë‚ñà‚ñà‚ñë‚ñë‚ñà‚ñà‚ñë‚ñë‚ñà‚ñà‚ñë‚ñë‚ñà‚ñà
‚ñà‚ñà‚ñë‚ñë‚ñë‚ñë‚ñë‚ñë‚ñë‚ñë‚ñë‚ñë‚ñë‚ñë‚ñà‚ñà‚ñë‚ñë‚ñë‚ñë‚ñë‚ñë‚ñà‚ñà‚ñë‚ñë‚ñà‚ñà
‚ñà‚ñà‚ñà‚ñà‚ñà‚ñà‚ñà‚ñà‚ñà‚ñà‚ñà‚ñà‚ñà‚ñà‚ñà‚ñà‚ñà‚ñà‚ñà‚ñà‚ñà‚ñà‚ñà‚ñà‚ñà‚ñà‚ñà‚ñà
Moving left is impossibru
‚ñà‚ñà‚ñà‚ñà‚ñà‚ñà‚ñà‚ñà‚ñà‚ñà‚ñà‚ñà‚ñà‚ñà‚ñà‚ñà‚ñà‚ñà‚ñà‚ñà‚ñà‚ñà‚ñà‚ñà‚ñà‚ñà‚ñà‚ñà
‚ñà‚ñà‚ñë‚ñë‚ñë‚ñë‚ñë‚ñë‚ñë‚ñë‚ñë‚ñë‚ñë‚ñë‚ñà‚ñà‚ñà‚ñà‚ñà‚ñà‚ñà‚ñà‚ñà‚ñà‚ñà‚ñà‚ñà‚ñà
‚ñà‚ñà‚ñë‚ñë‚ñë‚ñë‚ñë‚ñë‚ñë‚ñë‚ñë‚ñë‚ñë‚ñë‚ñà‚ñà‚ñà‚ñà‚ñà‚ñà‚ñë‚ñë‚ñë‚ñë‚ñë‚ñë‚ñà‚ñà
‚ñà‚ñà‚ñë‚ñë‚ñë‚ñë‚ñà‚ñà‚ñà‚ñà‚ñà‚ñà‚ñà‚ñà‚ñà‚ñà‚ñà‚ñà‚ñà‚ñà‚ñë‚ñë‚ñà‚ñà‚ñë‚ñë‚ñà‚ñà
‚ñà‚ñà‚ñë‚ñë‚ñë‚ñë‚ñà‚ñà‚ñë‚ñë‚ñë‚ñë‚ñë‚ñë‚ñë‚ñë‚ñë‚ñë‚ñà‚ñà‚ñë‚ñë‚ñà‚ñà‚ñë‚ñë‚ñà‚ñà
‚ñà‚ñàüßô‚Äç‚ñë‚ñë‚ñë‚ñë‚ñë‚ñë‚ñë‚ñë‚ñë‚ñë‚ñà‚ñà‚ñë‚ñë‚ñà‚ñà‚ñë‚ñë‚ñà‚ñà‚ñë‚ñë‚ñà‚ñà
‚ñà‚ñà‚ñà‚ñà‚ñà‚ñà‚ñà‚ñà‚ñà‚ñà‚ñë‚ñë‚ñë‚ñë‚ñà‚ñà‚ñë‚ñë‚ñà‚ñà‚ñë‚ñë‚ñà‚ñà‚ñë‚ñë‚ñà‚ñà
‚ñà‚ñà‚ñë‚ñë‚ñë‚ñë‚ñë‚ñë‚ñë‚ñë‚ñë‚ñë‚ñë‚ñë‚ñà‚ñà‚ñë‚ñë‚ñë‚ñë‚ñë‚ñë‚ñà‚ñà‚ñë‚ñë‚ñà‚ñà
‚ñà‚ñà‚ñà‚ñà‚ñà‚ñà‚ñà‚ñà‚ñà‚ñà‚ñà‚ñà‚ñà‚ñà‚ñà‚ñà‚ñà‚ñà‚ñà‚ñà‚ñà‚ñà‚ñà‚ñà‚ñà‚ñà‚ñà‚ñà
Moving right is successful
‚ñà‚ñà‚ñà‚ñà‚ñà‚ñà‚ñà‚ñà‚ñà‚ñà‚ñà‚ñà‚ñà‚ñà‚ñà‚ñà‚ñà‚ñà‚ñà‚ñà‚ñà‚ñà‚ñà‚ñà‚ñà‚ñà‚ñà‚ñà
‚ñà‚ñà‚ñë‚ñë‚ñë‚ñë‚ñë‚ñë‚ñë‚ñë‚ñë‚ñë‚ñë‚ñë‚ñà‚ñà‚ñà‚ñà‚ñà‚ñà‚ñà‚ñà‚ñà‚ñà‚ñà‚ñà‚ñà‚ñà
‚ñà‚ñà‚ñë‚ñë‚ñë‚ñë‚ñë‚ñë‚ñë‚ñë‚ñë‚ñë‚ñë‚ñë‚ñà‚ñà‚ñà‚ñà‚ñà‚ñà‚ñë‚ñë‚ñë‚ñë‚ñë‚ñë‚ñà‚ñà
‚ñà‚ñà‚ñë‚ñë‚ñë‚ñë‚ñà‚ñà‚ñà‚ñà‚ñà‚ñà‚ñà‚ñà‚ñà‚ñà‚ñà‚ñà‚ñà‚ñà‚ñë‚ñë‚ñà‚ñà‚ñë‚ñë‚ñà‚ñà
‚ñà‚ñà‚ñë‚ñë‚ñë‚ñë‚ñà‚ñà‚ñë‚ñë‚ñë‚ñë‚ñë‚ñë‚ñë‚ñë‚ñë‚ñë‚ñà‚ñà‚ñë‚ñë‚ñà‚ñà‚ñë‚ñë‚ñà‚ñà
‚ñà‚ñà‚ñë‚ñëüßô‚Äç‚ñë‚ñë‚ñë‚ñë‚ñë‚ñë‚ñë‚ñë‚ñà‚ñà‚ñë‚ñë‚ñà‚ñà‚ñë‚ñë‚ñà‚ñà‚ñë‚ñë‚ñà‚ñà
‚ñà‚ñà‚ñà‚ñà‚ñà‚ñà‚ñà‚ñà‚ñà‚ñà‚ñë‚ñë‚ñë‚ñë‚ñà‚ñà‚ñë‚ñë‚ñà‚ñà‚ñë‚ñë‚ñà‚ñà‚ñë‚ñë‚ñà‚ñà
‚ñà‚ñà‚ñë‚ñë‚ñë‚ñë‚ñë‚ñë‚ñë‚ñë‚ñë‚ñë‚ñë‚ñë‚ñà‚ñà‚ñë‚ñë‚ñë‚ñë‚ñë‚ñë‚ñà‚ñà‚ñë‚ñë‚ñà‚ñà
‚ñà‚ñà‚ñà‚ñà‚ñà‚ñà‚ñà‚ñà‚ñà‚ñà‚ñà‚ñà‚ñà‚ñà‚ñà‚ñà‚ñà‚ñà‚ñà‚ñà‚ñà‚ñà‚ñà‚ñà‚ñà‚ñà‚ñà‚ñà
Moving right is successful
‚ñà‚ñà‚ñà‚ñà‚ñà‚ñà‚ñà‚ñà‚ñà‚ñà‚ñà‚ñà‚ñà‚ñà‚ñà‚ñà‚ñà‚ñà‚ñà‚ñà‚ñà‚ñà‚ñà‚ñà‚ñà‚ñà‚ñà‚ñà
‚ñà‚ñà‚ñë‚ñë‚ñë‚ñë‚ñë‚ñë‚ñë‚ñë‚ñë‚ñë‚ñë‚ñë‚ñà‚ñà‚ñà‚ñà‚ñà‚ñà‚ñà‚ñà‚ñà‚ñà‚ñà‚ñà‚ñà‚ñà
‚ñà‚ñà‚ñë‚ñë‚ñë‚ñë‚ñë‚ñë‚ñë‚ñë‚ñë‚ñë‚ñë‚ñë‚ñà‚ñà‚ñà‚ñà‚ñà‚ñà‚ñë‚ñë‚ñë‚ñë‚ñë‚ñë‚ñà‚ñà
‚ñà‚ñà‚ñë‚ñë‚ñë‚ñë‚ñà‚ñà‚ñà‚ñà‚ñà‚ñà‚ñà‚ñà‚ñà‚ñà‚ñà‚ñà‚ñà‚ñà‚ñë‚ñë‚ñà‚ñà‚ñë‚ñë‚ñà‚ñà
‚ñà‚ñà‚ñë‚ñë‚ñë‚ñë‚ñà‚ñà‚ñë‚ñë‚ñë‚ñë‚ñë‚ñë‚ñë‚ñë‚ñë‚ñë‚ñà‚ñà‚ñë‚ñë‚ñà‚ñà‚ñë‚ñë‚ñà‚ñà
‚ñà‚ñà‚ñë‚ñë‚ñë‚ñëüßô‚Äç‚ñë‚ñë‚ñë‚ñë‚ñë‚ñë‚ñà‚ñà‚ñë‚ñë‚ñà‚ñà‚ñë‚ñë‚ñà‚ñà‚ñë‚ñë‚ñà‚ñà
‚ñà‚ñà‚ñà‚ñà‚ñà‚ñà‚ñà‚ñà‚ñà‚ñà‚ñë‚ñë‚ñë‚ñë‚ñà‚ñà‚ñë‚ñë‚ñà‚ñà‚ñë‚ñë‚ñà‚ñà‚ñë‚ñë‚ñà‚ñà
‚ñà‚ñà‚ñë‚ñë‚ñë‚ñë‚ñë‚ñë‚ñë‚ñë‚ñë‚ñë‚ñë‚ñë‚ñà‚ñà‚ñë‚ñë‚ñë‚ñë‚ñë‚ñë‚ñà‚ñà‚ñë‚ñë‚ñà‚ñà
‚ñà‚ñà‚ñà‚ñà‚ñà‚ñà‚ñà‚ñà‚ñà‚ñà‚ñà‚ñà‚ñà‚ñà‚ñà‚ñà‚ñà‚ñà‚ñà‚ñà‚ñà‚ñà‚ñà‚ñà‚ñà‚ñà‚ñà‚ñà
Moving right is successful
‚ñà‚ñà‚ñà‚ñà‚ñà‚ñà‚ñà‚ñà‚ñà‚ñà‚ñà‚ñà‚ñà‚ñà‚ñà‚ñà‚ñà‚ñà‚ñà‚ñà‚ñà‚ñà‚ñà‚ñà‚ñà‚ñà‚ñà‚ñà
‚ñà‚ñà‚ñë‚ñë‚ñë‚ñë‚ñë‚ñë‚ñë‚ñë‚ñë‚ñë‚ñë‚ñë‚ñà‚ñà‚ñà‚ñà‚ñà‚ñà‚ñà‚ñà‚ñà‚ñà‚ñà‚ñà‚ñà‚ñà
‚ñà‚ñà‚ñë‚ñë‚ñë‚ñë‚ñë‚ñë‚ñë‚ñë‚ñë‚ñë‚ñë‚ñë‚ñà‚ñà‚ñà‚ñà‚ñà‚ñà‚ñë‚ñë‚ñë‚ñë‚ñë‚ñë‚ñà‚ñà
‚ñà‚ñà‚ñë‚ñë‚ñë‚ñë‚ñà‚ñà‚ñà‚ñà‚ñà‚ñà‚ñà‚ñà‚ñà‚ñà‚ñà‚ñà‚ñà‚ñà‚ñë‚ñë‚ñà‚ñà‚ñë‚ñë‚ñà‚ñà
‚ñà‚ñà‚ñë‚ñë‚ñë‚ñë‚ñà‚ñà‚ñë‚ñë‚ñë‚ñë‚ñë‚ñë‚ñë‚ñë‚ñë‚ñë‚ñà‚ñà‚ñë‚ñë‚ñà‚ñà‚ñë‚ñë‚ñà‚ñà
‚ñà‚ñà‚ñë‚ñë‚ñë‚ñë‚ñë‚ñëüßô‚Äç‚ñë‚ñë‚ñë‚ñë‚ñà‚ñà‚ñë‚ñë‚ñà‚ñà‚ñë‚ñë‚ñà‚ñà‚ñë‚ñë‚ñà‚ñà
‚ñà‚ñà‚ñà‚ñà‚ñà‚ñà‚ñà‚ñà‚ñà‚ñà‚ñë‚ñë‚ñë‚ñë‚ñà‚ñà‚ñë‚ñë‚ñà‚ñà‚ñë‚ñë‚ñà‚ñà‚ñë‚ñë‚ñà‚ñà
‚ñà‚ñà‚ñë‚ñë‚ñë‚ñë‚ñë‚ñë‚ñë‚ñë‚ñë‚ñë‚ñë‚ñë‚ñà‚ñà‚ñë‚ñë‚ñë‚ñë‚ñë‚ñë‚ñà‚ñà‚ñë‚ñë‚ñà‚ñà
‚ñà‚ñà‚ñà‚ñà‚ñà‚ñà‚ñà‚ñà‚ñà‚ñà‚ñà‚ñà‚ñà‚ñà‚ñà‚ñà‚ñà‚ñà‚ñà‚ñà‚ñà‚ñà‚ñà‚ñà‚ñà‚ñà‚ñà‚ñà
Moving up is successful
‚ñà‚ñà‚ñà‚ñà‚ñà‚ñà‚ñà‚ñà‚ñà‚ñà‚ñà‚ñà‚ñà‚ñà‚ñà‚ñà‚ñà‚ñà‚ñà‚ñà‚ñà‚ñà‚ñà‚ñà‚ñà‚ñà‚ñà‚ñà
‚ñà‚ñà‚ñë‚ñë‚ñë‚ñë‚ñë‚ñë‚ñë‚ñë‚ñë‚ñë‚ñë‚ñë‚ñà‚ñà‚ñà‚ñà‚ñà‚ñà‚ñà‚ñà‚ñà‚ñà‚ñà‚ñà‚ñà‚ñà
‚ñà‚ñà‚ñë‚ñë‚ñë‚ñë‚ñë‚ñë‚ñë‚ñë‚ñë‚ñë‚ñë‚ñë‚ñà‚ñà‚ñà‚ñà‚ñà‚ñà‚ñë‚ñë‚ñë‚ñë‚ñë‚ñë‚ñà‚ñà
‚ñà‚ñà‚ñë‚ñë‚ñë‚ñë‚ñà‚ñà‚ñà‚ñà‚ñà‚ñà‚ñà‚ñà‚ñà‚ñà‚ñà‚ñà‚ñà‚ñà‚ñë‚ñë‚ñà‚ñà‚ñë‚ñë‚ñà‚ñà
‚ñà‚ñà‚ñë‚ñë‚ñë‚ñë‚ñà‚ñàüßô‚Äç‚ñë‚ñë‚ñë‚ñë‚ñë‚ñë‚ñë‚ñë‚ñà‚ñà‚ñë‚ñë‚ñà‚ñà‚ñë‚ñë‚ñà‚ñà
‚ñà‚ñà‚ñë‚ñë‚ñë‚ñë‚ñë‚ñë‚ñë‚ñë‚ñë‚ñë‚ñë‚ñë‚ñà‚ñà‚ñë‚ñë‚ñà‚ñà‚ñë‚ñë‚ñà‚ñà‚ñë‚ñë‚ñà‚ñà
‚ñà‚ñà‚ñà‚ñà‚ñà‚ñà‚ñà‚ñà‚ñà‚ñà‚ñë‚ñë‚ñë‚ñë‚ñà‚ñà‚ñë‚ñë‚ñà‚ñà‚ñë‚ñë‚ñà‚ñà‚ñë‚ñë‚ñà‚ñà
‚ñà‚ñà‚ñë‚ñë‚ñë‚ñë‚ñë‚ñë‚ñë‚ñë‚ñë‚ñë‚ñë‚ñë‚ñà‚ñà‚ñë‚ñë‚ñë‚ñë‚ñë‚ñë‚ñà‚ñà‚ñë‚ñë‚ñà‚ñà
‚ñà‚ñà‚ñà‚ñà‚ñà‚ñà‚ñà‚ñà‚ñà‚ñà‚ñà‚ñà‚ñà‚ñà‚ñà‚ñà‚ñà‚ñà‚ñà‚ñà‚ñà‚ñà‚ñà‚ñà‚ñà‚ñà‚ñà‚ñà
Moving up is impossibru
‚ñà‚ñà‚ñà‚ñà‚ñà‚ñà‚ñà‚ñà‚ñà‚ñà‚ñà‚ñà‚ñà‚ñà‚ñà‚ñà‚ñà‚ñà‚ñà‚ñà‚ñà‚ñà‚ñà‚ñà‚ñà‚ñà‚ñà‚ñà
‚ñà‚ñà‚ñë‚ñë‚ñë‚ñë‚ñë‚ñë‚ñë‚ñë‚ñë‚ñë‚ñë‚ñë‚ñà‚ñà‚ñà‚ñà‚ñà‚ñà‚ñà‚ñà‚ñà‚ñà‚ñà‚ñà‚ñà‚ñà
‚ñà‚ñà‚ñë‚ñë‚ñë‚ñë‚ñë‚ñë‚ñë‚ñë‚ñë‚ñë‚ñë‚ñë‚ñà‚ñà‚ñà‚ñà‚ñà‚ñà‚ñë‚ñë‚ñë‚ñë‚ñë‚ñë‚ñà‚ñà
‚ñà‚ñà‚ñë‚ñë‚ñë‚ñë‚ñà‚ñà‚ñà‚ñà‚ñà‚ñà‚ñà‚ñà‚ñà‚ñà‚ñà‚ñà‚ñà‚ñà‚ñë‚ñë‚ñà‚ñà‚ñë‚ñë‚ñà‚ñà
‚ñà‚ñà‚ñë‚ñë‚ñë‚ñë‚ñà‚ñàüßô‚Äç‚ñë‚ñë‚ñë‚ñë‚ñë‚ñë‚ñë‚ñë‚ñà‚ñà‚ñë‚ñë‚ñà‚ñà‚ñë‚ñë‚ñà‚ñà
‚ñà‚ñà‚ñë‚ñë‚ñë‚ñë‚ñë‚ñë‚ñë‚ñë‚ñë‚ñë‚ñë‚ñë‚ñà‚ñà‚ñë‚ñë‚ñà‚ñà‚ñë‚ñë‚ñà‚ñà‚ñë‚ñë‚ñà‚ñà
‚ñà‚ñà‚ñà‚ñà‚ñà‚ñà‚ñà‚ñà‚ñà‚ñà‚ñë‚ñë‚ñë‚ñë‚ñà‚ñà‚ñë‚ñë‚ñà‚ñà‚ñë‚ñë‚ñà‚ñà‚ñë‚ñë‚ñà‚ñà
‚ñà‚ñà‚ñë‚ñë‚ñë‚ñë‚ñë‚ñë‚ñë‚ñë‚ñë‚ñë‚ñë‚ñë‚ñà‚ñà‚ñë‚ñë‚ñë‚ñë‚ñë‚ñë‚ñà‚ñà‚ñë‚ñë‚ñà‚ñà
‚ñà‚ñà‚ñà‚ñà‚ñà‚ñà‚ñà‚ñà‚ñà‚ñà‚ñà‚ñà‚ñà‚ñà‚ñà‚ñà‚ñà‚ñà‚ñà‚ñà‚ñà‚ñà‚ñà‚ñà‚ñà‚ñà‚ñà‚ñà
Moving right is successful
‚ñà‚ñà‚ñà‚ñà‚ñà‚ñà‚ñà‚ñà‚ñà‚ñà‚ñà‚ñà‚ñà‚ñà‚ñà‚ñà‚ñà‚ñà‚ñà‚ñà‚ñà‚ñà‚ñà‚ñà‚ñà‚ñà‚ñà‚ñà
‚ñà‚ñà‚ñë‚ñë‚ñë‚ñë‚ñë‚ñë‚ñë‚ñë‚ñë‚ñë‚ñë‚ñë‚ñà‚ñà‚ñà‚ñà‚ñà‚ñà‚ñà‚ñà‚ñà‚ñà‚ñà‚ñà‚ñà‚ñà
‚ñà‚ñà‚ñë‚ñë‚ñë‚ñë‚ñë‚ñë‚ñë‚ñë‚ñë‚ñë‚ñë‚ñë‚ñà‚ñà‚ñà‚ñà‚ñà‚ñà‚ñë‚ñë‚ñë‚ñë‚ñë‚ñë‚ñà‚ñà
‚ñà‚ñà‚ñë‚ñë‚ñë‚ñë‚ñà‚ñà‚ñà‚ñà‚ñà‚ñà‚ñà‚ñà‚ñà‚ñà‚ñà‚ñà‚ñà‚ñà‚ñë‚ñë‚ñà‚ñà‚ñë‚ñë‚ñà‚ñà
‚ñà‚ñà‚ñë‚ñë‚ñë‚ñë‚ñà‚ñà‚ñë‚ñëüßô‚Äç‚ñë‚ñë‚ñë‚ñë‚ñë‚ñë‚ñà‚ñà‚ñë‚ñë‚ñà‚ñà‚ñë‚ñë‚ñà‚ñà
‚ñà‚ñà‚ñë‚ñë‚ñë‚ñë‚ñë‚ñë‚ñë‚ñë‚ñë‚ñë‚ñë‚ñë‚ñà‚ñà‚ñë‚ñë‚ñà‚ñà‚ñë‚ñë‚ñà‚ñà‚ñë‚ñë‚ñà‚ñà
‚ñà‚ñà‚ñà‚ñà‚ñà‚ñà‚ñà‚ñà‚ñà‚ñà‚ñë‚ñë‚ñë‚ñë‚ñà‚ñà‚ñë‚ñë‚ñà‚ñà‚ñë‚ñë‚ñà‚ñà‚ñë‚ñë‚ñà‚ñà
‚ñà‚ñà‚ñë‚ñë‚ñë‚ñë‚ñë‚ñë‚ñë‚ñë‚ñë‚ñë‚ñë‚ñë‚ñà‚ñà‚ñë‚ñë‚ñë‚ñë‚ñë‚ñë‚ñà‚ñà‚ñë‚ñë‚ñà‚ñà
‚ñà‚ñà‚ñà‚ñà‚ñà‚ñà‚ñà‚ñà‚ñà‚ñà‚ñà‚ñà‚ñà‚ñà‚ñà‚ñà‚ñà‚ñà‚ñà‚ñà‚ñà‚ñà‚ñà‚ñà‚ñà‚ñà‚ñà‚ñà
Moving up is impossibru
‚ñà‚ñà‚ñà‚ñà‚ñà‚ñà‚ñà‚ñà‚ñà‚ñà‚ñà‚ñà‚ñà‚ñà‚ñà‚ñà‚ñà‚ñà‚ñà‚ñà‚ñà‚ñà‚ñà‚ñà‚ñà‚ñà‚ñà‚ñà
‚ñà‚ñà‚ñë‚ñë‚ñë‚ñë‚ñë‚ñë‚ñë‚ñë‚ñë‚ñë‚ñë‚ñë‚ñà‚ñà‚ñà‚ñà‚ñà‚ñà‚ñà‚ñà‚ñà‚ñà‚ñà‚ñà‚ñà‚ñà
‚ñà‚ñà‚ñë‚ñë‚ñë‚ñë‚ñë‚ñë‚ñë‚ñë‚ñë‚ñë‚ñë‚ñë‚ñà‚ñà‚ñà‚ñà‚ñà‚ñà‚ñë‚ñë‚ñë‚ñë‚ñë‚ñë‚ñà‚ñà
‚ñà‚ñà‚ñë‚ñë‚ñë‚ñë‚ñà‚ñà‚ñà‚ñà‚ñà‚ñà‚ñà‚ñà‚ñà‚ñà‚ñà‚ñà‚ñà‚ñà‚ñë‚ñë‚ñà‚ñà‚ñë‚ñë‚ñà‚ñà
‚ñà‚ñà‚ñë‚ñë‚ñë‚ñë‚ñà‚ñà‚ñë‚ñëüßô‚Äç‚ñë‚ñë‚ñë‚ñë‚ñë‚ñë‚ñà‚ñà‚ñë‚ñë‚ñà‚ñà‚ñë‚ñë‚ñà‚ñà
‚ñà‚ñà‚ñë‚ñë‚ñë‚ñë‚ñë‚ñë‚ñë‚ñë‚ñë‚ñë‚ñë‚ñë‚ñà‚ñà‚ñë‚ñë‚ñà‚ñà‚ñë‚ñë‚ñà‚ñà‚ñë‚ñë‚ñà‚ñà
‚ñà‚ñà‚ñà‚ñà‚ñà‚ñà‚ñà‚ñà‚ñà‚ñà‚ñë‚ñë‚ñë‚ñë‚ñà‚ñà‚ñë‚ñë‚ñà‚ñà‚ñë‚ñë‚ñà‚ñà‚ñë‚ñë‚ñà‚ñà
‚ñà‚ñà‚ñë‚ñë‚ñë‚ñë‚ñë‚ñë‚ñë‚ñë‚ñë‚ñë‚ñë‚ñë‚ñà‚ñà‚ñë‚ñë‚ñë‚ñë‚ñë‚ñë‚ñà‚ñà‚ñë‚ñë‚ñà‚ñà
‚ñà‚ñà‚ñà‚ñà‚ñà‚ñà‚ñà‚ñà‚ñà‚ñà‚ñà‚ñà‚ñà‚ñà‚ñà‚ñà‚ñà‚ñà‚ñà‚ñà‚ñà‚ñà‚ñà‚ñà‚ñà‚ñà‚ñà‚ñà
Moving left is successful
‚ñà‚ñà‚ñà‚ñà‚ñà‚ñà‚ñà‚ñà‚ñà‚ñà‚ñà‚ñà‚ñà‚ñà‚ñà‚ñà‚ñà‚ñà‚ñà‚ñà‚ñà‚ñà‚ñà‚ñà‚ñà‚ñà‚ñà‚ñà
‚ñà‚ñà‚ñë‚ñë‚ñë‚ñë‚ñë‚ñë‚ñë‚ñë‚ñë‚ñë‚ñë‚ñë‚ñà‚ñà‚ñà‚ñà‚ñà‚ñà‚ñà‚ñà‚ñà‚ñà‚ñà‚ñà‚ñà‚ñà
‚ñà‚ñà‚ñë‚ñë‚ñë‚ñë‚ñë‚ñë‚ñë‚ñë‚ñë‚ñë‚ñë‚ñë‚ñà‚ñà‚ñà‚ñà‚ñà‚ñà‚ñë‚ñë‚ñë‚ñë‚ñë‚ñë‚ñà‚ñà
‚ñà‚ñà‚ñë‚ñë‚ñë‚ñë‚ñà‚ñà‚ñà‚ñà‚ñà‚ñà‚ñà‚ñà‚ñà‚ñà‚ñà‚ñà‚ñà‚ñà‚ñë‚ñë‚ñà‚ñà‚ñë‚ñë‚ñà‚ñà
‚ñà‚ñà‚ñë‚ñë‚ñë‚ñë‚ñà‚ñàüßô‚Äç‚ñë‚ñë‚ñë‚ñë‚ñë‚ñë‚ñë‚ñë‚ñà‚ñà‚ñë‚ñë‚ñà‚ñà‚ñë‚ñë‚ñà‚ñà
‚ñà‚ñà‚ñë‚ñë‚ñë‚ñë‚ñë‚ñë‚ñë‚ñë‚ñë‚ñë‚ñë‚ñë‚ñà‚ñà‚ñë‚ñë‚ñà‚ñà‚ñë‚ñë‚ñà‚ñà‚ñë‚ñë‚ñà‚ñà
‚ñà‚ñà‚ñà‚ñà‚ñà‚ñà‚ñà‚ñà‚ñà‚ñà‚ñë‚ñë‚ñë‚ñë‚ñà‚ñà‚ñë‚ñë‚ñà‚ñà‚ñë‚ñë‚ñà‚ñà‚ñë‚ñë‚ñà‚ñà
‚ñà‚ñà‚ñë‚ñë‚ñë‚ñë‚ñë‚ñë‚ñë‚ñë‚ñë‚ñë‚ñë‚ñë‚ñà‚ñà‚ñë‚ñë‚ñë‚ñë‚ñë‚ñë‚ñà‚ñà‚ñë‚ñë‚ñà‚ñà
‚ñà‚ñà‚ñà‚ñà‚ñà‚ñà‚ñà‚ñà‚ñà‚ñà‚ñà‚ñà‚ñà‚ñà‚ñà‚ñà‚ñà‚ñà‚ñà‚ñà‚ñà‚ñà‚ñà‚ñà‚ñà‚ñà‚ñà‚ñà
Moving left is impossibru
‚ñà‚ñà‚ñà‚ñà‚ñà‚ñà‚ñà‚ñà‚ñà‚ñà‚ñà‚ñà‚ñà‚ñà‚ñà‚ñà‚ñà‚ñà‚ñà‚ñà‚ñà‚ñà‚ñà‚ñà‚ñà‚ñà‚ñà‚ñà
‚ñà‚ñà‚ñë‚ñë‚ñë‚ñë‚ñë‚ñë‚ñë‚ñë‚ñë‚ñë‚ñë‚ñë‚ñà‚ñà‚ñà‚ñà‚ñà‚ñà‚ñà‚ñà‚ñà‚ñà‚ñà‚ñà‚ñà‚ñà
‚ñà‚ñà‚ñë‚ñë‚ñë‚ñë‚ñë‚ñë‚ñë‚ñë‚ñë‚ñë‚ñë‚ñë‚ñà‚ñà‚ñà‚ñà‚ñà‚ñà‚ñë‚ñë‚ñë‚ñë‚ñë‚ñë‚ñà‚ñà
‚ñà‚ñà‚ñë‚ñë‚ñë‚ñë‚ñà‚ñà‚ñà‚ñà‚ñà‚ñà‚ñà‚ñà‚ñà‚ñà‚ñà‚ñà‚ñà‚ñà‚ñë‚ñë‚ñà‚ñà‚ñë‚ñë‚ñà‚ñà
‚ñà‚ñà‚ñë‚ñë‚ñë‚ñë‚ñà‚ñàüßô‚Äç‚ñë‚ñë‚ñë‚ñë‚ñë‚ñë‚ñë‚ñë‚ñà‚ñà‚ñë‚ñë‚ñà‚ñà‚ñë‚ñë‚ñà‚ñà
‚ñà‚ñà‚ñë‚ñë‚ñë‚ñë‚ñë‚ñë‚ñë‚ñë‚ñë‚ñë‚ñë‚ñë‚ñà‚ñà‚ñë‚ñë‚ñà‚ñà‚ñë‚ñë‚ñà‚ñà‚ñë‚ñë‚ñà‚ñà
‚ñà‚ñà‚ñà‚ñà‚ñà‚ñà‚ñà‚ñà‚ñà‚ñà‚ñë‚ñë‚ñë‚ñë‚ñà‚ñà‚ñë‚ñë‚ñà‚ñà‚ñë‚ñë‚ñà‚ñà‚ñë‚ñë‚ñà‚ñà
‚ñà‚ñà‚ñë‚ñë‚ñë‚ñë‚ñë‚ñë‚ñë‚ñë‚ñë‚ñë‚ñë‚ñë‚ñà‚ñà‚ñë‚ñë‚ñë‚ñë‚ñë‚ñë‚ñà‚ñà‚ñë‚ñë‚ñà‚ñà
‚ñà‚ñà‚ñà‚ñà‚ñà‚ñà‚ñà‚ñà‚ñà‚ñà‚ñà‚ñà‚ñà‚ñà‚ñà‚ñà‚ñà‚ñà‚ñà‚ñà‚ñà‚ñà‚ñà‚ñà‚ñà‚ñà‚ñà‚ñà
Moving down is successful
‚ñà‚ñà‚ñà‚ñà‚ñà‚ñà‚ñà‚ñà‚ñà‚ñà‚ñà‚ñà‚ñà‚ñà‚ñà‚ñà‚ñà‚ñà‚ñà‚ñà‚ñà‚ñà‚ñà‚ñà‚ñà‚ñà‚ñà‚ñà
‚ñà‚ñà‚ñë‚ñë‚ñë‚ñë‚ñë‚ñë‚ñë‚ñë‚ñë‚ñë‚ñë‚ñë‚ñà‚ñà‚ñà‚ñà‚ñà‚ñà‚ñà‚ñà‚ñà‚ñà‚ñà‚ñà‚ñà‚ñà
‚ñà‚ñà‚ñë‚ñë‚ñë‚ñë‚ñë‚ñë‚ñë‚ñë‚ñë‚ñë‚ñë‚ñë‚ñà‚ñà‚ñà‚ñà‚ñà‚ñà‚ñë‚ñë‚ñë‚ñë‚ñë‚ñë‚ñà‚ñà
‚ñà‚ñà‚ñë‚ñë‚ñë‚ñë‚ñà‚ñà‚ñà‚ñà‚ñà‚ñà‚ñà‚ñà‚ñà‚ñà‚ñà‚ñà‚ñà‚ñà‚ñë‚ñë‚ñà‚ñà‚ñë‚ñë‚ñà‚ñà
‚ñà‚ñà‚ñë‚ñë‚ñë‚ñë‚ñà‚ñà‚ñë‚ñë‚ñë‚ñë‚ñë‚ñë‚ñë‚ñë‚ñë‚ñë‚ñà‚ñà‚ñë‚ñë‚ñà‚ñà‚ñë‚ñë‚ñà‚ñà
‚ñà‚ñà‚ñë‚ñë‚ñë‚ñë‚ñë‚ñëüßô‚Äç‚ñë‚ñë‚ñë‚ñë‚ñà‚ñà‚ñë‚ñë‚ñà‚ñà‚ñë‚ñë‚ñà‚ñà‚ñë‚ñë‚ñà‚ñà
‚ñà‚ñà‚ñà‚ñà‚ñà‚ñà‚ñà‚ñà‚ñà‚ñà‚ñë‚ñë‚ñë‚ñë‚ñà‚ñà‚ñë‚ñë‚ñà‚ñà‚ñë‚ñë‚ñà‚ñà‚ñë‚ñë‚ñà‚ñà
‚ñà‚ñà‚ñë‚ñë‚ñë‚ñë‚ñë‚ñë‚ñë‚ñë‚ñë‚ñë‚ñë‚ñë‚ñà‚ñà‚ñë‚ñë‚ñë‚ñë‚ñë‚ñë‚ñà‚ñà‚ñë‚ñë‚ñà‚ñà
‚ñà‚ñà‚ñà‚ñà‚ñà‚ñà‚ñà‚ñà‚ñà‚ñà‚ñà‚ñà‚ñà‚ñà‚ñà‚ñà‚ñà‚ñà‚ñà‚ñà‚ñà‚ñà‚ñà‚ñà‚ñà‚ñà‚ñà‚ñà
Moving down is impossibru
‚ñà‚ñà‚ñà‚ñà‚ñà‚ñà‚ñà‚ñà‚ñà‚ñà‚ñà‚ñà‚ñà‚ñà‚ñà‚ñà‚ñà‚ñà‚ñà‚ñà‚ñà‚ñà‚ñà‚ñà‚ñà‚ñà‚ñà‚ñà
‚ñà‚ñà‚ñë‚ñë‚ñë‚ñë‚ñë‚ñë‚ñë‚ñë‚ñë‚ñë‚ñë‚ñë‚ñà‚ñà‚ñà‚ñà‚ñà‚ñà‚ñà‚ñà‚ñà‚ñà‚ñà‚ñà‚ñà‚ñà
‚ñà‚ñà‚ñë‚ñë‚ñë‚ñë‚ñë‚ñë‚ñë‚ñë‚ñë‚ñë‚ñë‚ñë‚ñà‚ñà‚ñà‚ñà‚ñà‚ñà‚ñë‚ñë‚ñë‚ñë‚ñë‚ñë‚ñà‚ñà
‚ñà‚ñà‚ñë‚ñë‚ñë‚ñë‚ñà‚ñà‚ñà‚ñà‚ñà‚ñà‚ñà‚ñà‚ñà‚ñà‚ñà‚ñà‚ñà‚ñà‚ñë‚ñë‚ñà‚ñà‚ñë‚ñë‚ñà‚ñà
‚ñà‚ñà‚ñë‚ñë‚ñë‚ñë‚ñà‚ñà‚ñë‚ñë‚ñë‚ñë‚ñë‚ñë‚ñë‚ñë‚ñë‚ñë‚ñà‚ñà‚ñë‚ñë‚ñà‚ñà‚ñë‚ñë‚ñà‚ñà
‚ñà‚ñà‚ñë‚ñë‚ñë‚ñë‚ñë‚ñëüßô‚Äç‚ñë‚ñë‚ñë‚ñë‚ñà‚ñà‚ñë‚ñë‚ñà‚ñà‚ñë‚ñë‚ñà‚ñà‚ñë‚ñë‚ñà‚ñà
‚ñà‚ñà‚ñà‚ñà‚ñà‚ñà‚ñà‚ñà‚ñà‚ñà‚ñë‚ñë‚ñë‚ñë‚ñà‚ñà‚ñë‚ñë‚ñà‚ñà‚ñë‚ñë‚ñà‚ñà‚ñë‚ñë‚ñà‚ñà
‚ñà‚ñà‚ñë‚ñë‚ñë‚ñë‚ñë‚ñë‚ñë‚ñë‚ñë‚ñë‚ñë‚ñë‚ñà‚ñà‚ñë‚ñë‚ñë‚ñë‚ñë‚ñë‚ñà‚ñà‚ñë‚ñë‚ñà‚ñà
‚ñà‚ñà‚ñà‚ñà‚ñà‚ñà‚ñà‚ñà‚ñà‚ñà‚ñà‚ñà‚ñà‚ñà‚ñà‚ñà‚ñà‚ñà‚ñà‚ñà‚ñà‚ñà‚ñà‚ñà‚ñà‚ñà‚ñà‚ñà
Moving left is successful
‚ñà‚ñà‚ñà‚ñà‚ñà‚ñà‚ñà‚ñà‚ñà‚ñà‚ñà‚ñà‚ñà‚ñà‚ñà‚ñà‚ñà‚ñà‚ñà‚ñà‚ñà‚ñà‚ñà‚ñà‚ñà‚ñà‚ñà‚ñà
‚ñà‚ñà‚ñë‚ñë‚ñë‚ñë‚ñë‚ñë‚ñë‚ñë‚ñë‚ñë‚ñë‚ñë‚ñà‚ñà‚ñà‚ñà‚ñà‚ñà‚ñà‚ñà‚ñà‚ñà‚ñà‚ñà‚ñà‚ñà
‚ñà‚ñà‚ñë‚ñë‚ñë‚ñë‚ñë‚ñë‚ñë‚ñë‚ñë‚ñë‚ñë‚ñë‚ñà‚ñà‚ñà‚ñà‚ñà‚ñà‚ñë‚ñë‚ñë‚ñë‚ñë‚ñë‚ñà‚ñà
‚ñà‚ñà‚ñë‚ñë‚ñë‚ñë‚ñà‚ñà‚ñà‚ñà‚ñà‚ñà‚ñà‚ñà‚ñà‚ñà‚ñà‚ñà‚ñà‚ñà‚ñë‚ñë‚ñà‚ñà‚ñë‚ñë‚ñà‚ñà
‚ñà‚ñà‚ñë‚ñë‚ñë‚ñë‚ñà‚ñà‚ñë‚ñë‚ñë‚ñë‚ñë‚ñë‚ñë‚ñë‚ñë‚ñë‚ñà‚ñà‚ñë‚ñë‚ñà‚ñà‚ñë‚ñë‚ñà‚ñà
‚ñà‚ñà‚ñë‚ñë‚ñë‚ñëüßô‚Äç‚ñë‚ñë‚ñë‚ñë‚ñë‚ñë‚ñà‚ñà‚ñë‚ñë‚ñà‚ñà‚ñë‚ñë‚ñà‚ñà‚ñë‚ñë‚ñà‚ñà
‚ñà‚ñà‚ñà‚ñà‚ñà‚ñà‚ñà‚ñà‚ñà‚ñà‚ñë‚ñë‚ñë‚ñë‚ñà‚ñà‚ñë‚ñë‚ñà‚ñà‚ñë‚ñë‚ñà‚ñà‚ñë‚ñë‚ñà‚ñà
‚ñà‚ñà‚ñë‚ñë‚ñë‚ñë‚ñë‚ñë‚ñë‚ñë‚ñë‚ñë‚ñë‚ñë‚ñà‚ñà‚ñë‚ñë‚ñë‚ñë‚ñë‚ñë‚ñà‚ñà‚ñë‚ñë‚ñà‚ñà
‚ñà‚ñà‚ñà‚ñà‚ñà‚ñà‚ñà‚ñà‚ñà‚ñà‚ñà‚ñà‚ñà‚ñà‚ñà‚ñà‚ñà‚ñà‚ñà‚ñà‚ñà‚ñà‚ñà‚ñà‚ñà‚ñà‚ñà‚ñà
Moving right is successful
‚ñà‚ñà‚ñà‚ñà‚ñà‚ñà‚ñà‚ñà‚ñà‚ñà‚ñà‚ñà‚ñà‚ñà‚ñà‚ñà‚ñà‚ñà‚ñà‚ñà‚ñà‚ñà‚ñà‚ñà‚ñà‚ñà‚ñà‚ñà
‚ñà‚ñà‚ñë‚ñë‚ñë‚ñë‚ñë‚ñë‚ñë‚ñë‚ñë‚ñë‚ñë‚ñë‚ñà‚ñà‚ñà‚ñà‚ñà‚ñà‚ñà‚ñà‚ñà‚ñà‚ñà‚ñà‚ñà‚ñà
‚ñà‚ñà‚ñë‚ñë‚ñë‚ñë‚ñë‚ñë‚ñë‚ñë‚ñë‚ñë‚ñë‚ñë‚ñà‚ñà‚ñà‚ñà‚ñà‚ñà‚ñë‚ñë‚ñë‚ñë‚ñë‚ñë‚ñà‚ñà
‚ñà‚ñà‚ñë‚ñë‚ñë‚ñë‚ñà‚ñà‚ñà‚ñà‚ñà‚ñà‚ñà‚ñà‚ñà‚ñà‚ñà‚ñà‚ñà‚ñà‚ñë‚ñë‚ñà‚ñà‚ñë‚ñë‚ñà‚ñà
‚ñà‚ñà‚ñë‚ñë‚ñë‚ñë‚ñà‚ñà‚ñë‚ñë‚ñë‚ñë‚ñë‚ñë‚ñë‚ñë‚ñë‚ñë‚ñà‚ñà‚ñë‚ñë‚ñà‚ñà‚ñë‚ñë‚ñà‚ñà
‚ñà‚ñà‚ñë‚ñë‚ñë‚ñë‚ñë‚ñëüßô‚Äç‚ñë‚ñë‚ñë‚ñë‚ñà‚ñà‚ñë‚ñë‚ñà‚ñà‚ñë‚ñë‚ñà‚ñà‚ñë‚ñë‚ñà‚ñà
‚ñà‚ñà‚ñà‚ñà‚ñà‚ñà‚ñà‚ñà‚ñà‚ñà‚ñë‚ñë‚ñë‚ñë‚ñà‚ñà‚ñë‚ñë‚ñà‚ñà‚ñë‚ñë‚ñà‚ñà‚ñë‚ñë‚ñà‚ñà
‚ñà‚ñà‚ñë‚ñë‚ñë‚ñë‚ñë‚ñë‚ñë‚ñë‚ñë‚ñë‚ñë‚ñë‚ñà‚ñà‚ñë‚ñë‚ñë‚ñë‚ñë‚ñë‚ñà‚ñà‚ñë‚ñë‚ñà‚ñà
‚ñà‚ñà‚ñà‚ñà‚ñà‚ñà‚ñà‚ñà‚ñà‚ñà‚ñà‚ñà‚ñà‚ñà‚ñà‚ñà‚ñà‚ñà‚ñà‚ñà‚ñà‚ñà‚ñà‚ñà‚ñà‚ñà‚ñà‚ñà
Moving down is impossibru
‚ñà‚ñà‚ñà‚ñà‚ñà‚ñà‚ñà‚ñà‚ñà‚ñà‚ñà‚ñà‚ñà‚ñà‚ñà‚ñà‚ñà‚ñà‚ñà‚ñà‚ñà‚ñà‚ñà‚ñà‚ñà‚ñà‚ñà‚ñà
‚ñà‚ñà‚ñë‚ñë‚ñë‚ñë‚ñë‚ñë‚ñë‚ñë‚ñë‚ñë‚ñë‚ñë‚ñà‚ñà‚ñà‚ñà‚ñà‚ñà‚ñà‚ñà‚ñà‚ñà‚ñà‚ñà‚ñà‚ñà
‚ñà‚ñà‚ñë‚ñë‚ñë‚ñë‚ñë‚ñë‚ñë‚ñë‚ñë‚ñë‚ñë‚ñë‚ñà‚ñà‚ñà‚ñà‚ñà‚ñà‚ñë‚ñë‚ñë‚ñë‚ñë‚ñë‚ñà‚ñà
‚ñà‚ñà‚ñë‚ñë‚ñë‚ñë‚ñà‚ñà‚ñà‚ñà‚ñà‚ñà‚ñà‚ñà‚ñà‚ñà‚ñà‚ñà‚ñà‚ñà‚ñë‚ñë‚ñà‚ñà‚ñë‚ñë‚ñà‚ñà
‚ñà‚ñà‚ñë‚ñë‚ñë‚ñë‚ñà‚ñà‚ñë‚ñë‚ñë‚ñë‚ñë‚ñë‚ñë‚ñë‚ñë‚ñë‚ñà‚ñà‚ñë‚ñë‚ñà‚ñà‚ñë‚ñë‚ñà‚ñà
‚ñà‚ñà‚ñë‚ñë‚ñë‚ñë‚ñë‚ñëüßô‚Äç‚ñë‚ñë‚ñë‚ñë‚ñà‚ñà‚ñë‚ñë‚ñà‚ñà‚ñë‚ñë‚ñà‚ñà‚ñë‚ñë‚ñà‚ñà
‚ñà‚ñà‚ñà‚ñà‚ñà‚ñà‚ñà‚ñà‚ñà‚ñà‚ñë‚ñë‚ñë‚ñë‚ñà‚ñà‚ñë‚ñë‚ñà‚ñà‚ñë‚ñë‚ñà‚ñà‚ñë‚ñë‚ñà‚ñà
‚ñà‚ñà‚ñë‚ñë‚ñë‚ñë‚ñë‚ñë‚ñë‚ñë‚ñë‚ñë‚ñë‚ñë‚ñà‚ñà‚ñë‚ñë‚ñë‚ñë‚ñë‚ñë‚ñà‚ñà‚ñë‚ñë‚ñà‚ñà
‚ñà‚ñà‚ñà‚ñà‚ñà‚ñà‚ñà‚ñà‚ñà‚ñà‚ñà‚ñà‚ñà‚ñà‚ñà‚ñà‚ñà‚ñà‚ñà‚ñà‚ñà‚ñà‚ñà‚ñà‚ñà‚ñà‚ñà‚ñà
Moving left is successful
‚ñà‚ñà‚ñà‚ñà‚ñà‚ñà‚ñà‚ñà‚ñà‚ñà‚ñà‚ñà‚ñà‚ñà‚ñà‚ñà‚ñà‚ñà‚ñà‚ñà‚ñà‚ñà‚ñà‚ñà‚ñà‚ñà‚ñà‚ñà
‚ñà‚ñà‚ñë‚ñë‚ñë‚ñë‚ñë‚ñë‚ñë‚ñë‚ñë‚ñë‚ñë‚ñë‚ñà‚ñà‚ñà‚ñà‚ñà‚ñà‚ñà‚ñà‚ñà‚ñà‚ñà‚ñà‚ñà‚ñà
‚ñà‚ñà‚ñë‚ñë‚ñë‚ñë‚ñë‚ñë‚ñë‚ñë‚ñë‚ñë‚ñë‚ñë‚ñà‚ñà‚ñà‚ñà‚ñà‚ñà‚ñë‚ñë‚ñë‚ñë‚ñë‚ñë‚ñà‚ñà
‚ñà‚ñà‚ñë‚ñë‚ñë‚ñë‚ñà‚ñà‚ñà‚ñà‚ñà‚ñà‚ñà‚ñà‚ñà‚ñà‚ñà‚ñà‚ñà‚ñà‚ñë‚ñë‚ñà‚ñà‚ñë‚ñë‚ñà‚ñà
‚ñà‚ñà‚ñë‚ñë‚ñë‚ñë‚ñà‚ñà‚ñë‚ñë‚ñë‚ñë‚ñë‚ñë‚ñë‚ñë‚ñë‚ñë‚ñà‚ñà‚ñë‚ñë‚ñà‚ñà‚ñë‚ñë‚ñà‚ñà
‚ñà‚ñà‚ñë‚ñë‚ñë‚ñëüßô‚Äç‚ñë‚ñë‚ñë‚ñë‚ñë‚ñë‚ñà‚ñà‚ñë‚ñë‚ñà‚ñà‚ñë‚ñë‚ñà‚ñà‚ñë‚ñë‚ñà‚ñà
‚ñà‚ñà‚ñà‚ñà‚ñà‚ñà‚ñà‚ñà‚ñà‚ñà‚ñë‚ñë‚ñë‚ñë‚ñà‚ñà‚ñë‚ñë‚ñà‚ñà‚ñë‚ñë‚ñà‚ñà‚ñë‚ñë‚ñà‚ñà
‚ñà‚ñà‚ñë‚ñë‚ñë‚ñë‚ñë‚ñë‚ñë‚ñë‚ñë‚ñë‚ñë‚ñë‚ñà‚ñà‚ñë‚ñë‚ñë‚ñë‚ñë‚ñë‚ñà‚ñà‚ñë‚ñë‚ñà‚ñà
‚ñà‚ñà‚ñà‚ñà‚ñà‚ñà‚ñà‚ñà‚ñà‚ñà‚ñà‚ñà‚ñà‚ñà‚ñà‚ñà‚ñà‚ñà‚ñà‚ñà‚ñà‚ñà‚ñà‚ñà‚ñà‚ñà‚ñà‚ñà
Moving left is successful
‚ñà‚ñà‚ñà‚ñà‚ñà‚ñà‚ñà‚ñà‚ñà‚ñà‚ñà‚ñà‚ñà‚ñà‚ñà‚ñà‚ñà‚ñà‚ñà‚ñà‚ñà‚ñà‚ñà‚ñà‚ñà‚ñà‚ñà‚ñà
‚ñà‚ñà‚ñë‚ñë‚ñë‚ñë‚ñë‚ñë‚ñë‚ñë‚ñë‚ñë‚ñë‚ñë‚ñà‚ñà‚ñà‚ñà‚ñà‚ñà‚ñà‚ñà‚ñà‚ñà‚ñà‚ñà‚ñà‚ñà
‚ñà‚ñà‚ñë‚ñë‚ñë‚ñë‚ñë‚ñë‚ñë‚ñë‚ñë‚ñë‚ñë‚ñë‚ñà‚ñà‚ñà‚ñà‚ñà‚ñà‚ñë‚ñë‚ñë‚ñë‚ñë‚ñë‚ñà‚ñà
‚ñà‚ñà‚ñë‚ñë‚ñë‚ñë‚ñà‚ñà‚ñà‚ñà‚ñà‚ñà‚ñà‚ñà‚ñà‚ñà‚ñà‚ñà‚ñà‚ñà‚ñë‚ñë‚ñà‚ñà‚ñë‚ñë‚ñà‚ñà
‚ñà‚ñà‚ñë‚ñë‚ñë‚ñë‚ñà‚ñà‚ñë‚ñë‚ñë‚ñë‚ñë‚ñë‚ñë‚ñë‚ñë‚ñë‚ñà‚ñà‚ñë‚ñë‚ñà‚ñà‚ñë‚ñë‚ñà‚ñà
‚ñà‚ñà‚ñë‚ñëüßô‚Äç‚ñë‚ñë‚ñë‚ñë‚ñë‚ñë‚ñë‚ñë‚ñà‚ñà‚ñë‚ñë‚ñà‚ñà‚ñë‚ñë‚ñà‚ñà‚ñë‚ñë‚ñà‚ñà
‚ñà‚ñà‚ñà‚ñà‚ñà‚ñà‚ñà‚ñà‚ñà‚ñà‚ñë‚ñë‚ñë‚ñë‚ñà‚ñà‚ñë‚ñë‚ñà‚ñà‚ñë‚ñë‚ñà‚ñà‚ñë‚ñë‚ñà‚ñà
‚ñà‚ñà‚ñë‚ñë‚ñë‚ñë‚ñë‚ñë‚ñë‚ñë‚ñë‚ñë‚ñë‚ñë‚ñà‚ñà‚ñë‚ñë‚ñë‚ñë‚ñë‚ñë‚ñà‚ñà‚ñë‚ñë‚ñà‚ñà
‚ñà‚ñà‚ñà‚ñà‚ñà‚ñà‚ñà‚ñà‚ñà‚ñà‚ñà‚ñà‚ñà‚ñà‚ñà‚ñà‚ñà‚ñà‚ñà‚ñà‚ñà‚ñà‚ñà‚ñà‚ñà‚ñà‚ñà‚ñà
Moving down is impossibru
‚ñà‚ñà‚ñà‚ñà‚ñà‚ñà‚ñà‚ñà‚ñà‚ñà‚ñà‚ñà‚ñà‚ñà‚ñà‚ñà‚ñà‚ñà‚ñà‚ñà‚ñà‚ñà‚ñà‚ñà‚ñà‚ñà‚ñà‚ñà
‚ñà‚ñà‚ñë‚ñë‚ñë‚ñë‚ñë‚ñë‚ñë‚ñë‚ñë‚ñë‚ñë‚ñë‚ñà‚ñà‚ñà‚ñà‚ñà‚ñà‚ñà‚ñà‚ñà‚ñà‚ñà‚ñà‚ñà‚ñà
‚ñà‚ñà‚ñë‚ñë‚ñë‚ñë‚ñë‚ñë‚ñë‚ñë‚ñë‚ñë‚ñë‚ñë‚ñà‚ñà‚ñà‚ñà‚ñà‚ñà‚ñë‚ñë‚ñë‚ñë‚ñë‚ñë‚ñà‚ñà
‚ñà‚ñà‚ñë‚ñë‚ñë‚ñë‚ñà‚ñà‚ñà‚ñà‚ñà‚ñà‚ñà‚ñà‚ñà‚ñà‚ñà‚ñà‚ñà‚ñà‚ñë‚ñë‚ñà‚ñà‚ñë‚ñë‚ñà‚ñà
‚ñà‚ñà‚ñë‚ñë‚ñë‚ñë‚ñà‚ñà‚ñë‚ñë‚ñë‚ñë‚ñë‚ñë‚ñë‚ñë‚ñë‚ñë‚ñà‚ñà‚ñë‚ñë‚ñà‚ñà‚ñë‚ñë‚ñà‚ñà
‚ñà‚ñà‚ñë‚ñëüßô‚Äç‚ñë‚ñë‚ñë‚ñë‚ñë‚ñë‚ñë‚ñë‚ñà‚ñà‚ñë‚ñë‚ñà‚ñà‚ñë‚ñë‚ñà‚ñà‚ñë‚ñë‚ñà‚ñà
‚ñà‚ñà‚ñà‚ñà‚ñà‚ñà‚ñà‚ñà‚ñà‚ñà‚ñë‚ñë‚ñë‚ñë‚ñà‚ñà‚ñë‚ñë‚ñà‚ñà‚ñë‚ñë‚ñà‚ñà‚ñë‚ñë‚ñà‚ñà
‚ñà‚ñà‚ñë‚ñë‚ñë‚ñë‚ñë‚ñë‚ñë‚ñë‚ñë‚ñë‚ñë‚ñë‚ñà‚ñà‚ñë‚ñë‚ñë‚ñë‚ñë‚ñë‚ñà‚ñà‚ñë‚ñë‚ñà‚ñà
‚ñà‚ñà‚ñà‚ñà‚ñà‚ñà‚ñà‚ñà‚ñà‚ñà‚ñà‚ñà‚ñà‚ñà‚ñà‚ñà‚ñà‚ñà‚ñà‚ñà‚ñà‚ñà‚ñà‚ñà‚ñà‚ñà‚ñà‚ñà
Moving right is successful
‚ñà‚ñà‚ñà‚ñà‚ñà‚ñà‚ñà‚ñà‚ñà‚ñà‚ñà‚ñà‚ñà‚ñà‚ñà‚ñà‚ñà‚ñà‚ñà‚ñà‚ñà‚ñà‚ñà‚ñà‚ñà‚ñà‚ñà‚ñà
‚ñà‚ñà‚ñë‚ñë‚ñë‚ñë‚ñë‚ñë‚ñë‚ñë‚ñë‚ñë‚ñë‚ñë‚ñà‚ñà‚ñà‚ñà‚ñà‚ñà‚ñà‚ñà‚ñà‚ñà‚ñà‚ñà‚ñà‚ñà
‚ñà‚ñà‚ñë‚ñë‚ñë‚ñë‚ñë‚ñë‚ñë‚ñë‚ñë‚ñë‚ñë‚ñë‚ñà‚ñà‚ñà‚ñà‚ñà‚ñà‚ñë‚ñë‚ñë‚ñë‚ñë‚ñë‚ñà‚ñà
‚ñà‚ñà‚ñë‚ñë‚ñë‚ñë‚ñà‚ñà‚ñà‚ñà‚ñà‚ñà‚ñà‚ñà‚ñà‚ñà‚ñà‚ñà‚ñà‚ñà‚ñë‚ñë‚ñà‚ñà‚ñë‚ñë‚ñà‚ñà
‚ñà‚ñà‚ñë‚ñë‚ñë‚ñë‚ñà‚ñà‚ñë‚ñë‚ñë‚ñë‚ñë‚ñë‚ñë‚ñë‚ñë‚ñë‚ñà‚ñà‚ñë‚ñë‚ñà‚ñà‚ñë‚ñë‚ñà‚ñà
‚ñà‚ñà‚ñë‚ñë‚ñë‚ñëüßô‚Äç‚ñë‚ñë‚ñë‚ñë‚ñë‚ñë‚ñà‚ñà‚ñë‚ñë‚ñà‚ñà‚ñë‚ñë‚ñà‚ñà‚ñë‚ñë‚ñà‚ñà
‚ñà‚ñà‚ñà‚ñà‚ñà‚ñà‚ñà‚ñà‚ñà‚ñà‚ñë‚ñë‚ñë‚ñë‚ñà‚ñà‚ñë‚ñë‚ñà‚ñà‚ñë‚ñë‚ñà‚ñà‚ñë‚ñë‚ñà‚ñà
‚ñà‚ñà‚ñë‚ñë‚ñë‚ñë‚ñë‚ñë‚ñë‚ñë‚ñë‚ñë‚ñë‚ñë‚ñà‚ñà‚ñë‚ñë‚ñë‚ñë‚ñë‚ñë‚ñà‚ñà‚ñë‚ñë‚ñà‚ñà
‚ñà‚ñà‚ñà‚ñà‚ñà‚ñà‚ñà‚ñà‚ñà‚ñà‚ñà‚ñà‚ñà‚ñà‚ñà‚ñà‚ñà‚ñà‚ñà‚ñà‚ñà‚ñà‚ñà‚ñà‚ñà‚ñà‚ñà‚ñà
Moving up is impossibru
‚ñà‚ñà‚ñà‚ñà‚ñà‚ñà‚ñà‚ñà‚ñà‚ñà‚ñà‚ñà‚ñà‚ñà‚ñà‚ñà‚ñà‚ñà‚ñà‚ñà‚ñà‚ñà‚ñà‚ñà‚ñà‚ñà‚ñà‚ñà
‚ñà‚ñà‚ñë‚ñë‚ñë‚ñë‚ñë‚ñë‚ñë‚ñë‚ñë‚ñë‚ñë‚ñë‚ñà‚ñà‚ñà‚ñà‚ñà‚ñà‚ñà‚ñà‚ñà‚ñà‚ñà‚ñà‚ñà‚ñà
‚ñà‚ñà‚ñë‚ñë‚ñë‚ñë‚ñë‚ñë‚ñë‚ñë‚ñë‚ñë‚ñë‚ñë‚ñà‚ñà‚ñà‚ñà‚ñà‚ñà‚ñë‚ñë‚ñë‚ñë‚ñë‚ñë‚ñà‚ñà
‚ñà‚ñà‚ñë‚ñë‚ñë‚ñë‚ñà‚ñà‚ñà‚ñà‚ñà‚ñà‚ñà‚ñà‚ñà‚ñà‚ñà‚ñà‚ñà‚ñà‚ñë‚ñë‚ñà‚ñà‚ñë‚ñë‚ñà‚ñà
‚ñà‚ñà‚ñë‚ñë‚ñë‚ñë‚ñà‚ñà‚ñë‚ñë‚ñë‚ñë‚ñë‚ñë‚ñë‚ñë‚ñë‚ñë‚ñà‚ñà‚ñë‚ñë‚ñà‚ñà‚ñë‚ñë‚ñà‚ñà
‚ñà‚ñà‚ñë‚ñë‚ñë‚ñëüßô‚Äç‚ñë‚ñë‚ñë‚ñë‚ñë‚ñë‚ñà‚ñà‚ñë‚ñë‚ñà‚ñà‚ñë‚ñë‚ñà‚ñà‚ñë‚ñë‚ñà‚ñà
‚ñà‚ñà‚ñà‚ñà‚ñà‚ñà‚ñà‚ñà‚ñà‚ñà‚ñë‚ñë‚ñë‚ñë‚ñà‚ñà‚ñë‚ñë‚ñà‚ñà‚ñë‚ñë‚ñà‚ñà‚ñë‚ñë‚ñà‚ñà
‚ñà‚ñà‚ñë‚ñë‚ñë‚ñë‚ñë‚ñë‚ñë‚ñë‚ñë‚ñë‚ñë‚ñë‚ñà‚ñà‚ñë‚ñë‚ñë‚ñë‚ñë‚ñë‚ñà‚ñà‚ñë‚ñë‚ñà‚ñà
‚ñà‚ñà‚ñà‚ñà‚ñà‚ñà‚ñà‚ñà‚ñà‚ñà‚ñà‚ñà‚ñà‚ñà‚ñà‚ñà‚ñà‚ñà‚ñà‚ñà‚ñà‚ñà‚ñà‚ñà‚ñà‚ñà‚ñà‚ñà
Moving right is successful
‚ñà‚ñà‚ñà‚ñà‚ñà‚ñà‚ñà‚ñà‚ñà‚ñà‚ñà‚ñà‚ñà‚ñà‚ñà‚ñà‚ñà‚ñà‚ñà‚ñà‚ñà‚ñà‚ñà‚ñà‚ñà‚ñà‚ñà‚ñà
‚ñà‚ñà‚ñë‚ñë‚ñë‚ñë‚ñë‚ñë‚ñë‚ñë‚ñë‚ñë‚ñë‚ñë‚ñà‚ñà‚ñà‚ñà‚ñà‚ñà‚ñà‚ñà‚ñà‚ñà‚ñà‚ñà‚ñà‚ñà
‚ñà‚ñà‚ñë‚ñë‚ñë‚ñë‚ñë‚ñë‚ñë‚ñë‚ñë‚ñë‚ñë‚ñë‚ñà‚ñà‚ñà‚ñà‚ñà‚ñà‚ñë‚ñë‚ñë‚ñë‚ñë‚ñë‚ñà‚ñà
‚ñà‚ñà‚ñë‚ñë‚ñë‚ñë‚ñà‚ñà‚ñà‚ñà‚ñà‚ñà‚ñà‚ñà‚ñà‚ñà‚ñà‚ñà‚ñà‚ñà‚ñë‚ñë‚ñà‚ñà‚ñë‚ñë‚ñà‚ñà
‚ñà‚ñà‚ñë‚ñë‚ñë‚ñë‚ñà‚ñà‚ñë‚ñë‚ñë‚ñë‚ñë‚ñë‚ñë‚ñë‚ñë‚ñë‚ñà‚ñà‚ñë‚ñë‚ñà‚ñà‚ñë‚ñë‚ñà‚ñà
‚ñà‚ñà‚ñë‚ñë‚ñë‚ñë‚ñë‚ñëüßô‚Äç‚ñë‚ñë‚ñë‚ñë‚ñà‚ñà‚ñë‚ñë‚ñà‚ñà‚ñë‚ñë‚ñà‚ñà‚ñë‚ñë‚ñà‚ñà
‚ñà‚ñà‚ñà‚ñà‚ñà‚ñà‚ñà‚ñà‚ñà‚ñà‚ñë‚ñë‚ñë‚ñë‚ñà‚ñà‚ñë‚ñë‚ñà‚ñà‚ñë‚ñë‚ñà‚ñà‚ñë‚ñë‚ñà‚ñà
‚ñà‚ñà‚ñë‚ñë‚ñë‚ñë‚ñë‚ñë‚ñë‚ñë‚ñë‚ñë‚ñë‚ñë‚ñà‚ñà‚ñë‚ñë‚ñë‚ñë‚ñë‚ñë‚ñà‚ñà‚ñë‚ñë‚ñà‚ñà
‚ñà‚ñà‚ñà‚ñà‚ñà‚ñà‚ñà‚ñà‚ñà‚ñà‚ñà‚ñà‚ñà‚ñà‚ñà‚ñà‚ñà‚ñà‚ñà‚ñà‚ñà‚ñà‚ñà‚ñà‚ñà‚ñà‚ñà‚ñà
Moving left is successful
‚ñà‚ñà‚ñà‚ñà‚ñà‚ñà‚ñà‚ñà‚ñà‚ñà‚ñà‚ñà‚ñà‚ñà‚ñà‚ñà‚ñà‚ñà‚ñà‚ñà‚ñà‚ñà‚ñà‚ñà‚ñà‚ñà‚ñà‚ñà
‚ñà‚ñà‚ñë‚ñë‚ñë‚ñë‚ñë‚ñë‚ñë‚ñë‚ñë‚ñë‚ñë‚ñë‚ñà‚ñà‚ñà‚ñà‚ñà‚ñà‚ñà‚ñà‚ñà‚ñà‚ñà‚ñà‚ñà‚ñà
‚ñà‚ñà‚ñë‚ñë‚ñë‚ñë‚ñë‚ñë‚ñë‚ñë‚ñë‚ñë‚ñë‚ñë‚ñà‚ñà‚ñà‚ñà‚ñà‚ñà‚ñë‚ñë‚ñë‚ñë‚ñë‚ñë‚ñà‚ñà
‚ñà‚ñà‚ñë‚ñë‚ñë‚ñë‚ñà‚ñà‚ñà‚ñà‚ñà‚ñà‚ñà‚ñà‚ñà‚ñà‚ñà‚ñà‚ñà‚ñà‚ñë‚ñë‚ñà‚ñà‚ñë‚ñë‚ñà‚ñà
‚ñà‚ñà‚ñë‚ñë‚ñë‚ñë‚ñà‚ñà‚ñë‚ñë‚ñë‚ñë‚ñë‚ñë‚ñë‚ñë‚ñë‚ñë‚ñà‚ñà‚ñë‚ñë‚ñà‚ñà‚ñë‚ñë‚ñà‚ñà
‚ñà‚ñà‚ñë‚ñë‚ñë‚ñëüßô‚Äç‚ñë‚ñë‚ñë‚ñë‚ñë‚ñë‚ñà‚ñà‚ñë‚ñë‚ñà‚ñà‚ñë‚ñë‚ñà‚ñà‚ñë‚ñë‚ñà‚ñà
‚ñà‚ñà‚ñà‚ñà‚ñà‚ñà‚ñà‚ñà‚ñà‚ñà‚ñë‚ñë‚ñë‚ñë‚ñà‚ñà‚ñë‚ñë‚ñà‚ñà‚ñë‚ñë‚ñà‚ñà‚ñë‚ñë‚ñà‚ñà
‚ñà‚ñà‚ñë‚ñë‚ñë‚ñë‚ñë‚ñë‚ñë‚ñë‚ñë‚ñë‚ñë‚ñë‚ñà‚ñà‚ñë‚ñë‚ñë‚ñë‚ñë‚ñë‚ñà‚ñà‚ñë‚ñë‚ñà‚ñà
‚ñà‚ñà‚ñà‚ñà‚ñà‚ñà‚ñà‚ñà‚ñà‚ñà‚ñà‚ñà‚ñà‚ñà‚ñà‚ñà‚ñà‚ñà‚ñà‚ñà‚ñà‚ñà‚ñà‚ñà‚ñà‚ñà‚ñà‚ñà
Moving right is successful
‚ñà‚ñà‚ñà‚ñà‚ñà‚ñà‚ñà‚ñà‚ñà‚ñà‚ñà‚ñà‚ñà‚ñà‚ñà‚ñà‚ñà‚ñà‚ñà‚ñà‚ñà‚ñà‚ñà‚ñà‚ñà‚ñà‚ñà‚ñà
‚ñà‚ñà‚ñë‚ñë‚ñë‚ñë‚ñë‚ñë‚ñë‚ñë‚ñë‚ñë‚ñë‚ñë‚ñà‚ñà‚ñà‚ñà‚ñà‚ñà‚ñà‚ñà‚ñà‚ñà‚ñà‚ñà‚ñà‚ñà
‚ñà‚ñà‚ñë‚ñë‚ñë‚ñë‚ñë‚ñë‚ñë‚ñë‚ñë‚ñë‚ñë‚ñë‚ñà‚ñà‚ñà‚ñà‚ñà‚ñà‚ñë‚ñë‚ñë‚ñë‚ñë‚ñë‚ñà‚ñà
‚ñà‚ñà‚ñë‚ñë‚ñë‚ñë‚ñà‚ñà‚ñà‚ñà‚ñà‚ñà‚ñà‚ñà‚ñà‚ñà‚ñà‚ñà‚ñà‚ñà‚ñë‚ñë‚ñà‚ñà‚ñë‚ñë‚ñà‚ñà
‚ñà‚ñà‚ñë‚ñë‚ñë‚ñë‚ñà‚ñà‚ñë‚ñë‚ñë‚ñë‚ñë‚ñë‚ñë‚ñë‚ñë‚ñë‚ñà‚ñà‚ñë‚ñë‚ñà‚ñà‚ñë‚ñë‚ñà‚ñà
‚ñà‚ñà‚ñë‚ñë‚ñë‚ñë‚ñë‚ñëüßô‚Äç‚ñë‚ñë‚ñë‚ñë‚ñà‚ñà‚ñë‚ñë‚ñà‚ñà‚ñë‚ñë‚ñà‚ñà‚ñë‚ñë‚ñà‚ñà
‚ñà‚ñà‚ñà‚ñà‚ñà‚ñà‚ñà‚ñà‚ñà‚ñà‚ñë‚ñë‚ñë‚ñë‚ñà‚ñà‚ñë‚ñë‚ñà‚ñà‚ñë‚ñë‚ñà‚ñà‚ñë‚ñë‚ñà‚ñà
‚ñà‚ñà‚ñë‚ñë‚ñë‚ñë‚ñë‚ñë‚ñë‚ñë‚ñë‚ñë‚ñë‚ñë‚ñà‚ñà‚ñë‚ñë‚ñë‚ñë‚ñë‚ñë‚ñà‚ñà‚ñë‚ñë‚ñà‚ñà
‚ñà‚ñà‚ñà‚ñà‚ñà‚ñà‚ñà‚ñà‚ñà‚ñà‚ñà‚ñà‚ñà‚ñà‚ñà‚ñà‚ñà‚ñà‚ñà‚ñà‚ñà‚ñà‚ñà‚ñà‚ñà‚ñà‚ñà‚ñà
Moving up is successful
‚ñà‚ñà‚ñà‚ñà‚ñà‚ñà‚ñà‚ñà‚ñà‚ñà‚ñà‚ñà‚ñà‚ñà‚ñà‚ñà‚ñà‚ñà‚ñà‚ñà‚ñà‚ñà‚ñà‚ñà‚ñà‚ñà‚ñà‚ñà
‚ñà‚ñà‚ñë‚ñë‚ñë‚ñë‚ñë‚ñë‚ñë‚ñë‚ñë‚ñë‚ñë‚ñë‚ñà‚ñà‚ñà‚ñà‚ñà‚ñà‚ñà‚ñà‚ñà‚ñà‚ñà‚ñà‚ñà‚ñà
‚ñà‚ñà‚ñë‚ñë‚ñë‚ñë‚ñë‚ñë‚ñë‚ñë‚ñë‚ñë‚ñë‚ñë‚ñà‚ñà‚ñà‚ñà‚ñà‚ñà‚ñë‚ñë‚ñë‚ñë‚ñë‚ñë‚ñà‚ñà
‚ñà‚ñà‚ñë‚ñë‚ñë‚ñë‚ñà‚ñà‚ñà‚ñà‚ñà‚ñà‚ñà‚ñà‚ñà‚ñà‚ñà‚ñà‚ñà‚ñà‚ñë‚ñë‚ñà‚ñà‚ñë‚ñë‚ñà‚ñà
‚ñà‚ñà‚ñë‚ñë‚ñë‚ñë‚ñà‚ñàüßô‚Äç‚ñë‚ñë‚ñë‚ñë‚ñë‚ñë‚ñë‚ñë‚ñà‚ñà‚ñë‚ñë‚ñà‚ñà‚ñë‚ñë‚ñà‚ñà
‚ñà‚ñà‚ñë‚ñë‚ñë‚ñë‚ñë‚ñë‚ñë‚ñë‚ñë‚ñë‚ñë‚ñë‚ñà‚ñà‚ñë‚ñë‚ñà‚ñà‚ñë‚ñë‚ñà‚ñà‚ñë‚ñë‚ñà‚ñà
‚ñà‚ñà‚ñà‚ñà‚ñà‚ñà‚ñà‚ñà‚ñà‚ñà‚ñë‚ñë‚ñë‚ñë‚ñà‚ñà‚ñë‚ñë‚ñà‚ñà‚ñë‚ñë‚ñà‚ñà‚ñë‚ñë‚ñà‚ñà
‚ñà‚ñà‚ñë‚ñë‚ñë‚ñë‚ñë‚ñë‚ñë‚ñë‚ñë‚ñë‚ñë‚ñë‚ñà‚ñà‚ñë‚ñë‚ñë‚ñë‚ñë‚ñë‚ñà‚ñà‚ñë‚ñë‚ñà‚ñà
‚ñà‚ñà‚ñà‚ñà‚ñà‚ñà‚ñà‚ñà‚ñà‚ñà‚ñà‚ñà‚ñà‚ñà‚ñà‚ñà‚ñà‚ñà‚ñà‚ñà‚ñà‚ñà‚ñà‚ñà‚ñà‚ñà‚ñà‚ñà
Moving right is successful
‚ñà‚ñà‚ñà‚ñà‚ñà‚ñà‚ñà‚ñà‚ñà‚ñà‚ñà‚ñà‚ñà‚ñà‚ñà‚ñà‚ñà‚ñà‚ñà‚ñà‚ñà‚ñà‚ñà‚ñà‚ñà‚ñà‚ñà‚ñà
‚ñà‚ñà‚ñë‚ñë‚ñë‚ñë‚ñë‚ñë‚ñë‚ñë‚ñë‚ñë‚ñë‚ñë‚ñà‚ñà‚ñà‚ñà‚ñà‚ñà‚ñà‚ñà‚ñà‚ñà‚ñà‚ñà‚ñà‚ñà
‚ñà‚ñà‚ñë‚ñë‚ñë‚ñë‚ñë‚ñë‚ñë‚ñë‚ñë‚ñë‚ñë‚ñë‚ñà‚ñà‚ñà‚ñà‚ñà‚ñà‚ñë‚ñë‚ñë‚ñë‚ñë‚ñë‚ñà‚ñà
‚ñà‚ñà‚ñë‚ñë‚ñë‚ñë‚ñà‚ñà‚ñà‚ñà‚ñà‚ñà‚ñà‚ñà‚ñà‚ñà‚ñà‚ñà‚ñà‚ñà‚ñë‚ñë‚ñà‚ñà‚ñë‚ñë‚ñà‚ñà
‚ñà‚ñà‚ñë‚ñë‚ñë‚ñë‚ñà‚ñà‚ñë‚ñëüßô‚Äç‚ñë‚ñë‚ñë‚ñë‚ñë‚ñë‚ñà‚ñà‚ñë‚ñë‚ñà‚ñà‚ñë‚ñë‚ñà‚ñà
‚ñà‚ñà‚ñë‚ñë‚ñë‚ñë‚ñë‚ñë‚ñë‚ñë‚ñë‚ñë‚ñë‚ñë‚ñà‚ñà‚ñë‚ñë‚ñà‚ñà‚ñë‚ñë‚ñà‚ñà‚ñë‚ñë‚ñà‚ñà
‚ñà‚ñà‚ñà‚ñà‚ñà‚ñà‚ñà‚ñà‚ñà‚ñà‚ñë‚ñë‚ñë‚ñë‚ñà‚ñà‚ñë‚ñë‚ñà‚ñà‚ñë‚ñë‚ñà‚ñà‚ñë‚ñë‚ñà‚ñà
‚ñà‚ñà‚ñë‚ñë‚ñë‚ñë‚ñë‚ñë‚ñë‚ñë‚ñë‚ñë‚ñë‚ñë‚ñà‚ñà‚ñë‚ñë‚ñë‚ñë‚ñë‚ñë‚ñà‚ñà‚ñë‚ñë‚ñà‚ñà
‚ñà‚ñà‚ñà‚ñà‚ñà‚ñà‚ñà‚ñà‚ñà‚ñà‚ñà‚ñà‚ñà‚ñà‚ñà‚ñà‚ñà‚ñà‚ñà‚ñà‚ñà‚ñà‚ñà‚ñà‚ñà‚ñà‚ñà‚ñà
Moving up is impossibru
‚ñà‚ñà‚ñà‚ñà‚ñà‚ñà‚ñà‚ñà‚ñà‚ñà‚ñà‚ñà‚ñà‚ñà‚ñà‚ñà‚ñà‚ñà‚ñà‚ñà‚ñà‚ñà‚ñà‚ñà‚ñà‚ñà‚ñà‚ñà
‚ñà‚ñà‚ñë‚ñë‚ñë‚ñë‚ñë‚ñë‚ñë‚ñë‚ñë‚ñë‚ñë‚ñë‚ñà‚ñà‚ñà‚ñà‚ñà‚ñà‚ñà‚ñà‚ñà‚ñà‚ñà‚ñà‚ñà‚ñà
‚ñà‚ñà‚ñë‚ñë‚ñë‚ñë‚ñë‚ñë‚ñë‚ñë‚ñë‚ñë‚ñë‚ñë‚ñà‚ñà‚ñà‚ñà‚ñà‚ñà‚ñë‚ñë‚ñë‚ñë‚ñë‚ñë‚ñà‚ñà
‚ñà‚ñà‚ñë‚ñë‚ñë‚ñë‚ñà‚ñà‚ñà‚ñà‚ñà‚ñà‚ñà‚ñà‚ñà‚ñà‚ñà‚ñà‚ñà‚ñà‚ñë‚ñë‚ñà‚ñà‚ñë‚ñë‚ñà‚ñà
‚ñà‚ñà‚ñë‚ñë‚ñë‚ñë‚ñà‚ñà‚ñë‚ñëüßô‚Äç‚ñë‚ñë‚ñë‚ñë‚ñë‚ñë‚ñà‚ñà‚ñë‚ñë‚ñà‚ñà‚ñë‚ñë‚ñà‚ñà
‚ñà‚ñà‚ñë‚ñë‚ñë‚ñë‚ñë‚ñë‚ñë‚ñë‚ñë‚ñë‚ñë‚ñë‚ñà‚ñà‚ñë‚ñë‚ñà‚ñà‚ñë‚ñë‚ñà‚ñà‚ñë‚ñë‚ñà‚ñà
‚ñà‚ñà‚ñà‚ñà‚ñà‚ñà‚ñà‚ñà‚ñà‚ñà‚ñë‚ñë‚ñë‚ñë‚ñà‚ñà‚ñë‚ñë‚ñà‚ñà‚ñë‚ñë‚ñà‚ñà‚ñë‚ñë‚ñà‚ñà
‚ñà‚ñà‚ñë‚ñë‚ñë‚ñë‚ñë‚ñë‚ñë‚ñë‚ñë‚ñë‚ñë‚ñë‚ñà‚ñà‚ñë‚ñë‚ñë‚ñë‚ñë‚ñë‚ñà‚ñà‚ñë‚ñë‚ñà‚ñà
‚ñà‚ñà‚ñà‚ñà‚ñà‚ñà‚ñà‚ñà‚ñà‚ñà‚ñà‚ñà‚ñà‚ñà‚ñà‚ñà‚ñà‚ñà‚ñà‚ñà‚ñà‚ñà‚ñà‚ñà‚ñà‚ñà‚ñà‚ñà
Moving left is successful
‚ñà‚ñà‚ñà‚ñà‚ñà‚ñà‚ñà‚ñà‚ñà‚ñà‚ñà‚ñà‚ñà‚ñà‚ñà‚ñà‚ñà‚ñà‚ñà‚ñà‚ñà‚ñà‚ñà‚ñà‚ñà‚ñà‚ñà‚ñà
‚ñà‚ñà‚ñë‚ñë‚ñë‚ñë‚ñë‚ñë‚ñë‚ñë‚ñë‚ñë‚ñë‚ñë‚ñà‚ñà‚ñà‚ñà‚ñà‚ñà‚ñà‚ñà‚ñà‚ñà‚ñà‚ñà‚ñà‚ñà
‚ñà‚ñà‚ñë‚ñë‚ñë‚ñë‚ñë‚ñë‚ñë‚ñë‚ñë‚ñë‚ñë‚ñë‚ñà‚ñà‚ñà‚ñà‚ñà‚ñà‚ñë‚ñë‚ñë‚ñë‚ñë‚ñë‚ñà‚ñà
‚ñà‚ñà‚ñë‚ñë‚ñë‚ñë‚ñà‚ñà‚ñà‚ñà‚ñà‚ñà‚ñà‚ñà‚ñà‚ñà‚ñà‚ñà‚ñà‚ñà‚ñë‚ñë‚ñà‚ñà‚ñë‚ñë‚ñà‚ñà
‚ñà‚ñà‚ñë‚ñë‚ñë‚ñë‚ñà‚ñàüßô‚Äç‚ñë‚ñë‚ñë‚ñë‚ñë‚ñë‚ñë‚ñë‚ñà‚ñà‚ñë‚ñë‚ñà‚ñà‚ñë‚ñë‚ñà‚ñà
‚ñà‚ñà‚ñë‚ñë‚ñë‚ñë‚ñë‚ñë‚ñë‚ñë‚ñë‚ñë‚ñë‚ñë‚ñà‚ñà‚ñë‚ñë‚ñà‚ñà‚ñë‚ñë‚ñà‚ñà‚ñë‚ñë‚ñà‚ñà
‚ñà‚ñà‚ñà‚ñà‚ñà‚ñà‚ñà‚ñà‚ñà‚ñà‚ñë‚ñë‚ñë‚ñë‚ñà‚ñà‚ñë‚ñë‚ñà‚ñà‚ñë‚ñë‚ñà‚ñà‚ñë‚ñë‚ñà‚ñà
‚ñà‚ñà‚ñë‚ñë‚ñë‚ñë‚ñë‚ñë‚ñë‚ñë‚ñë‚ñë‚ñë‚ñë‚ñà‚ñà‚ñë‚ñë‚ñë‚ñë‚ñë‚ñë‚ñà‚ñà‚ñë‚ñë‚ñà‚ñà
‚ñà‚ñà‚ñà‚ñà‚ñà‚ñà‚ñà‚ñà‚ñà‚ñà‚ñà‚ñà‚ñà‚ñà‚ñà‚ñà‚ñà‚ñà‚ñà‚ñà‚ñà‚ñà‚ñà‚ñà‚ñà‚ñà‚ñà‚ñà
Moving down is successful
‚ñà‚ñà‚ñà‚ñà‚ñà‚ñà‚ñà‚ñà‚ñà‚ñà‚ñà‚ñà‚ñà‚ñà‚ñà‚ñà‚ñà‚ñà‚ñà‚ñà‚ñà‚ñà‚ñà‚ñà‚ñà‚ñà‚ñà‚ñà
‚ñà‚ñà‚ñë‚ñë‚ñë‚ñë‚ñë‚ñë‚ñë‚ñë‚ñë‚ñë‚ñë‚ñë‚ñà‚ñà‚ñà‚ñà‚ñà‚ñà‚ñà‚ñà‚ñà‚ñà‚ñà‚ñà‚ñà‚ñà
‚ñà‚ñà‚ñë‚ñë‚ñë‚ñë‚ñë‚ñë‚ñë‚ñë‚ñë‚ñë‚ñë‚ñë‚ñà‚ñà‚ñà‚ñà‚ñà‚ñà‚ñë‚ñë‚ñë‚ñë‚ñë‚ñë‚ñà‚ñà
‚ñà‚ñà‚ñë‚ñë‚ñë‚ñë‚ñà‚ñà‚ñà‚ñà‚ñà‚ñà‚ñà‚ñà‚ñà‚ñà‚ñà‚ñà‚ñà‚ñà‚ñë‚ñë‚ñà‚ñà‚ñë‚ñë‚ñà‚ñà
‚ñà‚ñà‚ñë‚ñë‚ñë‚ñë‚ñà‚ñà‚ñë‚ñë‚ñë‚ñë‚ñë‚ñë‚ñë‚ñë‚ñë‚ñë‚ñà‚ñà‚ñë‚ñë‚ñà‚ñà‚ñë‚ñë‚ñà‚ñà
‚ñà‚ñà‚ñë‚ñë‚ñë‚ñë‚ñë‚ñëüßô‚Äç‚ñë‚ñë‚ñë‚ñë‚ñà‚ñà‚ñë‚ñë‚ñà‚ñà‚ñë‚ñë‚ñà‚ñà‚ñë‚ñë‚ñà‚ñà
‚ñà‚ñà‚ñà‚ñà‚ñà‚ñà‚ñà‚ñà‚ñà‚ñà‚ñë‚ñë‚ñë‚ñë‚ñà‚ñà‚ñë‚ñë‚ñà‚ñà‚ñë‚ñë‚ñà‚ñà‚ñë‚ñë‚ñà‚ñà
‚ñà‚ñà‚ñë‚ñë‚ñë‚ñë‚ñë‚ñë‚ñë‚ñë‚ñë‚ñë‚ñë‚ñë‚ñà‚ñà‚ñë‚ñë‚ñë‚ñë‚ñë‚ñë‚ñà‚ñà‚ñë‚ñë‚ñà‚ñà
‚ñà‚ñà‚ñà‚ñà‚ñà‚ñà‚ñà‚ñà‚ñà‚ñà‚ñà‚ñà‚ñà‚ñà‚ñà‚ñà‚ñà‚ñà‚ñà‚ñà‚ñà‚ñà‚ñà‚ñà‚ñà‚ñà‚ñà‚ñà
Moving down is impossibru
‚ñà‚ñà‚ñà‚ñà‚ñà‚ñà‚ñà‚ñà‚ñà‚ñà‚ñà‚ñà‚ñà‚ñà‚ñà‚ñà‚ñà‚ñà‚ñà‚ñà‚ñà‚ñà‚ñà‚ñà‚ñà‚ñà‚ñà‚ñà
‚ñà‚ñà‚ñë‚ñë‚ñë‚ñë‚ñë‚ñë‚ñë‚ñë‚ñë‚ñë‚ñë‚ñë‚ñà‚ñà‚ñà‚ñà‚ñà‚ñà‚ñà‚ñà‚ñà‚ñà‚ñà‚ñà‚ñà‚ñà
‚ñà‚ñà‚ñë‚ñë‚ñë‚ñë‚ñë‚ñë‚ñë‚ñë‚ñë‚ñë‚ñë‚ñë‚ñà‚ñà‚ñà‚ñà‚ñà‚ñà‚ñë‚ñë‚ñë‚ñë‚ñë‚ñë‚ñà‚ñà
‚ñà‚ñà‚ñë‚ñë‚ñë‚ñë‚ñà‚ñà‚ñà‚ñà‚ñà‚ñà‚ñà‚ñà‚ñà‚ñà‚ñà‚ñà‚ñà‚ñà‚ñë‚ñë‚ñà‚ñà‚ñë‚ñë‚ñà‚ñà
‚ñà‚ñà‚ñë‚ñë‚ñë‚ñë‚ñà‚ñà‚ñë‚ñë‚ñë‚ñë‚ñë‚ñë‚ñë‚ñë‚ñë‚ñë‚ñà‚ñà‚ñë‚ñë‚ñà‚ñà‚ñë‚ñë‚ñà‚ñà
‚ñà‚ñà‚ñë‚ñë‚ñë‚ñë‚ñë‚ñëüßô‚Äç‚ñë‚ñë‚ñë‚ñë‚ñà‚ñà‚ñë‚ñë‚ñà‚ñà‚ñë‚ñë‚ñà‚ñà‚ñë‚ñë‚ñà‚ñà
‚ñà‚ñà‚ñà‚ñà‚ñà‚ñà‚ñà‚ñà‚ñà‚ñà‚ñë‚ñë‚ñë‚ñë‚ñà‚ñà‚ñë‚ñë‚ñà‚ñà‚ñë‚ñë‚ñà‚ñà‚ñë‚ñë‚ñà‚ñà
‚ñà‚ñà‚ñë‚ñë‚ñë‚ñë‚ñë‚ñë‚ñë‚ñë‚ñë‚ñë‚ñë‚ñë‚ñà‚ñà‚ñë‚ñë‚ñë‚ñë‚ñë‚ñë‚ñà‚ñà‚ñë‚ñë‚ñà‚ñà
‚ñà‚ñà‚ñà‚ñà‚ñà‚ñà‚ñà‚ñà‚ñà‚ñà‚ñà‚ñà‚ñà‚ñà‚ñà‚ñà‚ñà‚ñà‚ñà‚ñà‚ñà‚ñà‚ñà‚ñà‚ñà‚ñà‚ñà‚ñà
Moving down is impossibru
‚ñà‚ñà‚ñà‚ñà‚ñà‚ñà‚ñà‚ñà‚ñà‚ñà‚ñà‚ñà‚ñà‚ñà‚ñà‚ñà‚ñà‚ñà‚ñà‚ñà‚ñà‚ñà‚ñà‚ñà‚ñà‚ñà‚ñà‚ñà
‚ñà‚ñà‚ñë‚ñë‚ñë‚ñë‚ñë‚ñë‚ñë‚ñë‚ñë‚ñë‚ñë‚ñë‚ñà‚ñà‚ñà‚ñà‚ñà‚ñà‚ñà‚ñà‚ñà‚ñà‚ñà‚ñà‚ñà‚ñà
‚ñà‚ñà‚ñë‚ñë‚ñë‚ñë‚ñë‚ñë‚ñë‚ñë‚ñë‚ñë‚ñë‚ñë‚ñà‚ñà‚ñà‚ñà‚ñà‚ñà‚ñë‚ñë‚ñë‚ñë‚ñë‚ñë‚ñà‚ñà
‚ñà‚ñà‚ñë‚ñë‚ñë‚ñë‚ñà‚ñà‚ñà‚ñà‚ñà‚ñà‚ñà‚ñà‚ñà‚ñà‚ñà‚ñà‚ñà‚ñà‚ñë‚ñë‚ñà‚ñà‚ñë‚ñë‚ñà‚ñà
‚ñà‚ñà‚ñë‚ñë‚ñë‚ñë‚ñà‚ñà‚ñë‚ñë‚ñë‚ñë‚ñë‚ñë‚ñë‚ñë‚ñë‚ñë‚ñà‚ñà‚ñë‚ñë‚ñà‚ñà‚ñë‚ñë‚ñà‚ñà
‚ñà‚ñà‚ñë‚ñë‚ñë‚ñë‚ñë‚ñëüßô‚Äç‚ñë‚ñë‚ñë‚ñë‚ñà‚ñà‚ñë‚ñë‚ñà‚ñà‚ñë‚ñë‚ñà‚ñà‚ñë‚ñë‚ñà‚ñà
‚ñà‚ñà‚ñà‚ñà‚ñà‚ñà‚ñà‚ñà‚ñà‚ñà‚ñë‚ñë‚ñë‚ñë‚ñà‚ñà‚ñë‚ñë‚ñà‚ñà‚ñë‚ñë‚ñà‚ñà‚ñë‚ñë‚ñà‚ñà
‚ñà‚ñà‚ñë‚ñë‚ñë‚ñë‚ñë‚ñë‚ñë‚ñë‚ñë‚ñë‚ñë‚ñë‚ñà‚ñà‚ñë‚ñë‚ñë‚ñë‚ñë‚ñë‚ñà‚ñà‚ñë‚ñë‚ñà‚ñà
‚ñà‚ñà‚ñà‚ñà‚ñà‚ñà‚ñà‚ñà‚ñà‚ñà‚ñà‚ñà‚ñà‚ñà‚ñà‚ñà‚ñà‚ñà‚ñà‚ñà‚ñà‚ñà‚ñà‚ñà‚ñà‚ñà‚ñà‚ñà
Moving down is impossibru
‚ñà‚ñà‚ñà‚ñà‚ñà‚ñà‚ñà‚ñà‚ñà‚ñà‚ñà‚ñà‚ñà‚ñà‚ñà‚ñà‚ñà‚ñà‚ñà‚ñà‚ñà‚ñà‚ñà‚ñà‚ñà‚ñà‚ñà‚ñà
‚ñà‚ñà‚ñë‚ñë‚ñë‚ñë‚ñë‚ñë‚ñë‚ñë‚ñë‚ñë‚ñë‚ñë‚ñà‚ñà‚ñà‚ñà‚ñà‚ñà‚ñà‚ñà‚ñà‚ñà‚ñà‚ñà‚ñà‚ñà
‚ñà‚ñà‚ñë‚ñë‚ñë‚ñë‚ñë‚ñë‚ñë‚ñë‚ñë‚ñë‚ñë‚ñë‚ñà‚ñà‚ñà‚ñà‚ñà‚ñà‚ñë‚ñë‚ñë‚ñë‚ñë‚ñë‚ñà‚ñà
‚ñà‚ñà‚ñë‚ñë‚ñë‚ñë‚ñà‚ñà‚ñà‚ñà‚ñà‚ñà‚ñà‚ñà‚ñà‚ñà‚ñà‚ñà‚ñà‚ñà‚ñë‚ñë‚ñà‚ñà‚ñë‚ñë‚ñà‚ñà
‚ñà‚ñà‚ñë‚ñë‚ñë‚ñë‚ñà‚ñà‚ñë‚ñë‚ñë‚ñë‚ñë‚ñë‚ñë‚ñë‚ñë‚ñë‚ñà‚ñà‚ñë‚ñë‚ñà‚ñà‚ñë‚ñë‚ñà‚ñà
‚ñà‚ñà‚ñë‚ñë‚ñë‚ñë‚ñë‚ñëüßô‚Äç‚ñë‚ñë‚ñë‚ñë‚ñà‚ñà‚ñë‚ñë‚ñà‚ñà‚ñë‚ñë‚ñà‚ñà‚ñë‚ñë‚ñà‚ñà
‚ñà‚ñà‚ñà‚ñà‚ñà‚ñà‚ñà‚ñà‚ñà‚ñà‚ñë‚ñë‚ñë‚ñë‚ñà‚ñà‚ñë‚ñë‚ñà‚ñà‚ñë‚ñë‚ñà‚ñà‚ñë‚ñë‚ñà‚ñà
‚ñà‚ñà‚ñë‚ñë‚ñë‚ñë‚ñë‚ñë‚ñë‚ñë‚ñë‚ñë‚ñë‚ñë‚ñà‚ñà‚ñë‚ñë‚ñë‚ñë‚ñë‚ñë‚ñà‚ñà‚ñë‚ñë‚ñà‚ñà
‚ñà‚ñà‚ñà‚ñà‚ñà‚ñà‚ñà‚ñà‚ñà‚ñà‚ñà‚ñà‚ñà‚ñà‚ñà‚ñà‚ñà‚ñà‚ñà‚ñà‚ñà‚ñà‚ñà‚ñà‚ñà‚ñà‚ñà‚ñà
Moving left is successful
‚ñà‚ñà‚ñà‚ñà‚ñà‚ñà‚ñà‚ñà‚ñà‚ñà‚ñà‚ñà‚ñà‚ñà‚ñà‚ñà‚ñà‚ñà‚ñà‚ñà‚ñà‚ñà‚ñà‚ñà‚ñà‚ñà‚ñà‚ñà
‚ñà‚ñà‚ñë‚ñë‚ñë‚ñë‚ñë‚ñë‚ñë‚ñë‚ñë‚ñë‚ñë‚ñë‚ñà‚ñà‚ñà‚ñà‚ñà‚ñà‚ñà‚ñà‚ñà‚ñà‚ñà‚ñà‚ñà‚ñà
‚ñà‚ñà‚ñë‚ñë‚ñë‚ñë‚ñë‚ñë‚ñë‚ñë‚ñë‚ñë‚ñë‚ñë‚ñà‚ñà‚ñà‚ñà‚ñà‚ñà‚ñë‚ñë‚ñë‚ñë‚ñë‚ñë‚ñà‚ñà
‚ñà‚ñà‚ñë‚ñë‚ñë‚ñë‚ñà‚ñà‚ñà‚ñà‚ñà‚ñà‚ñà‚ñà‚ñà‚ñà‚ñà‚ñà‚ñà‚ñà‚ñë‚ñë‚ñà‚ñà‚ñë‚ñë‚ñà‚ñà
‚ñà‚ñà‚ñë‚ñë‚ñë‚ñë‚ñà‚ñà‚ñë‚ñë‚ñë‚ñë‚ñë‚ñë‚ñë‚ñë‚ñë‚ñë‚ñà‚ñà‚ñë‚ñë‚ñà‚ñà‚ñë‚ñë‚ñà‚ñà
‚ñà‚ñà‚ñë‚ñë‚ñë‚ñëüßô‚Äç‚ñë‚ñë‚ñë‚ñë‚ñë‚ñë‚ñà‚ñà‚ñë‚ñë‚ñà‚ñà‚ñë‚ñë‚ñà‚ñà‚ñë‚ñë‚ñà‚ñà
‚ñà‚ñà‚ñà‚ñà‚ñà‚ñà‚ñà‚ñà‚ñà‚ñà‚ñë‚ñë‚ñë‚ñë‚ñà‚ñà‚ñë‚ñë‚ñà‚ñà‚ñë‚ñë‚ñà‚ñà‚ñë‚ñë‚ñà‚ñà
‚ñà‚ñà‚ñë‚ñë‚ñë‚ñë‚ñë‚ñë‚ñë‚ñë‚ñë‚ñë‚ñë‚ñë‚ñà‚ñà‚ñë‚ñë‚ñë‚ñë‚ñë‚ñë‚ñà‚ñà‚ñë‚ñë‚ñà‚ñà
‚ñà‚ñà‚ñà‚ñà‚ñà‚ñà‚ñà‚ñà‚ñà‚ñà‚ñà‚ñà‚ñà‚ñà‚ñà‚ñà‚ñà‚ñà‚ñà‚ñà‚ñà‚ñà‚ñà‚ñà‚ñà‚ñà‚ñà‚ñà
Moving right is successful
‚ñà‚ñà‚ñà‚ñà‚ñà‚ñà‚ñà‚ñà‚ñà‚ñà‚ñà‚ñà‚ñà‚ñà‚ñà‚ñà‚ñà‚ñà‚ñà‚ñà‚ñà‚ñà‚ñà‚ñà‚ñà‚ñà‚ñà‚ñà
‚ñà‚ñà‚ñë‚ñë‚ñë‚ñë‚ñë‚ñë‚ñë‚ñë‚ñë‚ñë‚ñë‚ñë‚ñà‚ñà‚ñà‚ñà‚ñà‚ñà‚ñà‚ñà‚ñà‚ñà‚ñà‚ñà‚ñà‚ñà
‚ñà‚ñà‚ñë‚ñë‚ñë‚ñë‚ñë‚ñë‚ñë‚ñë‚ñë‚ñë‚ñë‚ñë‚ñà‚ñà‚ñà‚ñà‚ñà‚ñà‚ñë‚ñë‚ñë‚ñë‚ñë‚ñë‚ñà‚ñà
‚ñà‚ñà‚ñë‚ñë‚ñë‚ñë‚ñà‚ñà‚ñà‚ñà‚ñà‚ñà‚ñà‚ñà‚ñà‚ñà‚ñà‚ñà‚ñà‚ñà‚ñë‚ñë‚ñà‚ñà‚ñë‚ñë‚ñà‚ñà
‚ñà‚ñà‚ñë‚ñë‚ñë‚ñë‚ñà‚ñà‚ñë‚ñë‚ñë‚ñë‚ñë‚ñë‚ñë‚ñë‚ñë‚ñë‚ñà‚ñà‚ñë‚ñë‚ñà‚ñà‚ñë‚ñë‚ñà‚ñà
‚ñà‚ñà‚ñë‚ñë‚ñë‚ñë‚ñë‚ñëüßô‚Äç‚ñë‚ñë‚ñë‚ñë‚ñà‚ñà‚ñë‚ñë‚ñà‚ñà‚ñë‚ñë‚ñà‚ñà‚ñë‚ñë‚ñà‚ñà
‚ñà‚ñà‚ñà‚ñà‚ñà‚ñà‚ñà‚ñà‚ñà‚ñà‚ñë‚ñë‚ñë‚ñë‚ñà‚ñà‚ñë‚ñë‚ñà‚ñà‚ñë‚ñë‚ñà‚ñà‚ñë‚ñë‚ñà‚ñà
‚ñà‚ñà‚ñë‚ñë‚ñë‚ñë‚ñë‚ñë‚ñë‚ñë‚ñë‚ñë‚ñë‚ñë‚ñà‚ñà‚ñë‚ñë‚ñë‚ñë‚ñë‚ñë‚ñà‚ñà‚ñë‚ñë‚ñà‚ñà
‚ñà‚ñà‚ñà‚ñà‚ñà‚ñà‚ñà‚ñà‚ñà‚ñà‚ñà‚ñà‚ñà‚ñà‚ñà‚ñà‚ñà‚ñà‚ñà‚ñà‚ñà‚ñà‚ñà‚ñà‚ñà‚ñà‚ñà‚ñà
Moving down is impossibru
‚ñà‚ñà‚ñà‚ñà‚ñà‚ñà‚ñà‚ñà‚ñà‚ñà‚ñà‚ñà‚ñà‚ñà‚ñà‚ñà‚ñà‚ñà‚ñà‚ñà‚ñà‚ñà‚ñà‚ñà‚ñà‚ñà‚ñà‚ñà
‚ñà‚ñà‚ñë‚ñë‚ñë‚ñë‚ñë‚ñë‚ñë‚ñë‚ñë‚ñë‚ñë‚ñë‚ñà‚ñà‚ñà‚ñà‚ñà‚ñà‚ñà‚ñà‚ñà‚ñà‚ñà‚ñà‚ñà‚ñà
‚ñà‚ñà‚ñë‚ñë‚ñë‚ñë‚ñë‚ñë‚ñë‚ñë‚ñë‚ñë‚ñë‚ñë‚ñà‚ñà‚ñà‚ñà‚ñà‚ñà‚ñë‚ñë‚ñë‚ñë‚ñë‚ñë‚ñà‚ñà
‚ñà‚ñà‚ñë‚ñë‚ñë‚ñë‚ñà‚ñà‚ñà‚ñà‚ñà‚ñà‚ñà‚ñà‚ñà‚ñà‚ñà‚ñà‚ñà‚ñà‚ñë‚ñë‚ñà‚ñà‚ñë‚ñë‚ñà‚ñà
‚ñà‚ñà‚ñë‚ñë‚ñë‚ñë‚ñà‚ñà‚ñë‚ñë‚ñë‚ñë‚ñë‚ñë‚ñë‚ñë‚ñë‚ñë‚ñà‚ñà‚ñë‚ñë‚ñà‚ñà‚ñë‚ñë‚ñà‚ñà
‚ñà‚ñà‚ñë‚ñë‚ñë‚ñë‚ñë‚ñëüßô‚Äç‚ñë‚ñë‚ñë‚ñë‚ñà‚ñà‚ñë‚ñë‚ñà‚ñà‚ñë‚ñë‚ñà‚ñà‚ñë‚ñë‚ñà‚ñà
‚ñà‚ñà‚ñà‚ñà‚ñà‚ñà‚ñà‚ñà‚ñà‚ñà‚ñë‚ñë‚ñë‚ñë‚ñà‚ñà‚ñë‚ñë‚ñà‚ñà‚ñë‚ñë‚ñà‚ñà‚ñë‚ñë‚ñà‚ñà
‚ñà‚ñà‚ñë‚ñë‚ñë‚ñë‚ñë‚ñë‚ñë‚ñë‚ñë‚ñë‚ñë‚ñë‚ñà‚ñà‚ñë‚ñë‚ñë‚ñë‚ñë‚ñë‚ñà‚ñà‚ñë‚ñë‚ñà‚ñà
‚ñà‚ñà‚ñà‚ñà‚ñà‚ñà‚ñà‚ñà‚ñà‚ñà‚ñà‚ñà‚ñà‚ñà‚ñà‚ñà‚ñà‚ñà‚ñà‚ñà‚ñà‚ñà‚ñà‚ñà‚ñà‚ñà‚ñà‚ñà
Moving right is successful
‚ñà‚ñà‚ñà‚ñà‚ñà‚ñà‚ñà‚ñà‚ñà‚ñà‚ñà‚ñà‚ñà‚ñà‚ñà‚ñà‚ñà‚ñà‚ñà‚ñà‚ñà‚ñà‚ñà‚ñà‚ñà‚ñà‚ñà‚ñà
‚ñà‚ñà‚ñë‚ñë‚ñë‚ñë‚ñë‚ñë‚ñë‚ñë‚ñë‚ñë‚ñë‚ñë‚ñà‚ñà‚ñà‚ñà‚ñà‚ñà‚ñà‚ñà‚ñà‚ñà‚ñà‚ñà‚ñà‚ñà
‚ñà‚ñà‚ñë‚ñë‚ñë‚ñë‚ñë‚ñë‚ñë‚ñë‚ñë‚ñë‚ñë‚ñë‚ñà‚ñà‚ñà‚ñà‚ñà‚ñà‚ñë‚ñë‚ñë‚ñë‚ñë‚ñë‚ñà‚ñà
‚ñà‚ñà‚ñë‚ñë‚ñë‚ñë‚ñà‚ñà‚ñà‚ñà‚ñà‚ñà‚ñà‚ñà‚ñà‚ñà‚ñà‚ñà‚ñà‚ñà‚ñë‚ñë‚ñà‚ñà‚ñë‚ñë‚ñà‚ñà
‚ñà‚ñà‚ñë‚ñë‚ñë‚ñë‚ñà‚ñà‚ñë‚ñë‚ñë‚ñë‚ñë‚ñë‚ñë‚ñë‚ñë‚ñë‚ñà‚ñà‚ñë‚ñë‚ñà‚ñà‚ñë‚ñë‚ñà‚ñà
‚ñà‚ñà‚ñë‚ñë‚ñë‚ñë‚ñë‚ñë‚ñë‚ñëüßô‚Äç‚ñë‚ñë‚ñà‚ñà‚ñë‚ñë‚ñà‚ñà‚ñë‚ñë‚ñà‚ñà‚ñë‚ñë‚ñà‚ñà
‚ñà‚ñà‚ñà‚ñà‚ñà‚ñà‚ñà‚ñà‚ñà‚ñà‚ñë‚ñë‚ñë‚ñë‚ñà‚ñà‚ñë‚ñë‚ñà‚ñà‚ñë‚ñë‚ñà‚ñà‚ñë‚ñë‚ñà‚ñà
‚ñà‚ñà‚ñë‚ñë‚ñë‚ñë‚ñë‚ñë‚ñë‚ñë‚ñë‚ñë‚ñë‚ñë‚ñà‚ñà‚ñë‚ñë‚ñë‚ñë‚ñë‚ñë‚ñà‚ñà‚ñë‚ñë‚ñà‚ñà
‚ñà‚ñà‚ñà‚ñà‚ñà‚ñà‚ñà‚ñà‚ñà‚ñà‚ñà‚ñà‚ñà‚ñà‚ñà‚ñà‚ñà‚ñà‚ñà‚ñà‚ñà‚ñà‚ñà‚ñà‚ñà‚ñà‚ñà‚ñà
Moving left is successful
‚ñà‚ñà‚ñà‚ñà‚ñà‚ñà‚ñà‚ñà‚ñà‚ñà‚ñà‚ñà‚ñà‚ñà‚ñà‚ñà‚ñà‚ñà‚ñà‚ñà‚ñà‚ñà‚ñà‚ñà‚ñà‚ñà‚ñà‚ñà
‚ñà‚ñà‚ñë‚ñë‚ñë‚ñë‚ñë‚ñë‚ñë‚ñë‚ñë‚ñë‚ñë‚ñë‚ñà‚ñà‚ñà‚ñà‚ñà‚ñà‚ñà‚ñà‚ñà‚ñà‚ñà‚ñà‚ñà‚ñà
‚ñà‚ñà‚ñë‚ñë‚ñë‚ñë‚ñë‚ñë‚ñë‚ñë‚ñë‚ñë‚ñë‚ñë‚ñà‚ñà‚ñà‚ñà‚ñà‚ñà‚ñë‚ñë‚ñë‚ñë‚ñë‚ñë‚ñà‚ñà
‚ñà‚ñà‚ñë‚ñë‚ñë‚ñë‚ñà‚ñà‚ñà‚ñà‚ñà‚ñà‚ñà‚ñà‚ñà‚ñà‚ñà‚ñà‚ñà‚ñà‚ñë‚ñë‚ñà‚ñà‚ñë‚ñë‚ñà‚ñà
‚ñà‚ñà‚ñë‚ñë‚ñë‚ñë‚ñà‚ñà‚ñë‚ñë‚ñë‚ñë‚ñë‚ñë‚ñë‚ñë‚ñë‚ñë‚ñà‚ñà‚ñë‚ñë‚ñà‚ñà‚ñë‚ñë‚ñà‚ñà
‚ñà‚ñà‚ñë‚ñë‚ñë‚ñë‚ñë‚ñëüßô‚Äç‚ñë‚ñë‚ñë‚ñë‚ñà‚ñà‚ñë‚ñë‚ñà‚ñà‚ñë‚ñë‚ñà‚ñà‚ñë‚ñë‚ñà‚ñà
‚ñà‚ñà‚ñà‚ñà‚ñà‚ñà‚ñà‚ñà‚ñà‚ñà‚ñë‚ñë‚ñë‚ñë‚ñà‚ñà‚ñë‚ñë‚ñà‚ñà‚ñë‚ñë‚ñà‚ñà‚ñë‚ñë‚ñà‚ñà
‚ñà‚ñà‚ñë‚ñë‚ñë‚ñë‚ñë‚ñë‚ñë‚ñë‚ñë‚ñë‚ñë‚ñë‚ñà‚ñà‚ñë‚ñë‚ñë‚ñë‚ñë‚ñë‚ñà‚ñà‚ñë‚ñë‚ñà‚ñà
‚ñà‚ñà‚ñà‚ñà‚ñà‚ñà‚ñà‚ñà‚ñà‚ñà‚ñà‚ñà‚ñà‚ñà‚ñà‚ñà‚ñà‚ñà‚ñà‚ñà‚ñà‚ñà‚ñà‚ñà‚ñà‚ñà‚ñà‚ñà
Moving left is successful
‚ñà‚ñà‚ñà‚ñà‚ñà‚ñà‚ñà‚ñà‚ñà‚ñà‚ñà‚ñà‚ñà‚ñà‚ñà‚ñà‚ñà‚ñà‚ñà‚ñà‚ñà‚ñà‚ñà‚ñà‚ñà‚ñà‚ñà‚ñà
‚ñà‚ñà‚ñë‚ñë‚ñë‚ñë‚ñë‚ñë‚ñë‚ñë‚ñë‚ñë‚ñë‚ñë‚ñà‚ñà‚ñà‚ñà‚ñà‚ñà‚ñà‚ñà‚ñà‚ñà‚ñà‚ñà‚ñà‚ñà
‚ñà‚ñà‚ñë‚ñë‚ñë‚ñë‚ñë‚ñë‚ñë‚ñë‚ñë‚ñë‚ñë‚ñë‚ñà‚ñà‚ñà‚ñà‚ñà‚ñà‚ñë‚ñë‚ñë‚ñë‚ñë‚ñë‚ñà‚ñà
‚ñà‚ñà‚ñë‚ñë‚ñë‚ñë‚ñà‚ñà‚ñà‚ñà‚ñà‚ñà‚ñà‚ñà‚ñà‚ñà‚ñà‚ñà‚ñà‚ñà‚ñë‚ñë‚ñà‚ñà‚ñë‚ñë‚ñà‚ñà
‚ñà‚ñà‚ñë‚ñë‚ñë‚ñë‚ñà‚ñà‚ñë‚ñë‚ñë‚ñë‚ñë‚ñë‚ñë‚ñë‚ñë‚ñë‚ñà‚ñà‚ñë‚ñë‚ñà‚ñà‚ñë‚ñë‚ñà‚ñà
‚ñà‚ñà‚ñë‚ñë‚ñë‚ñëüßô‚Äç‚ñë‚ñë‚ñë‚ñë‚ñë‚ñë‚ñà‚ñà‚ñë‚ñë‚ñà‚ñà‚ñë‚ñë‚ñà‚ñà‚ñë‚ñë‚ñà‚ñà
‚ñà‚ñà‚ñà‚ñà‚ñà‚ñà‚ñà‚ñà‚ñà‚ñà‚ñë‚ñë‚ñë‚ñë‚ñà‚ñà‚ñë‚ñë‚ñà‚ñà‚ñë‚ñë‚ñà‚ñà‚ñë‚ñë‚ñà‚ñà
‚ñà‚ñà‚ñë‚ñë‚ñë‚ñë‚ñë‚ñë‚ñë‚ñë‚ñë‚ñë‚ñë‚ñë‚ñà‚ñà‚ñë‚ñë‚ñë‚ñë‚ñë‚ñë‚ñà‚ñà‚ñë‚ñë‚ñà‚ñà
‚ñà‚ñà‚ñà‚ñà‚ñà‚ñà‚ñà‚ñà‚ñà‚ñà‚ñà‚ñà‚ñà‚ñà‚ñà‚ñà‚ñà‚ñà‚ñà‚ñà‚ñà‚ñà‚ñà‚ñà‚ñà‚ñà‚ñà‚ñà
Moving right is successful
‚ñà‚ñà‚ñà‚ñà‚ñà‚ñà‚ñà‚ñà‚ñà‚ñà‚ñà‚ñà‚ñà‚ñà‚ñà‚ñà‚ñà‚ñà‚ñà‚ñà‚ñà‚ñà‚ñà‚ñà‚ñà‚ñà‚ñà‚ñà
‚ñà‚ñà‚ñë‚ñë‚ñë‚ñë‚ñë‚ñë‚ñë‚ñë‚ñë‚ñë‚ñë‚ñë‚ñà‚ñà‚ñà‚ñà‚ñà‚ñà‚ñà‚ñà‚ñà‚ñà‚ñà‚ñà‚ñà‚ñà
‚ñà‚ñà‚ñë‚ñë‚ñë‚ñë‚ñë‚ñë‚ñë‚ñë‚ñë‚ñë‚ñë‚ñë‚ñà‚ñà‚ñà‚ñà‚ñà‚ñà‚ñë‚ñë‚ñë‚ñë‚ñë‚ñë‚ñà‚ñà
‚ñà‚ñà‚ñë‚ñë‚ñë‚ñë‚ñà‚ñà‚ñà‚ñà‚ñà‚ñà‚ñà‚ñà‚ñà‚ñà‚ñà‚ñà‚ñà‚ñà‚ñë‚ñë‚ñà‚ñà‚ñë‚ñë‚ñà‚ñà
‚ñà‚ñà‚ñë‚ñë‚ñë‚ñë‚ñà‚ñà‚ñë‚ñë‚ñë‚ñë‚ñë‚ñë‚ñë‚ñë‚ñë‚ñë‚ñà‚ñà‚ñë‚ñë‚ñà‚ñà‚ñë‚ñë‚ñà‚ñà
‚ñà‚ñà‚ñë‚ñë‚ñë‚ñë‚ñë‚ñëüßô‚Äç‚ñë‚ñë‚ñë‚ñë‚ñà‚ñà‚ñë‚ñë‚ñà‚ñà‚ñë‚ñë‚ñà‚ñà‚ñë‚ñë‚ñà‚ñà
‚ñà‚ñà‚ñà‚ñà‚ñà‚ñà‚ñà‚ñà‚ñà‚ñà‚ñë‚ñë‚ñë‚ñë‚ñà‚ñà‚ñë‚ñë‚ñà‚ñà‚ñë‚ñë‚ñà‚ñà‚ñë‚ñë‚ñà‚ñà
‚ñà‚ñà‚ñë‚ñë‚ñë‚ñë‚ñë‚ñë‚ñë‚ñë‚ñë‚ñë‚ñë‚ñë‚ñà‚ñà‚ñë‚ñë‚ñë‚ñë‚ñë‚ñë‚ñà‚ñà‚ñë‚ñë‚ñà‚ñà
‚ñà‚ñà‚ñà‚ñà‚ñà‚ñà‚ñà‚ñà‚ñà‚ñà‚ñà‚ñà‚ñà‚ñà‚ñà‚ñà‚ñà‚ñà‚ñà‚ñà‚ñà‚ñà‚ñà‚ñà‚ñà‚ñà‚ñà‚ñà
Moving left is successful
‚ñà‚ñà‚ñà‚ñà‚ñà‚ñà‚ñà‚ñà‚ñà‚ñà‚ñà‚ñà‚ñà‚ñà‚ñà‚ñà‚ñà‚ñà‚ñà‚ñà‚ñà‚ñà‚ñà‚ñà‚ñà‚ñà‚ñà‚ñà
‚ñà‚ñà‚ñë‚ñë‚ñë‚ñë‚ñë‚ñë‚ñë‚ñë‚ñë‚ñë‚ñë‚ñë‚ñà‚ñà‚ñà‚ñà‚ñà‚ñà‚ñà‚ñà‚ñà‚ñà‚ñà‚ñà‚ñà‚ñà
‚ñà‚ñà‚ñë‚ñë‚ñë‚ñë‚ñë‚ñë‚ñë‚ñë‚ñë‚ñë‚ñë‚ñë‚ñà‚ñà‚ñà‚ñà‚ñà‚ñà‚ñë‚ñë‚ñë‚ñë‚ñë‚ñë‚ñà‚ñà
‚ñà‚ñà‚ñë‚ñë‚ñë‚ñë‚ñà‚ñà‚ñà‚ñà‚ñà‚ñà‚ñà‚ñà‚ñà‚ñà‚ñà‚ñà‚ñà‚ñà‚ñë‚ñë‚ñà‚ñà‚ñë‚ñë‚ñà‚ñà
‚ñà‚ñà‚ñë‚ñë‚ñë‚ñë‚ñà‚ñà‚ñë‚ñë‚ñë‚ñë‚ñë‚ñë‚ñë‚ñë‚ñë‚ñë‚ñà‚ñà‚ñë‚ñë‚ñà‚ñà‚ñë‚ñë‚ñà‚ñà
‚ñà‚ñà‚ñë‚ñë‚ñë‚ñëüßô‚Äç‚ñë‚ñë‚ñë‚ñë‚ñë‚ñë‚ñà‚ñà‚ñë‚ñë‚ñà‚ñà‚ñë‚ñë‚ñà‚ñà‚ñë‚ñë‚ñà‚ñà
‚ñà‚ñà‚ñà‚ñà‚ñà‚ñà‚ñà‚ñà‚ñà‚ñà‚ñë‚ñë‚ñë‚ñë‚ñà‚ñà‚ñë‚ñë‚ñà‚ñà‚ñë‚ñë‚ñà‚ñà‚ñë‚ñë‚ñà‚ñà
‚ñà‚ñà‚ñë‚ñë‚ñë‚ñë‚ñë‚ñë‚ñë‚ñë‚ñë‚ñë‚ñë‚ñë‚ñà‚ñà‚ñë‚ñë‚ñë‚ñë‚ñë‚ñë‚ñà‚ñà‚ñë‚ñë‚ñà‚ñà
‚ñà‚ñà‚ñà‚ñà‚ñà‚ñà‚ñà‚ñà‚ñà‚ñà‚ñà‚ñà‚ñà‚ñà‚ñà‚ñà‚ñà‚ñà‚ñà‚ñà‚ñà‚ñà‚ñà‚ñà‚ñà‚ñà‚ñà‚ñà
Moving down is impossibru
‚ñà‚ñà‚ñà‚ñà‚ñà‚ñà‚ñà‚ñà‚ñà‚ñà‚ñà‚ñà‚ñà‚ñà‚ñà‚ñà‚ñà‚ñà‚ñà‚ñà‚ñà‚ñà‚ñà‚ñà‚ñà‚ñà‚ñà‚ñà
‚ñà‚ñà‚ñë‚ñë‚ñë‚ñë‚ñë‚ñë‚ñë‚ñë‚ñë‚ñë‚ñë‚ñë‚ñà‚ñà‚ñà‚ñà‚ñà‚ñà‚ñà‚ñà‚ñà‚ñà‚ñà‚ñà‚ñà‚ñà
‚ñà‚ñà‚ñë‚ñë‚ñë‚ñë‚ñë‚ñë‚ñë‚ñë‚ñë‚ñë‚ñë‚ñë‚ñà‚ñà‚ñà‚ñà‚ñà‚ñà‚ñë‚ñë‚ñë‚ñë‚ñë‚ñë‚ñà‚ñà
‚ñà‚ñà‚ñë‚ñë‚ñë‚ñë‚ñà‚ñà‚ñà‚ñà‚ñà‚ñà‚ñà‚ñà‚ñà‚ñà‚ñà‚ñà‚ñà‚ñà‚ñë‚ñë‚ñà‚ñà‚ñë‚ñë‚ñà‚ñà
‚ñà‚ñà‚ñë‚ñë‚ñë‚ñë‚ñà‚ñà‚ñë‚ñë‚ñë‚ñë‚ñë‚ñë‚ñë‚ñë‚ñë‚ñë‚ñà‚ñà‚ñë‚ñë‚ñà‚ñà‚ñë‚ñë‚ñà‚ñà
‚ñà‚ñà‚ñë‚ñë‚ñë‚ñëüßô‚Äç‚ñë‚ñë‚ñë‚ñë‚ñë‚ñë‚ñà‚ñà‚ñë‚ñë‚ñà‚ñà‚ñë‚ñë‚ñà‚ñà‚ñë‚ñë‚ñà‚ñà
‚ñà‚ñà‚ñà‚ñà‚ñà‚ñà‚ñà‚ñà‚ñà‚ñà‚ñë‚ñë‚ñë‚ñë‚ñà‚ñà‚ñë‚ñë‚ñà‚ñà‚ñë‚ñë‚ñà‚ñà‚ñë‚ñë‚ñà‚ñà
‚ñà‚ñà‚ñë‚ñë‚ñë‚ñë‚ñë‚ñë‚ñë‚ñë‚ñë‚ñë‚ñë‚ñë‚ñà‚ñà‚ñë‚ñë‚ñë‚ñë‚ñë‚ñë‚ñà‚ñà‚ñë‚ñë‚ñà‚ñà
‚ñà‚ñà‚ñà‚ñà‚ñà‚ñà‚ñà‚ñà‚ñà‚ñà‚ñà‚ñà‚ñà‚ñà‚ñà‚ñà‚ñà‚ñà‚ñà‚ñà‚ñà‚ñà‚ñà‚ñà‚ñà‚ñà‚ñà‚ñà
