â–ˆâ–ˆâ–ˆâ–ˆâ–ˆâ–ˆâ–ˆâ–ˆ
â–ˆâ–ˆðŸ§™â–‘â–‘â–‘â–‘
â–ˆâ–ˆâ–‘â–‘â–‘â–‘â–‘â–‘
â–ˆâ–ˆâ–‘â–‘â–‘â–‘â–ˆâ–ˆ
Moving right is successful
â–ˆâ–ˆâ–ˆâ–ˆâ–ˆâ–ˆâ–ˆâ–ˆâ–ˆâ–ˆ
â–ˆâ–ˆâ–‘â–‘ðŸ§™â–‘â–‘â–‘â–‘
â–ˆâ–ˆâ–‘â–‘â–‘â–‘â–‘â–‘â–‘â–‘
â–ˆâ–ˆâ–‘â–‘â–‘â–‘â–ˆâ–ˆâ–ˆâ–ˆ
Moving right is successful
â–ˆâ–ˆâ–ˆâ–ˆâ–ˆâ–ˆâ–ˆâ–ˆâ–ˆâ–ˆ
â–‘â–‘â–‘â–‘ðŸ§™â–‘â–‘â–‘â–‘
â–‘â–‘â–‘â–‘â–‘â–‘â–‘â–‘â–‘â–‘
â–‘â–‘â–‘â–‘â–ˆâ–ˆâ–ˆâ–ˆâ–ˆâ–ˆ
Moving down is successful
â–ˆâ–ˆâ–ˆâ–ˆâ–ˆâ–ˆâ–ˆâ–ˆâ–ˆâ–ˆ
â–‘â–‘â–‘â–‘â–‘â–‘â–‘â–‘â–‘â–‘
â–‘â–‘â–‘â–‘ðŸ§™â–‘â–‘â–‘â–‘
â–‘â–‘â–‘â–‘â–ˆâ–ˆâ–ˆâ–ˆâ–ˆâ–ˆ
â–‘â–‘â–‘â–‘â–ˆâ–ˆâ–‘â–‘â–‘â–‘
Moving left is successful
â–ˆâ–ˆâ–ˆâ–ˆâ–ˆâ–ˆâ–ˆâ–ˆâ–ˆâ–ˆ
â–ˆâ–ˆâ–‘â–‘â–‘â–‘â–‘â–‘â–‘â–‘
â–ˆâ–ˆâ–‘â–‘ðŸ§™â–‘â–‘â–‘â–‘
â–ˆâ–ˆâ–‘â–‘â–‘â–‘â–ˆâ–ˆâ–ˆâ–ˆ
â–ˆâ–ˆâ–‘â–‘â–‘â–‘â–ˆâ–ˆâ–‘â–‘
Moving down is successful
â–ˆâ–ˆâ–‘â–‘â–‘â–‘â–‘â–‘â–‘â–‘
â–ˆâ–ˆâ–‘â–‘â–‘â–‘â–‘â–‘â–‘â–‘
â–ˆâ–ˆâ–‘â–‘ðŸ§™â–ˆâ–ˆâ–ˆâ–ˆ
â–ˆâ–ˆâ–‘â–‘â–‘â–‘â–ˆâ–ˆâ–‘â–‘
â–ˆâ–ˆâ–‘â–‘â–‘â–‘â–‘â–‘â–‘â–‘
Moving right is impossibru
â–ˆâ–ˆâ–‘â–‘â–‘â–‘â–‘â–‘â–‘â–‘
â–ˆâ–ˆâ–‘â–‘â–‘â–‘â–‘â–‘â–‘â–‘
â–ˆâ–ˆâ–‘â–‘ðŸ§™â–ˆâ–ˆâ–ˆâ–ˆ
â–ˆâ–ˆâ–‘â–‘â–‘â–‘â–ˆâ–ˆâ–‘â–‘
â–ˆâ–ˆâ–‘â–‘â–‘â–‘â–‘â–‘â–‘â–‘
Moving left is successful
â–ˆâ–ˆâ–‘â–‘â–‘â–‘â–‘â–‘
â–ˆâ–ˆâ–‘â–‘â–‘â–‘â–‘â–‘
â–ˆâ–ˆðŸ§™â–‘â–‘â–ˆâ–ˆ
â–ˆâ–ˆâ–‘â–‘â–‘â–‘â–ˆâ–ˆ
â–ˆâ–ˆâ–‘â–‘â–‘â–‘â–‘â–‘
Moving down is successful
â–ˆâ–ˆâ–‘â–‘â–‘â–‘â–‘â–‘
â–ˆâ–ˆâ–‘â–‘â–‘â–‘â–ˆâ–ˆ
â–ˆâ–ˆðŸ§™â–‘â–‘â–ˆâ–ˆ
â–ˆâ–ˆâ–‘â–‘â–‘â–‘â–‘â–‘
â–ˆâ–ˆâ–ˆâ–ˆâ–ˆâ–ˆâ–ˆâ–ˆ
Moving down is successful
â–ˆâ–ˆâ–‘â–‘â–‘â–‘â–ˆâ–ˆ
â–ˆâ–ˆâ–‘â–‘â–‘â–‘â–ˆâ–ˆ
â–ˆâ–ˆðŸ§™â–‘â–‘â–‘â–‘
â–ˆâ–ˆâ–ˆâ–ˆâ–ˆâ–ˆâ–ˆâ–ˆ
â–ˆâ–ˆâ–‘â–‘â–‘â–‘â–‘â–‘
