[1892, 6296, 3624, 1800, 4488, 6284, 3388, 3036, 1800, 3920, 2876, 1800]
41204
