[1900, 3676, 3172, 1900, 1900, 4112, 1900, 2488, 1900, 1900, 1900, 2838]
29586
