[2807, 1747, 2164, 4201, 3224, 2905, 1226, 3159, 3065, 4059, 1965, 1172]
31694
