[3567, 5814, 7365, 1900, 6687, 2658, 2763, 4701, 7059, 6096, 2619, 4281]
55510
