[1630, 2445, 1570, 1500, 2780, 1500, 3160, 1835, 3140, 2030, 2770, 3075]
27435
