[4600, 3494, 3600, 1900, 4274, 1900, 3358, 3010, 1900, 2720, 4138, 1900]
36794
