[3552, 4587, 1000, 1000, 4848, 2322, 3484, 1000, 1000, 3995, 2717, 4555]
34060
