[3445, 3200, 3335, 3380, 3860, 2055, 5110, 1800, 2835, 3845, 1800, 2760]
37425
