[8070, 1900, 5432, 2866, 4157, 7767, 5977, 5123, 2665, 1900, 3406, 3419]
52682
