[1500, 1540, 1500, 2425, 2965, 1500, 3130, 1500, 2895, 1500, 1500, 3325]
25280
