[2600, 2525, 2935, 2285, 2585, 2710, 2140, 1605, 2315, 3090, 2700, 1535]
29025
