[3231, 1600, 2182, 1678, 1600, 2762, 1600, 2112, 1600, 2705, 2789, 2981]
26840
