[4659, 4002, 1300, 1300, 1859, 4332, 2979, 4413, 1300, 4082, 1901, 4422]
36549
