[1864, 2194, 3838, 1100, 4780, 3950, 2157, 1709, 1192, 1248, 3013, 2642]
29687
