[4870, 2670, 2130, 3375, 1700, 5390, 2165, 1700, 3520, 3710, 5935, 1850]
39015
