Run statistics:
 - Total distance: 25.32 km
 - Total time    : 2:09:54
 - Total time    : 2:09:36
 - Total ascent  : 356 m
 - Fastest 1k    : 4:03
