Run statistics:
 - Total distance: 31.97 km
 - Total time    : 2:48:36
 - Total time    : 2:48:11
 - Total ascent  : 457 m
 - Fastest 1k    : 4:12
