Run statistics:
 - Total distance: 18.23 km
 - Total time    : 1:35:00
 - Total time    : 1:34:44
 - Total ascent  : 249 m
 - Fastest 1k    : 4:05
