Run statistics:
 - Total distance: 29.44 km
 - Total time    : 3:58:34
 - Total time    : 3:58:08
 - Total ascent  : 649 m
 - Fastest 1k    : 6:26
