Run statistics:
 - Total distance: 23.81 km
 - Total time    : 1:57:16
 - Total time    : 1:56:58
 - Total ascent  : 315 m
 - Fastest 1k    : 4:02
