Run statistics:
 - Total distance: 44.81 km
 - Total time    : 3:50:07
 - Total time    : 3:49:33
 - Total ascent  : 633 m
 - Fastest 1k    : 3:41
