Run statistics:
 - Total distance: 20.98 km
 - Total time    : 1:52:03
 - Total time    : 1:51:53
 - Total ascent  : 294 m
 - Fastest 1k    : 4:11
