Run statistics:
 - Total distance: 15.19 km
 - Total time    : 2:04:44
 - Total time    : 2:04:30
 - Total ascent  : 334 m
 - Fastest 1k    : 6:53
