___ ___ _____ __ ____ ___.
ğŸ˜„ğŸ˜„ğŸ˜„ğŸ˜„ğŸ˜„ğŸ˜„ğŸ˜„ğŸ˜„ğŸ˜„ğŸ˜„
[]
Adja meg a kovetkezo betut: E
___ ___ _____ __ ____ ___.
ğŸ˜„ğŸ˜„ğŸ˜„ğŸ˜„ğŸ˜„ğŸ˜„ğŸ˜„ğŸ˜„ğŸ˜„ğŸ’€
['E']
Adja meg a kovetkezo betut: p
___ ___ _____ __ ____ ___.
ğŸ˜„ğŸ˜„ğŸ˜„ğŸ˜„ğŸ˜„ğŸ˜„ğŸ˜„ğŸ˜„ğŸ’€ğŸ’€
['E', 'p']
Adja meg a kovetkezo betut: z
___ ___ _____ __ ____ ___.
ğŸ˜„ğŸ˜„ğŸ˜„ğŸ˜„ğŸ˜„ğŸ˜„ğŸ˜„ğŸ’€ğŸ’€ğŸ’€
['E', 'p', 'z']
Adja meg a kovetkezo betut: u
___ ___ _____ __ ____ __u.
ğŸ˜„ğŸ˜„ğŸ˜„ğŸ˜„ğŸ˜„ğŸ˜„ğŸ˜„ğŸ’€ğŸ’€ğŸ’€
['E', 'p', 'z', 'u']
Adja meg a kovetkezo betut: U
___ ___ _____ __ ____ __u.
ğŸ˜„ğŸ˜„ğŸ˜„ğŸ˜„ğŸ˜„ğŸ˜„ğŸ’€ğŸ’€ğŸ’€ğŸ’€
['E', 'p', 'z', 'u', 'U']
Adja meg a kovetkezo betut: K
___ ___ _____ __ ____ __u.
ğŸ˜„ğŸ˜„ğŸ˜„ğŸ˜„ğŸ˜„ğŸ’€ğŸ’€ğŸ’€ğŸ’€ğŸ’€
['E', 'p', 'z', 'u', 'U', 'K']
Adja meg a kovetkezo betut: W
___ ___ _____ __ ____ __u.
ğŸ˜„ğŸ˜„ğŸ˜„ğŸ˜„ğŸ’€ğŸ’€ğŸ’€ğŸ’€ğŸ’€ğŸ’€
['E', 'p', 'z', 'u', 'U', 'K', 'W']
Adja meg a kovetkezo betut: a
_a_ ___ _____ __ ____ __u.
ğŸ˜„ğŸ˜„ğŸ˜„ğŸ˜„ğŸ’€ğŸ’€ğŸ’€ğŸ’€ğŸ’€ğŸ’€
['E', 'p', 'z', 'u', 'U', 'K', 'W', 'a']
Adja meg a kovetkezo betut: N
_a_ ___ _____ __ ____ __u.
ğŸ˜„ğŸ˜„ğŸ˜„ğŸ’€ğŸ’€ğŸ’€ğŸ’€ğŸ’€ğŸ’€ğŸ’€
['E', 'p', 'z', 'u', 'U', 'K', 'W', 'a', 'N']
Adja meg a kovetkezo betut: S
_a_ ___ _____ __ ____ __u.
ğŸ˜„ğŸ˜„ğŸ’€ğŸ’€ğŸ’€ğŸ’€ğŸ’€ğŸ’€ğŸ’€ğŸ’€
['E', 'p', 'z', 'u', 'U', 'K', 'W', 'a', 'N', 'S']
Adja meg a kovetkezo betut: E
_a_ ___ _____ __ ____ __u.
ğŸ˜„ğŸ’€ğŸ’€ğŸ’€ğŸ’€ğŸ’€ğŸ’€ğŸ’€ğŸ’€ğŸ’€
['E', 'p', 'z', 'u', 'U', 'K', 'W', 'a', 'N', 'S', 'E']
Adja meg a kovetkezo betut: y
_ay ___ _____ __ ____ y_u.
ğŸ˜„ğŸ’€ğŸ’€ğŸ’€ğŸ’€ğŸ’€ğŸ’€ğŸ’€ğŸ’€ğŸ’€
['E', 'p', 'z', 'u', 'U', 'K', 'W', 'a', 'N', 'S', 'E', 'y']
Adja meg a kovetkezo betut: g
Sajnalom, nem nyertel, ez lett volna a megoldas: May the force be with you.
