____ __ ____!
ğŸ˜„ğŸ˜„ğŸ˜„ğŸ˜„ğŸ˜„ğŸ˜„ğŸ˜„ğŸ˜„ğŸ˜„ğŸ˜„ğŸ˜„ğŸ˜„ğŸ˜„ğŸ˜„ğŸ˜„
[]
Adja meg a kovetkezo betut: b
____ b_ b___!
ğŸ˜„ğŸ˜„ğŸ˜„ğŸ˜„ğŸ˜„ğŸ˜„ğŸ˜„ğŸ˜„ğŸ˜„ğŸ˜„ğŸ˜„ğŸ˜„ğŸ˜„ğŸ˜„ğŸ˜„
['b']
Adja meg a kovetkezo betut: h
____ b_ b___!
ğŸ˜„ğŸ˜„ğŸ˜„ğŸ˜„ğŸ˜„ğŸ˜„ğŸ˜„ğŸ˜„ğŸ˜„ğŸ˜„ğŸ˜„ğŸ˜„ğŸ˜„ğŸ˜„ğŸ’€
['b', 'h']
Adja meg a kovetkezo betut: k
____ b_ b__k!
ğŸ˜„ğŸ˜„ğŸ˜„ğŸ˜„ğŸ˜„ğŸ˜„ğŸ˜„ğŸ˜„ğŸ˜„ğŸ˜„ğŸ˜„ğŸ˜„ğŸ˜„ğŸ˜„ğŸ’€
['b', 'h', 'k']
Adja meg a kovetkezo betut: I
I___ b_ b__k!
ğŸ˜„ğŸ˜„ğŸ˜„ğŸ˜„ğŸ˜„ğŸ˜„ğŸ˜„ğŸ˜„ğŸ˜„ğŸ˜„ğŸ˜„ğŸ˜„ğŸ˜„ğŸ˜„ğŸ’€
['b', 'h', 'k', 'I']
Adja meg a kovetkezo betut: b
I___ b_ b__k!
ğŸ˜„ğŸ˜„ğŸ˜„ğŸ˜„ğŸ˜„ğŸ˜„ğŸ˜„ğŸ˜„ğŸ˜„ğŸ˜„ğŸ˜„ğŸ˜„ğŸ˜„ğŸ˜„ğŸ’€
['b', 'h', 'k', 'I', 'b']
Adja meg a kovetkezo betut: y
I___ b_ b__k!
ğŸ˜„ğŸ˜„ğŸ˜„ğŸ˜„ğŸ˜„ğŸ˜„ğŸ˜„ğŸ˜„ğŸ˜„ğŸ˜„ğŸ˜„ğŸ˜„ğŸ˜„ğŸ’€ğŸ’€
['b', 'h', 'k', 'I', 'b', 'y']
Adja meg a kovetkezo betut: D
I___ b_ b__k!
ğŸ˜„ğŸ˜„ğŸ˜„ğŸ˜„ğŸ˜„ğŸ˜„ğŸ˜„ğŸ˜„ğŸ˜„ğŸ˜„ğŸ˜„ğŸ˜„ğŸ’€ğŸ’€ğŸ’€
['b', 'h', 'k', 'I', 'b', 'y', 'D']
Adja meg a kovetkezo betut: t
I___ b_ b__k!
ğŸ˜„ğŸ˜„ğŸ˜„ğŸ˜„ğŸ˜„ğŸ˜„ğŸ˜„ğŸ˜„ğŸ˜„ğŸ˜„ğŸ˜„ğŸ’€ğŸ’€ğŸ’€ğŸ’€
['b', 'h', 'k', 'I', 'b', 'y', 'D', 't']
Adja meg a kovetkezo betut: j
I___ b_ b__k!
ğŸ˜„ğŸ˜„ğŸ˜„ğŸ˜„ğŸ˜„ğŸ˜„ğŸ˜„ğŸ˜„ğŸ˜„ğŸ˜„ğŸ’€ğŸ’€ğŸ’€ğŸ’€ğŸ’€
['b', 'h', 'k', 'I', 'b', 'y', 'D', 't', 'j']
Adja meg a kovetkezo betut: i
I___ b_ b__k!
ğŸ˜„ğŸ˜„ğŸ˜„ğŸ˜„ğŸ˜„ğŸ˜„ğŸ˜„ğŸ˜„ğŸ˜„ğŸ’€ğŸ’€ğŸ’€ğŸ’€ğŸ’€ğŸ’€
['b', 'h', 'k', 'I', 'b', 'y', 'D', 't', 'j', 'i']
Adja meg a kovetkezo betut: s
I___ b_ b__k!
ğŸ˜„ğŸ˜„ğŸ˜„ğŸ˜„ğŸ˜„ğŸ˜„ğŸ˜„ğŸ˜„ğŸ’€ğŸ’€ğŸ’€ğŸ’€ğŸ’€ğŸ’€ğŸ’€
['b', 'h', 'k', 'I', 'b', 'y', 'D', 't', 'j', 'i', 's']
Adja meg a kovetkezo betut: F
I___ b_ b__k!
ğŸ˜„ğŸ˜„ğŸ˜„ğŸ˜„ğŸ˜„ğŸ˜„ğŸ˜„ğŸ’€ğŸ’€ğŸ’€ğŸ’€ğŸ’€ğŸ’€ğŸ’€ğŸ’€
['b', 'h', 'k', 'I', 'b', 'y', 'D', 't', 'j', 'i', 's', 'F']
Adja meg a kovetkezo betut: D
I___ b_ b__k!
ğŸ˜„ğŸ˜„ğŸ˜„ğŸ˜„ğŸ˜„ğŸ˜„ğŸ’€ğŸ’€ğŸ’€ğŸ’€ğŸ’€ğŸ’€ğŸ’€ğŸ’€ğŸ’€
['b', 'h', 'k', 'I', 'b', 'y', 'D', 't', 'j', 'i', 's', 'F', 'D']
Adja meg a kovetkezo betut: I
I___ b_ b__k!
ğŸ˜„ğŸ˜„ğŸ˜„ğŸ˜„ğŸ˜„ğŸ˜„ğŸ’€ğŸ’€ğŸ’€ğŸ’€ğŸ’€ğŸ’€ğŸ’€ğŸ’€ğŸ’€
['b', 'h', 'k', 'I', 'b', 'y', 'D', 't', 'j', 'i', 's', 'F', 'D', 'I']
Adja meg a kovetkezo betut: t
I___ b_ b__k!
ğŸ˜„ğŸ˜„ğŸ˜„ğŸ˜„ğŸ˜„ğŸ’€ğŸ’€ğŸ’€ğŸ’€ğŸ’€ğŸ’€ğŸ’€ğŸ’€ğŸ’€ğŸ’€
['b', 'h', 'k', 'I', 'b', 'y', 'D', 't', 'j', 'i', 's', 'F', 'D', 'I', 't']
Adja meg a kovetkezo betut: I
I___ b_ b__k!
ğŸ˜„ğŸ˜„ğŸ˜„ğŸ˜„ğŸ˜„ğŸ’€ğŸ’€ğŸ’€ğŸ’€ğŸ’€ğŸ’€ğŸ’€ğŸ’€ğŸ’€ğŸ’€
['b', 'h', 'k', 'I', 'b', 'y', 'D', 't', 'j', 'i', 's', 'F', 'D', 'I', 't', 'I']
Adja meg a kovetkezo betut: i
I___ b_ b__k!
ğŸ˜„ğŸ˜„ğŸ˜„ğŸ˜„ğŸ’€ğŸ’€ğŸ’€ğŸ’€ğŸ’€ğŸ’€ğŸ’€ğŸ’€ğŸ’€ğŸ’€ğŸ’€
['b', 'h', 'k', 'I', 'b', 'y', 'D', 't', 'j', 'i', 's', 'F', 'D', 'I', 't', 'I', 'i']
Adja meg a kovetkezo betut: z
I___ b_ b__k!
ğŸ˜„ğŸ˜„ğŸ˜„ğŸ’€ğŸ’€ğŸ’€ğŸ’€ğŸ’€ğŸ’€ğŸ’€ğŸ’€ğŸ’€ğŸ’€ğŸ’€ğŸ’€
['b', 'h', 'k', 'I', 'b', 'y', 'D', 't', 'j', 'i', 's', 'F', 'D', 'I', 't', 'I', 'i', 'z']
Adja meg a kovetkezo betut: Z
I___ b_ b__k!
ğŸ˜„ğŸ˜„ğŸ’€ğŸ’€ğŸ’€ğŸ’€ğŸ’€ğŸ’€ğŸ’€ğŸ’€ğŸ’€ğŸ’€ğŸ’€ğŸ’€ğŸ’€
['b', 'h', 'k', 'I', 'b', 'y', 'D', 't', 'j', 'i', 's', 'F', 'D', 'I', 't', 'I', 'i', 'z', 'Z']
Adja meg a kovetkezo betut: D
I___ b_ b__k!
ğŸ˜„ğŸ’€ğŸ’€ğŸ’€ğŸ’€ğŸ’€ğŸ’€ğŸ’€ğŸ’€ğŸ’€ğŸ’€ğŸ’€ğŸ’€ğŸ’€ğŸ’€
['b', 'h', 'k', 'I', 'b', 'y', 'D', 't', 'j', 'i', 's', 'F', 'D', 'I', 't', 'I', 'i', 'z', 'Z', 'D']
Adja meg a kovetkezo betut: U
Sajnalom, nem nyertel, ez lett volna a megoldas: I'll be back!
