_____? _____ __ ___ _____, __ _____ ____ _____!
ğŸ˜„ğŸ˜„ğŸ˜„ğŸ˜„ğŸ˜„ğŸ˜„ğŸ˜„ğŸ˜„ğŸ˜„ğŸ˜„ğŸ˜„ğŸ˜„ğŸ˜„ğŸ˜„ğŸ˜„ğŸ˜„ğŸ˜„ğŸ˜„ğŸ˜„
[]
Adja meg a kovetkezo betut: d
___d_? _____ __ ___ _____, __ d____ ___d ___d_!
ğŸ˜„ğŸ˜„ğŸ˜„ğŸ˜„ğŸ˜„ğŸ˜„ğŸ˜„ğŸ˜„ğŸ˜„ğŸ˜„ğŸ˜„ğŸ˜„ğŸ˜„ğŸ˜„ğŸ˜„ğŸ˜„ğŸ˜„ğŸ˜„ğŸ˜„
['d']
Adja meg a kovetkezo betut: K
___d_? _____ __ ___ _____, __ d____ ___d ___d_!
ğŸ˜„ğŸ˜„ğŸ˜„ğŸ˜„ğŸ˜„ğŸ˜„ğŸ˜„ğŸ˜„ğŸ˜„ğŸ˜„ğŸ˜„ğŸ˜„ğŸ˜„ğŸ˜„ğŸ˜„ğŸ˜„ğŸ˜„ğŸ˜„ğŸ’€
['d', 'K']
Adja meg a kovetkezo betut: A
___d_? _____ __ ___ _____, __ d____ ___d ___d_!
ğŸ˜„ğŸ˜„ğŸ˜„ğŸ˜„ğŸ˜„ğŸ˜„ğŸ˜„ğŸ˜„ğŸ˜„ğŸ˜„ğŸ˜„ğŸ˜„ğŸ˜„ğŸ˜„ğŸ˜„ğŸ˜„ğŸ˜„ğŸ’€ğŸ’€
['d', 'K', 'A']
Adja meg a kovetkezo betut: B
___d_? _____ __ ___ _____, __ d____ ___d ___d_!
ğŸ˜„ğŸ˜„ğŸ˜„ğŸ˜„ğŸ˜„ğŸ˜„ğŸ˜„ğŸ˜„ğŸ˜„ğŸ˜„ğŸ˜„ğŸ˜„ğŸ˜„ğŸ˜„ğŸ˜„ğŸ˜„ğŸ’€ğŸ’€ğŸ’€
['d', 'K', 'A', 'B']
Adja meg a kovetkezo betut: G
___d_? _____ __ ___ _____, __ d____ ___d ___d_!
ğŸ˜„ğŸ˜„ğŸ˜„ğŸ˜„ğŸ˜„ğŸ˜„ğŸ˜„ğŸ˜„ğŸ˜„ğŸ˜„ğŸ˜„ğŸ˜„ğŸ˜„ğŸ˜„ğŸ˜„ğŸ’€ğŸ’€ğŸ’€ğŸ’€
['d', 'K', 'A', 'B', 'G']
Adja meg a kovetkezo betut: s
___ds? _____ __ ___ _____, __ d____ ___d ___ds!
ğŸ˜„ğŸ˜„ğŸ˜„ğŸ˜„ğŸ˜„ğŸ˜„ğŸ˜„ğŸ˜„ğŸ˜„ğŸ˜„ğŸ˜„ğŸ˜„ğŸ˜„ğŸ˜„ğŸ˜„ğŸ’€ğŸ’€ğŸ’€ğŸ’€
['d', 'K', 'A', 'B', 'G', 's']
Adja meg a kovetkezo betut: U
___ds? _____ __ ___ _____, __ d____ ___d ___ds!
ğŸ˜„ğŸ˜„ğŸ˜„ğŸ˜„ğŸ˜„ğŸ˜„ğŸ˜„ğŸ˜„ğŸ˜„ğŸ˜„ğŸ˜„ğŸ˜„ğŸ˜„ğŸ˜„ğŸ’€ğŸ’€ğŸ’€ğŸ’€ğŸ’€
['d', 'K', 'A', 'B', 'G', 's', 'U']
Adja meg a kovetkezo betut: w
___ds? _____ w_ ___ _____, w_ d____ ___d ___ds!
ğŸ˜„ğŸ˜„ğŸ˜„ğŸ˜„ğŸ˜„ğŸ˜„ğŸ˜„ğŸ˜„ğŸ˜„ğŸ˜„ğŸ˜„ğŸ˜„ğŸ˜„ğŸ˜„ğŸ’€ğŸ’€ğŸ’€ğŸ’€ğŸ’€
['d', 'K', 'A', 'B', 'G', 's', 'U', 'w']
Adja meg a kovetkezo betut: S
___ds? _____ w_ ___ _____, w_ d____ ___d ___ds!
ğŸ˜„ğŸ˜„ğŸ˜„ğŸ˜„ğŸ˜„ğŸ˜„ğŸ˜„ğŸ˜„ğŸ˜„ğŸ˜„ğŸ˜„ğŸ˜„ğŸ˜„ğŸ’€ğŸ’€ğŸ’€ğŸ’€ğŸ’€ğŸ’€
['d', 'K', 'A', 'B', 'G', 's', 'U', 'w', 'S']
Adja meg a kovetkezo betut: b
___ds? _____ w_ ___ _____, w_ d____ ___d ___ds!
ğŸ˜„ğŸ˜„ğŸ˜„ğŸ˜„ğŸ˜„ğŸ˜„ğŸ˜„ğŸ˜„ğŸ˜„ğŸ˜„ğŸ˜„ğŸ˜„ğŸ’€ğŸ’€ğŸ’€ğŸ’€ğŸ’€ğŸ’€ğŸ’€
['d', 'K', 'A', 'B', 'G', 's', 'U', 'w', 'S', 'b']
Adja meg a kovetkezo betut: I
___ds? _____ w_ ___ _____, w_ d____ ___d ___ds!
ğŸ˜„ğŸ˜„ğŸ˜„ğŸ˜„ğŸ˜„ğŸ˜„ğŸ˜„ğŸ˜„ğŸ˜„ğŸ˜„ğŸ˜„ğŸ’€ğŸ’€ğŸ’€ğŸ’€ğŸ’€ğŸ’€ğŸ’€ğŸ’€
['d', 'K', 'A', 'B', 'G', 's', 'U', 'w', 'S', 'b', 'I']
Adja meg a kovetkezo betut: q
___ds? _____ w_ ___ _____, w_ d____ ___d ___ds!
ğŸ˜„ğŸ˜„ğŸ˜„ğŸ˜„ğŸ˜„ğŸ˜„ğŸ˜„ğŸ˜„ğŸ˜„ğŸ˜„ğŸ’€ğŸ’€ğŸ’€ğŸ’€ğŸ’€ğŸ’€ğŸ’€ğŸ’€ğŸ’€
['d', 'K', 'A', 'B', 'G', 's', 'U', 'w', 'S', 'b', 'I', 'q']
Adja meg a kovetkezo betut: V
___ds? _____ w_ ___ _____, w_ d____ ___d ___ds!
ğŸ˜„ğŸ˜„ğŸ˜„ğŸ˜„ğŸ˜„ğŸ˜„ğŸ˜„ğŸ˜„ğŸ˜„ğŸ’€ğŸ’€ğŸ’€ğŸ’€ğŸ’€ğŸ’€ğŸ’€ğŸ’€ğŸ’€ğŸ’€
['d', 'K', 'A', 'B', 'G', 's', 'U', 'w', 'S', 'b', 'I', 'q', 'V']
Adja meg a kovetkezo betut: u
___ds? _____ w_ ___ _____, w_ d____ ___d ___ds!
ğŸ˜„ğŸ˜„ğŸ˜„ğŸ˜„ğŸ˜„ğŸ˜„ğŸ˜„ğŸ˜„ğŸ’€ğŸ’€ğŸ’€ğŸ’€ğŸ’€ğŸ’€ğŸ’€ğŸ’€ğŸ’€ğŸ’€ğŸ’€
['d', 'K', 'A', 'B', 'G', 's', 'U', 'w', 'S', 'b', 'I', 'q', 'V', 'u']
Adja meg a kovetkezo betut: l
___ds? _____ w_ ___ _____, w_ d____ ___d ___ds!
ğŸ˜„ğŸ˜„ğŸ˜„ğŸ˜„ğŸ˜„ğŸ˜„ğŸ˜„ğŸ’€ğŸ’€ğŸ’€ğŸ’€ğŸ’€ğŸ’€ğŸ’€ğŸ’€ğŸ’€ğŸ’€ğŸ’€ğŸ’€
['d', 'K', 'A', 'B', 'G', 's', 'U', 'w', 'S', 'b', 'I', 'q', 'V', 'u', 'l']
Adja meg a kovetkezo betut: z
___ds? _____ w_ ___ _____, w_ d____ ___d ___ds!
ğŸ˜„ğŸ˜„ğŸ˜„ğŸ˜„ğŸ˜„ğŸ˜„ğŸ’€ğŸ’€ğŸ’€ğŸ’€ğŸ’€ğŸ’€ğŸ’€ğŸ’€ğŸ’€ğŸ’€ğŸ’€ğŸ’€ğŸ’€
['d', 'K', 'A', 'B', 'G', 's', 'U', 'w', 'S', 'b', 'I', 'q', 'V', 'u', 'l', 'z']
Adja meg a kovetkezo betut: q
___ds? _____ w_ ___ _____, w_ d____ ___d ___ds!
ğŸ˜„ğŸ˜„ğŸ˜„ğŸ˜„ğŸ˜„ğŸ’€ğŸ’€ğŸ’€ğŸ’€ğŸ’€ğŸ’€ğŸ’€ğŸ’€ğŸ’€ğŸ’€ğŸ’€ğŸ’€ğŸ’€ğŸ’€
['d', 'K', 'A', 'B', 'G', 's', 'U', 'w', 'S', 'b', 'I', 'q', 'V', 'u', 'l', 'z', 'q']
Adja meg a kovetkezo betut: E
___ds? _____ w_ ___ _____, w_ d____ ___d ___ds!
ğŸ˜„ğŸ˜„ğŸ˜„ğŸ˜„ğŸ’€ğŸ’€ğŸ’€ğŸ’€ğŸ’€ğŸ’€ğŸ’€ğŸ’€ğŸ’€ğŸ’€ğŸ’€ğŸ’€ğŸ’€ğŸ’€ğŸ’€
['d', 'K', 'A', 'B', 'G', 's', 'U', 'w', 'S', 'b', 'I', 'q', 'V', 'u', 'l', 'z', 'q', 'E']
Adja meg a kovetkezo betut: c
___ds? _____ w_ ___ _____, w_ d____ ___d ___ds!
ğŸ˜„ğŸ˜„ğŸ˜„ğŸ’€ğŸ’€ğŸ’€ğŸ’€ğŸ’€ğŸ’€ğŸ’€ğŸ’€ğŸ’€ğŸ’€ğŸ’€ğŸ’€ğŸ’€ğŸ’€ğŸ’€ğŸ’€
['d', 'K', 'A', 'B', 'G', 's', 'U', 'w', 'S', 'b', 'I', 'q', 'V', 'u', 'l', 'z', 'q', 'E', 'c']
Adja meg a kovetkezo betut: Y
___ds? _____ w_ ___ _____, w_ d____ ___d ___ds!
ğŸ˜„ğŸ˜„ğŸ’€ğŸ’€ğŸ’€ğŸ’€ğŸ’€ğŸ’€ğŸ’€ğŸ’€ğŸ’€ğŸ’€ğŸ’€ğŸ’€ğŸ’€ğŸ’€ğŸ’€ğŸ’€ğŸ’€
['d', 'K', 'A', 'B', 'G', 's', 'U', 'w', 'S', 'b', 'I', 'q', 'V', 'u', 'l', 'z', 'q', 'E', 'c', 'Y']
Adja meg a kovetkezo betut: V
___ds? _____ w_ ___ _____, w_ d____ ___d ___ds!
ğŸ˜„ğŸ’€ğŸ’€ğŸ’€ğŸ’€ğŸ’€ğŸ’€ğŸ’€ğŸ’€ğŸ’€ğŸ’€ğŸ’€ğŸ’€ğŸ’€ğŸ’€ğŸ’€ğŸ’€ğŸ’€ğŸ’€
['d', 'K', 'A', 'B', 'G', 's', 'U', 'w', 'S', 'b', 'I', 'q', 'V', 'u', 'l', 'z', 'q', 'E', 'c', 'Y', 'V']
Adja meg a kovetkezo betut: q
Sajnalom, nem nyertel, ez lett volna a megoldas: Roads? Where we are going, we don't need roads!
