______ ______
ğŸ˜„ğŸ˜„ğŸ˜„ğŸ˜„ğŸ˜„ğŸ˜„ğŸ˜„ğŸ˜„ğŸ˜„ğŸ˜„ğŸ˜„ğŸ˜„ğŸ˜„
[]
Adja meg a kovetkezo betut: g
______ ______
ğŸ˜„ğŸ˜„ğŸ˜„ğŸ˜„ğŸ˜„ğŸ˜„ğŸ˜„ğŸ˜„ğŸ˜„ğŸ˜„ğŸ˜„ğŸ˜„ğŸ’€
['g']
Adja meg a kovetkezo betut: B
______ ______
ğŸ˜„ğŸ˜„ğŸ˜„ğŸ˜„ğŸ˜„ğŸ˜„ğŸ˜„ğŸ˜„ğŸ˜„ğŸ˜„ğŸ˜„ğŸ’€ğŸ’€
['g', 'B']
Adja meg a kovetkezo betut: H
H_____ ______
ğŸ˜„ğŸ˜„ğŸ˜„ğŸ˜„ğŸ˜„ğŸ˜„ğŸ˜„ğŸ˜„ğŸ˜„ğŸ˜„ğŸ˜„ğŸ’€ğŸ’€
['g', 'B', 'H']
Adja meg a kovetkezo betut: d
H_____ ______
ğŸ˜„ğŸ˜„ğŸ˜„ğŸ˜„ğŸ˜„ğŸ˜„ğŸ˜„ğŸ˜„ğŸ˜„ğŸ˜„ğŸ’€ğŸ’€ğŸ’€
['g', 'B', 'H', 'd']
Adja meg a kovetkezo betut: E
H_____ ______
ğŸ˜„ğŸ˜„ğŸ˜„ğŸ˜„ğŸ˜„ğŸ˜„ğŸ˜„ğŸ˜„ğŸ˜„ğŸ’€ğŸ’€ğŸ’€ğŸ’€
['g', 'B', 'H', 'd', 'E']
Adja meg a kovetkezo betut: n
H___n_ ______
ğŸ˜„ğŸ˜„ğŸ˜„ğŸ˜„ğŸ˜„ğŸ˜„ğŸ˜„ğŸ˜„ğŸ˜„ğŸ’€ğŸ’€ğŸ’€ğŸ’€
['g', 'B', 'H', 'd', 'E', 'n']
Adja meg a kovetkezo betut: I
H___n_ ______
ğŸ˜„ğŸ˜„ğŸ˜„ğŸ˜„ğŸ˜„ğŸ˜„ğŸ˜„ğŸ˜„ğŸ’€ğŸ’€ğŸ’€ğŸ’€ğŸ’€
['g', 'B', 'H', 'd', 'E', 'n', 'I']
Adja meg a kovetkezo betut: y
H___n_ ______
ğŸ˜„ğŸ˜„ğŸ˜„ğŸ˜„ğŸ˜„ğŸ˜„ğŸ˜„ğŸ’€ğŸ’€ğŸ’€ğŸ’€ğŸ’€ğŸ’€
['g', 'B', 'H', 'd', 'E', 'n', 'I', 'y']
Adja meg a kovetkezo betut: X
H___n_ ______
ğŸ˜„ğŸ˜„ğŸ˜„ğŸ˜„ğŸ˜„ğŸ˜„ğŸ’€ğŸ’€ğŸ’€ğŸ’€ğŸ’€ğŸ’€ğŸ’€
['g', 'B', 'H', 'd', 'E', 'n', 'I', 'y', 'X']
Adja meg a kovetkezo betut: N
H___n_ ______
ğŸ˜„ğŸ˜„ğŸ˜„ğŸ˜„ğŸ˜„ğŸ’€ğŸ’€ğŸ’€ğŸ’€ğŸ’€ğŸ’€ğŸ’€ğŸ’€
['g', 'B', 'H', 'd', 'E', 'n', 'I', 'y', 'X', 'N']
Adja meg a kovetkezo betut: n
H___n_ ______
ğŸ˜„ğŸ˜„ğŸ˜„ğŸ˜„ğŸ˜„ğŸ’€ğŸ’€ğŸ’€ğŸ’€ğŸ’€ğŸ’€ğŸ’€ğŸ’€
['g', 'B', 'H', 'd', 'E', 'n', 'I', 'y', 'X', 'N', 'n']
Adja meg a kovetkezo betut: M
H___n_ M_____
ğŸ˜„ğŸ˜„ğŸ˜„ğŸ˜„ğŸ˜„ğŸ’€ğŸ’€ğŸ’€ğŸ’€ğŸ’€ğŸ’€ğŸ’€ğŸ’€
['g', 'B', 'H', 'd', 'E', 'n', 'I', 'y', 'X', 'N', 'n', 'M']
Adja meg a kovetkezo betut: n
H___n_ M_____
ğŸ˜„ğŸ˜„ğŸ˜„ğŸ˜„ğŸ˜„ğŸ’€ğŸ’€ğŸ’€ğŸ’€ğŸ’€ğŸ’€ğŸ’€ğŸ’€
['g', 'B', 'H', 'd', 'E', 'n', 'I', 'y', 'X', 'N', 'n', 'M', 'n']
Adja meg a kovetkezo betut: j
H___n_ M_____
ğŸ˜„ğŸ˜„ğŸ˜„ğŸ˜„ğŸ’€ğŸ’€ğŸ’€ğŸ’€ğŸ’€ğŸ’€ğŸ’€ğŸ’€ğŸ’€
['g', 'B', 'H', 'd', 'E', 'n', 'I', 'y', 'X', 'N', 'n', 'M', 'n', 'j']
Adja meg a kovetkezo betut: E
H___n_ M_____
ğŸ˜„ğŸ˜„ğŸ˜„ğŸ’€ğŸ’€ğŸ’€ğŸ’€ğŸ’€ğŸ’€ğŸ’€ğŸ’€ğŸ’€ğŸ’€
['g', 'B', 'H', 'd', 'E', 'n', 'I', 'y', 'X', 'N', 'n', 'M', 'n', 'j', 'E']
Adja meg a kovetkezo betut: t
H___n_ M_t_t_
ğŸ˜„ğŸ˜„ğŸ˜„ğŸ’€ğŸ’€ğŸ’€ğŸ’€ğŸ’€ğŸ’€ğŸ’€ğŸ’€ğŸ’€ğŸ’€
['g', 'B', 'H', 'd', 'E', 'n', 'I', 'y', 'X', 'N', 'n', 'M', 'n', 'j', 'E', 't']
Adja meg a kovetkezo betut: A
H___n_ M_t_t_
ğŸ˜„ğŸ˜„ğŸ’€ğŸ’€ğŸ’€ğŸ’€ğŸ’€ğŸ’€ğŸ’€ğŸ’€ğŸ’€ğŸ’€ğŸ’€
['g', 'B', 'H', 'd', 'E', 'n', 'I', 'y', 'X', 'N', 'n', 'M', 'n', 'j', 'E', 't', 'A']
Adja meg a kovetkezo betut: d
H___n_ M_t_t_
ğŸ˜„ğŸ’€ğŸ’€ğŸ’€ğŸ’€ğŸ’€ğŸ’€ğŸ’€ğŸ’€ğŸ’€ğŸ’€ğŸ’€ğŸ’€
['g', 'B', 'H', 'd', 'E', 'n', 'I', 'y', 'X', 'N', 'n', 'M', 'n', 'j', 'E', 't', 'A', 'd']
Adja meg a kovetkezo betut: N
Sajnalom, nem nyertel, ez lett volna a megoldas: Hakuna Matata
