_ ______ ____ ___!
ğŸ˜„ğŸ˜„ğŸ˜„ğŸ˜„ğŸ˜„ğŸ˜„ğŸ˜„ğŸ˜„ğŸ˜„ğŸ˜„ğŸ˜„ğŸ˜„ğŸ˜„
[]
Adja meg a kovetkezo betut: Y
_ ______ ____ ___!
ğŸ˜„ğŸ˜„ğŸ˜„ğŸ˜„ğŸ˜„ğŸ˜„ğŸ˜„ğŸ˜„ğŸ˜„ğŸ˜„ğŸ˜„ğŸ˜„ğŸ’€
['Y']
Adja meg a kovetkezo betut: d
_ d_____ d___ ___!
ğŸ˜„ğŸ˜„ğŸ˜„ğŸ˜„ğŸ˜„ğŸ˜„ğŸ˜„ğŸ˜„ğŸ˜„ğŸ˜„ğŸ˜„ğŸ˜„ğŸ’€
['Y', 'd']
Adja meg a kovetkezo betut: j
_ d_____ d___ ___!
ğŸ˜„ğŸ˜„ğŸ˜„ğŸ˜„ğŸ˜„ğŸ˜„ğŸ˜„ğŸ˜„ğŸ˜„ğŸ˜„ğŸ˜„ğŸ’€ğŸ’€
['Y', 'd', 'j']
Adja meg a kovetkezo betut: b
_ d__b__ d___ ___!
ğŸ˜„ğŸ˜„ğŸ˜„ğŸ˜„ğŸ˜„ğŸ˜„ğŸ˜„ğŸ˜„ğŸ˜„ğŸ˜„ğŸ˜„ğŸ’€ğŸ’€
['Y', 'd', 'j', 'b']
Adja meg a kovetkezo betut: x
_ d__b__ d___ ___!
ğŸ˜„ğŸ˜„ğŸ˜„ğŸ˜„ğŸ˜„ğŸ˜„ğŸ˜„ğŸ˜„ğŸ˜„ğŸ˜„ğŸ’€ğŸ’€ğŸ’€
['Y', 'd', 'j', 'b', 'x']
Adja meg a kovetkezo betut: L
_ d__b__ d___ ___!
ğŸ˜„ğŸ˜„ğŸ˜„ğŸ˜„ğŸ˜„ğŸ˜„ğŸ˜„ğŸ˜„ğŸ˜„ğŸ’€ğŸ’€ğŸ’€ğŸ’€
['Y', 'd', 'j', 'b', 'x', 'L']
Adja meg a kovetkezo betut: b
_ d__b__ d___ ___!
ğŸ˜„ğŸ˜„ğŸ˜„ğŸ˜„ğŸ˜„ğŸ˜„ğŸ˜„ğŸ˜„ğŸ˜„ğŸ’€ğŸ’€ğŸ’€ğŸ’€
['Y', 'd', 'j', 'b', 'x', 'L', 'b']
Adja meg a kovetkezo betut: I
I d__b__ d___ ___!
ğŸ˜„ğŸ˜„ğŸ˜„ğŸ˜„ğŸ˜„ğŸ˜„ğŸ˜„ğŸ˜„ğŸ˜„ğŸ’€ğŸ’€ğŸ’€ğŸ’€
['Y', 'd', 'j', 'b', 'x', 'L', 'b', 'I']
Adja meg a kovetkezo betut: M
I d__b__ d___ ___!
ğŸ˜„ğŸ˜„ğŸ˜„ğŸ˜„ğŸ˜„ğŸ˜„ğŸ˜„ğŸ˜„ğŸ’€ğŸ’€ğŸ’€ğŸ’€ğŸ’€
['Y', 'd', 'j', 'b', 'x', 'L', 'b', 'I', 'M']
Adja meg a kovetkezo betut: k
I d__b__ d___ ___!
ğŸ˜„ğŸ˜„ğŸ˜„ğŸ˜„ğŸ˜„ğŸ˜„ğŸ˜„ğŸ’€ğŸ’€ğŸ’€ğŸ’€ğŸ’€ğŸ’€
['Y', 'd', 'j', 'b', 'x', 'L', 'b', 'I', 'M', 'k']
Adja meg a kovetkezo betut: I
I d__b__ d___ ___!
ğŸ˜„ğŸ˜„ğŸ˜„ğŸ˜„ğŸ˜„ğŸ˜„ğŸ˜„ğŸ’€ğŸ’€ğŸ’€ğŸ’€ğŸ’€ğŸ’€
['Y', 'd', 'j', 'b', 'x', 'L', 'b', 'I', 'M', 'k', 'I']
Adja meg a kovetkezo betut: M
I d__b__ d___ ___!
ğŸ˜„ğŸ˜„ğŸ˜„ğŸ˜„ğŸ˜„ğŸ˜„ğŸ’€ğŸ’€ğŸ’€ğŸ’€ğŸ’€ğŸ’€ğŸ’€
['Y', 'd', 'j', 'b', 'x', 'L', 'b', 'I', 'M', 'k', 'I', 'M']
Adja meg a kovetkezo betut: m
I d__b__ d___ ___!
ğŸ˜„ğŸ˜„ğŸ˜„ğŸ˜„ğŸ˜„ğŸ’€ğŸ’€ğŸ’€ğŸ’€ğŸ’€ğŸ’€ğŸ’€ğŸ’€
['Y', 'd', 'j', 'b', 'x', 'L', 'b', 'I', 'M', 'k', 'I', 'M', 'm']
Adja meg a kovetkezo betut: d
I d__b__ d___ ___!
ğŸ˜„ğŸ˜„ğŸ˜„ğŸ˜„ğŸ˜„ğŸ’€ğŸ’€ğŸ’€ğŸ’€ğŸ’€ğŸ’€ğŸ’€ğŸ’€
['Y', 'd', 'j', 'b', 'x', 'L', 'b', 'I', 'M', 'k', 'I', 'M', 'm', 'd']
Adja meg a kovetkezo betut: F
I d__b__ d___ ___!
ğŸ˜„ğŸ˜„ğŸ˜„ğŸ˜„ğŸ’€ğŸ’€ğŸ’€ğŸ’€ğŸ’€ğŸ’€ğŸ’€ğŸ’€ğŸ’€
['Y', 'd', 'j', 'b', 'x', 'L', 'b', 'I', 'M', 'k', 'I', 'M', 'm', 'd', 'F']
Adja meg a kovetkezo betut: J
I d__b__ d___ ___!
ğŸ˜„ğŸ˜„ğŸ˜„ğŸ’€ğŸ’€ğŸ’€ğŸ’€ğŸ’€ğŸ’€ğŸ’€ğŸ’€ğŸ’€ğŸ’€
['Y', 'd', 'j', 'b', 'x', 'L', 'b', 'I', 'M', 'k', 'I', 'M', 'm', 'd', 'F', 'J']
Adja meg a kovetkezo betut: q
I d__b__ d___ ___!
ğŸ˜„ğŸ˜„ğŸ’€ğŸ’€ğŸ’€ğŸ’€ğŸ’€ğŸ’€ğŸ’€ğŸ’€ğŸ’€ğŸ’€ğŸ’€
['Y', 'd', 'j', 'b', 'x', 'L', 'b', 'I', 'M', 'k', 'I', 'M', 'm', 'd', 'F', 'J', 'q']
Adja meg a kovetkezo betut: p
I d__b__ d___ ___!
ğŸ˜„ğŸ’€ğŸ’€ğŸ’€ğŸ’€ğŸ’€ğŸ’€ğŸ’€ğŸ’€ğŸ’€ğŸ’€ğŸ’€ğŸ’€
['Y', 'd', 'j', 'b', 'x', 'L', 'b', 'I', 'M', 'k', 'I', 'M', 'm', 'd', 'F', 'J', 'q', 'p']
Adja meg a kovetkezo betut: G
Sajnalom, nem nyertel, ez lett volna a megoldas: I double dare you!
