_______, ____ __ ___ __________... __ __, __. ______?
ğŸ˜„ğŸ˜„ğŸ˜„ğŸ˜„ğŸ˜„ğŸ˜„ğŸ˜„ğŸ˜„ğŸ˜„
[]
Adja meg a kovetkezo betut: R
_______, ____ __ ___ __________... __ __, __. ______?
ğŸ˜„ğŸ˜„ğŸ˜„ğŸ˜„ğŸ˜„ğŸ˜„ğŸ˜„ğŸ˜„ğŸ’€
['R']
Adja meg a kovetkezo betut: H
_______, ____ __ ___ __________... __ __, __. ______?
ğŸ˜„ğŸ˜„ğŸ˜„ğŸ˜„ğŸ˜„ğŸ˜„ğŸ˜„ğŸ’€ğŸ’€
['R', 'H']
Adja meg a kovetkezo betut: V
_______, ____ __ ___ __________... __ __, __. ______?
ğŸ˜„ğŸ˜„ğŸ˜„ğŸ˜„ğŸ˜„ğŸ˜„ğŸ’€ğŸ’€ğŸ’€
['R', 'H', 'V']
Adja meg a kovetkezo betut: b
_______, ____ __ ___ __________... __ __, __. ______?
ğŸ˜„ğŸ˜„ğŸ˜„ğŸ˜„ğŸ˜„ğŸ’€ğŸ’€ğŸ’€ğŸ’€
['R', 'H', 'V', 'b']
Adja meg a kovetkezo betut: E
_______, ____ __ ___ __________... __ __, __. ______?
ğŸ˜„ğŸ˜„ğŸ˜„ğŸ˜„ğŸ’€ğŸ’€ğŸ’€ğŸ’€ğŸ’€
['R', 'H', 'V', 'b', 'E']
Adja meg a kovetkezo betut: A
_______, ____ __ ___ __________... __ __, __. ______?
ğŸ˜„ğŸ˜„ğŸ˜„ğŸ’€ğŸ’€ğŸ’€ğŸ’€ğŸ’€ğŸ’€
['R', 'H', 'V', 'b', 'E', 'A']
Adja meg a kovetkezo betut: K
_______, ____ __ ___ __________... __ __, __. ______?
ğŸ˜„ğŸ˜„ğŸ’€ğŸ’€ğŸ’€ğŸ’€ğŸ’€ğŸ’€ğŸ’€
['R', 'H', 'V', 'b', 'E', 'A', 'K']
Adja meg a kovetkezo betut: m
_______, __m_ __ ___ __________... __ __, __. ______?
ğŸ˜„ğŸ˜„ğŸ’€ğŸ’€ğŸ’€ğŸ’€ğŸ’€ğŸ’€ğŸ’€
['R', 'H', 'V', 'b', 'E', 'A', 'K', 'm']
Adja meg a kovetkezo betut: E
_______, __m_ __ ___ __________... __ __, __. ______?
ğŸ˜„ğŸ’€ğŸ’€ğŸ’€ğŸ’€ğŸ’€ğŸ’€ğŸ’€ğŸ’€
['R', 'H', 'V', 'b', 'E', 'A', 'K', 'm', 'E']
Adja meg a kovetkezo betut: m
_______, __m_ __ ___ __________... __ __, __. ______?
ğŸ˜„ğŸ’€ğŸ’€ğŸ’€ğŸ’€ğŸ’€ğŸ’€ğŸ’€ğŸ’€
['R', 'H', 'V', 'b', 'E', 'A', 'K', 'm', 'E', 'm']
Adja meg a kovetkezo betut: a
___a___, _am_ __ ___ __________... __ __, __. ______?
ğŸ˜„ğŸ’€ğŸ’€ğŸ’€ğŸ’€ğŸ’€ğŸ’€ğŸ’€ğŸ’€
['R', 'H', 'V', 'b', 'E', 'A', 'K', 'm', 'E', 'm', 'a']
Adja meg a kovetkezo betut: t
___a___, _am_ __ __t _____t____... __ _t, __. __tt__?
ğŸ˜„ğŸ’€ğŸ’€ğŸ’€ğŸ’€ğŸ’€ğŸ’€ğŸ’€ğŸ’€
['R', 'H', 'V', 'b', 'E', 'A', 'K', 'm', 'E', 'm', 'a', 't']
Adja meg a kovetkezo betut: Y
Sajnalom, nem nyertel, ez lett volna a megoldas: Clearly, fame is not everything... is it, Mr. Potter?
