___ ___ __ __!
ğŸ˜„ğŸ˜„ğŸ˜„ğŸ˜„ğŸ˜„
[]
Adja meg a kovetkezo betut: e
___ ___ __ __!
ğŸ˜„ğŸ˜„ğŸ˜„ğŸ˜„ğŸ’€
['e']
Adja meg a kovetkezo betut: O
___ ___ __ __!
ğŸ˜„ğŸ˜„ğŸ˜„ğŸ’€ğŸ’€
['e', 'O']
Adja meg a kovetkezo betut: J
___ ___ __ __!
ğŸ˜„ğŸ˜„ğŸ’€ğŸ’€ğŸ’€
['e', 'O', 'J']
Adja meg a kovetkezo betut: h
___ ___ __ __!
ğŸ˜„ğŸ’€ğŸ’€ğŸ’€ğŸ’€
['e', 'O', 'J', 'h']
Adja meg a kovetkezo betut: s
Sajnalom, nem nyertel, ez lett volna a megoldas: You can do it!
