[84, 23, 65, 76, 47, 55, 5, 6, 22, 25, 51, 72, 31, 12]
